Component: ARM Compiler 6.16 Tool: armlink [5dfeaa00]

==============================================================================

Section Cross References

    startup_fm33lg0xx.o(STACK) refers (Special) to heapauxi.o(.text) for __use_two_region_memory
    startup_fm33lg0xx.o(HEAP) refers (Special) to heapauxi.o(.text) for __use_two_region_memory
    startup_fm33lg0xx.o(RESET) refers (Special) to heapauxi.o(.text) for __use_two_region_memory
    startup_fm33lg0xx.o(RESET) refers to startup_fm33lg0xx.o(STACK) for __initial_sp
    startup_fm33lg0xx.o(RESET) refers to startup_fm33lg0xx.o(.text) for Reset_Handler
    startup_fm33lg0xx.o(RESET) refers to interrupt.o(.text.RTC_IRQHandler) for RTC_IRQHandler
    startup_fm33lg0xx.o(RESET) refers to interrupt.o(.text.LPUARTx_IRQHandler) for LPUARTx_IRQHandler
    startup_fm33lg0xx.o(RESET) refers to interrupt.o(.text.LPTIM_IRQHandler) for LPTIM_IRQHandler
    startup_fm33lg0xx.o(RESET) refers to interrupt.o(.text.GPIO_IRQHandler) for GPIO_IRQHandler
    startup_fm33lg0xx.o(.text) refers (Special) to heapauxi.o(.text) for __use_two_region_memory
    startup_fm33lg0xx.o(.text) refers to system_fm33lg0xx.o(.text.SystemInit) for SystemInit
    startup_fm33lg0xx.o(.text) refers to __main.o(!!!main) for __main
    startup_fm33lg0xx.o(.text) refers to startup_fm33lg0xx.o(HEAP) for Heap_Mem
    startup_fm33lg0xx.o(.text) refers to startup_fm33lg0xx.o(STACK) for Stack_Mem
    mf_config.o(.text.MF_GPIO_Init) refers to fm33lg0xx_fl_gpio.o(.text.FL_GPIO_Init) for FL_GPIO_Init
    mf_config.o(.text.MF_GPIO_Init) refers to mf_config.o(.text.FL_GPIO_SetOutputPin) for FL_GPIO_SetOutputPin
    mf_config.o(.ARM.exidx.text.MF_GPIO_Init) refers to mf_config.o(.text.MF_GPIO_Init) for [Anonymous Symbol]
    mf_config.o(.ARM.exidx.text.FL_GPIO_SetOutputPin) refers to mf_config.o(.text.FL_GPIO_SetOutputPin) for [Anonymous Symbol]
    mf_config.o(.text.MF_CMU_XTLF_Init) refers to fm33lg0xx_fl_vao.o(.text.FL_VAO_XTLF_Init) for FL_VAO_XTLF_Init
    mf_config.o(.ARM.exidx.text.MF_CMU_XTLF_Init) refers to mf_config.o(.text.MF_CMU_XTLF_Init) for [Anonymous Symbol]
    mf_config.o(.text.MF_IWDT_Init) refers to fm33lg0xx_fl_iwdt.o(.text.FL_IWDT_Init) for FL_IWDT_Init
    mf_config.o(.ARM.exidx.text.MF_IWDT_Init) refers to mf_config.o(.text.MF_IWDT_Init) for [Anonymous Symbol]
    mf_config.o(.text.MF_PMU_Init) refers to fm33lg0xx_fl_pmu.o(.text.FL_PMU_Sleep_Init) for FL_PMU_Sleep_Init
    mf_config.o(.ARM.exidx.text.MF_PMU_Init) refers to mf_config.o(.text.MF_PMU_Init) for [Anonymous Symbol]
    mf_config.o(.text.MF_ADC_Common_Init) refers to fm33lg0xx_fl_adc.o(.text.FL_ADC_CommonInit) for FL_ADC_CommonInit
    mf_config.o(.ARM.exidx.text.MF_ADC_Common_Init) refers to mf_config.o(.text.MF_ADC_Common_Init) for [Anonymous Symbol]
    mf_config.o(.text.MF_ADC_Sampling_Init) refers to fm33lg0xx_fl_gpio.o(.text.FL_GPIO_Init) for FL_GPIO_Init
    mf_config.o(.text.MF_ADC_Sampling_Init) refers to fm33lg0xx_fl_adc.o(.text.FL_ADC_Init) for FL_ADC_Init
    mf_config.o(.text.MF_ADC_Sampling_Init) refers to mf_config.o(.text.FL_ADC_EnableSequencerChannel) for FL_ADC_EnableSequencerChannel
    mf_config.o(.ARM.exidx.text.MF_ADC_Sampling_Init) refers to mf_config.o(.text.MF_ADC_Sampling_Init) for [Anonymous Symbol]
    mf_config.o(.ARM.exidx.text.FL_ADC_EnableSequencerChannel) refers to mf_config.o(.text.FL_ADC_EnableSequencerChannel) for [Anonymous Symbol]
    mf_config.o(.text.MF_EXTI_Common_Init) refers to fm33lg0xx_fl_exti.o(.text.FL_EXTI_CommonInit) for FL_EXTI_CommonInit
    mf_config.o(.ARM.exidx.text.MF_EXTI_Common_Init) refers to mf_config.o(.text.MF_EXTI_Common_Init) for [Anonymous Symbol]
    mf_config.o(.text.MF_EXTI_Line1_Init) refers to fm33lg0xx_fl_gpio.o(.text.FL_GPIO_Init) for FL_GPIO_Init
    mf_config.o(.text.MF_EXTI_Line1_Init) refers to fm33lg0xx_fl_exti.o(.text.FL_EXTI_Init) for FL_EXTI_Init
    mf_config.o(.ARM.exidx.text.MF_EXTI_Line1_Init) refers to mf_config.o(.text.MF_EXTI_Line1_Init) for [Anonymous Symbol]
    mf_config.o(.text.MF_EXTI_Line2_Init) refers to fm33lg0xx_fl_gpio.o(.text.FL_GPIO_Init) for FL_GPIO_Init
    mf_config.o(.text.MF_EXTI_Line2_Init) refers to fm33lg0xx_fl_exti.o(.text.FL_EXTI_Init) for FL_EXTI_Init
    mf_config.o(.ARM.exidx.text.MF_EXTI_Line2_Init) refers to mf_config.o(.text.MF_EXTI_Line2_Init) for [Anonymous Symbol]
    mf_config.o(.text.MF_EXTI_Line3_Init) refers to fm33lg0xx_fl_gpio.o(.text.FL_GPIO_Init) for FL_GPIO_Init
    mf_config.o(.text.MF_EXTI_Line3_Init) refers to fm33lg0xx_fl_exti.o(.text.FL_EXTI_Init) for FL_EXTI_Init
    mf_config.o(.ARM.exidx.text.MF_EXTI_Line3_Init) refers to mf_config.o(.text.MF_EXTI_Line3_Init) for [Anonymous Symbol]
    mf_config.o(.text.MF_EXTI_Line5_Init) refers to fm33lg0xx_fl_gpio.o(.text.FL_GPIO_Init) for FL_GPIO_Init
    mf_config.o(.text.MF_EXTI_Line5_Init) refers to fm33lg0xx_fl_exti.o(.text.FL_EXTI_Init) for FL_EXTI_Init
[...]
    __user_perproc_libspace                  0x00001429   Thumb Code     0  libspace.o(.text)
    __user_perthread_libspace                0x00001429   Thumb Code     0  libspace.o(.text)
    __user_setup_stackheap                   0x00001431   Thumb Code    62  sys_stackheap_outer.o(.text)
    exit                                     0x0000146f   Thumb Code    16  exit.o(.text)
    __fpl_cmpreturn                          0x0000147f   Thumb Code    46  cmpret.o(.text)
    __fpl_dcheck_NaN2                        0x000014ad   Thumb Code    14  dnan2.o(.text)
    __fpl_fcheck_NaN2                        0x000014c1   Thumb Code    10  fnan2.o(.text)
    __fpl_return_NaN                         0x000014d1   Thumb Code    94  retnan.o(.text)
    _sys_exit                                0x00001531   Thumb Code     8  sys_exit.o(.text)
    __I$use$semihosting                      0x0000153d   Thumb Code     0  use_no_semi.o(.text)
    __use_no_semihosting_swi                 0x0000153d   Thumb Code     2  use_no_semi.o(.text)
    ADCDataProcess                           0x0000153f   Thumb Code    22  getsensors.o(.text.ADCDataProcess)
    __semihosting_library_function           0x0000153f   Thumb Code     0  indicate_semi.o(.text)
    CRC_Modbus                               0x00001555   Thumb Code   144  control.o(.text.CRC_Modbus)
    CloseTask                                0x000015ed   Thumb Code    76  control.o(.text.CloseTask)
    ConfigWirlessModule                      0x0000163d   Thumb Code   208  lora.o(.text.ConfigWirlessModule)
    DeInitPeripheral                         0x0000171d   Thumb Code    40  control.o(.text.DeInitPeripheral)
    DevDeInit                                0x00001749   Thumb Code    16  control.o(.text.DevDeInit)
    DevInit                                  0x00001759   Thumb Code    88  control.o(.text.DevInit)
    DisablePeripheral                        0x000017b5   Thumb Code    60  control.o(.text.DisablePeripheral)
    DryXKalParaInit                          0x000017f5   Thumb Code    40  kalman.o(.text.DryXKalParaInit)
    DryYKalParaInit                          0x00001829   Thumb Code    40  kalman.o(.text.DryYKalParaInit)
    DryZKalParaInit                          0x0000185d   Thumb Code    40  kalman.o(.text.DryZKalParaInit)
    EnPeripheral                             0x000018a1   Thumb Code   128  control.o(.text.EnPeripheral)
    FL_ADC_CommonInit                        0x00001955   Thumb Code   520  fm33lg0xx_fl_adc.o(.text.FL_ADC_CommonInit)
    FL_ADC_DeInit                            0x00001b61   Thumb Code    88  fm33lg0xx_fl_adc.o(.text.FL_ADC_DeInit)
    FL_ADC_Init                              0x00001d19   Thumb Code  1012  fm33lg0xx_fl_adc.o(.text.FL_ADC_Init)
    FL_DelayEnd                              0x00002649   Thumb Code    12  fm33lg0xx_fl.o(.text.FL_DelayEnd)
    FL_DelayInit                             0x00002655   Thumb Code    20  fm33lg0xx_fl.o(.text.FL_DelayInit)
    FL_DelayMs                               0x00002669   Thumb Code    34  fm33lg0xx_fl.o(.text.FL_DelayMs)
    FL_DelayMsStart                          0x0000268b   Thumb Code    22  fm33lg0xx_fl.o(.text.FL_DelayMsStart)
    FL_DelayUs                               0x000026a1   Thumb Code    88  fm33lg0xx_fl.o(.text.FL_DelayUs)
    FL_DelayUsStart                          0x000026fd   Thumb Code    72  fm33lg0xx_fl.o(.text.FL_DelayUsStart)
    FL_EXTI_CommonInit                       0x00002751   Thumb Code    86  fm33lg0xx_fl_exti.o(.text.FL_EXTI_CommonInit)
    FL_EXTI_Init                             0x000027a9   Thumb Code   640  fm33lg0xx_fl_exti.o(.text.FL_EXTI_Init)
    FL_GPIO_Init                             0x00002bf5   Thumb Code   636  fm33lg0xx_fl_gpio.o(.text.FL_GPIO_Init)
    FL_Init                                  0x000032d5   Thumb Code     8  fm33lg0xx_fl.o(.text.FL_Init)
    FL_LPTIM32_Init                          0x00003355   Thumb Code   744  fm33lg0xx_fl_lptim32.o(.text.FL_LPTIM32_Init)
    FL_LPUART_DeInit                         0x000037d1   Thumb Code   256  fm33lg0xx_fl_lpuart.o(.text.FL_LPUART_DeInit)
    FL_LPUART_Init                           0x000039b1   Thumb Code   880  fm33lg0xx_fl_lpuart.o(.text.FL_LPUART_Init)
    FL_NVIC_Init                             0x00003e61   Thumb Code    68  fm33lg0xx_fl.o(.text.FL_NVIC_Init)
    FL_PMU_Sleep_Init                        0x00003f55   Thumb Code   396  fm33lg0xx_fl_pmu.o(.text.FL_PMU_Sleep_Init)
    FL_RTCA_ConfigTime                       0x00004311   Thumb Code    96  fm33lg0xx_fl_rtca.o(.text.FL_RTCA_ConfigTime)
    FL_RTCA_DeInit                           0x00004371   Thumb Code   104  fm33lg0xx_fl_rtca.o(.text.FL_RTCA_DeInit)
    FL_RTCA_Init                             0x00004411   Thumb Code    48  fm33lg0xx_fl_rtca.o(.text.FL_RTCA_Init)
    FL_SPI_DeInit                            0x000045a9   Thumb Code   228  fm33lg0xx_fl_spi.o(.text.FL_SPI_DeInit)
    FL_SPI_Init                              0x000046fd   Thumb Code   652  fm33lg0xx_fl_spi.o(.text.FL_SPI_Init)
    FL_VAO_XTLF_Init                         0x00004ab1   Thumb Code   440  fm33lg0xx_fl_vao.o(.text.FL_VAO_XTLF_Init)
    FlagStatusClear                          0x00004d11   Thumb Code    22  control.o(.text.FlagStatusClear)
    FlagStatusIs                             0x00004d27   Thumb Code    28  control.o(.text.FlagStatusIs)
    FlagStatusSet                            0x00004d43   Thumb Code    22  control.o(.text.FlagStatusSet)
    GD25Q16_Read                             0x00004d59   Thumb Code    64  gd25q_driver.o(.text.GD25Q16_Read)
    GD25QXX_Erase_Sector                     0x00004d9d   Thumb Code    80  gd25q_driver.o(.text.GD25QXX_Erase_Sector)
    GD25QXX_Write                            0x00004ded   Thumb Code   324  gd25q_driver.o(.text.GD25QXX_Write)
    GD25QXX_Write_NoCheck                    0x00004f3d   Thumb Code   142  gd25q_driver.o(.text.GD25QXX_Write_NoCheck)
    GD25_Sleep                               0x00004fcd   Thumb Code    20  gd25q_driver.o(.text.GD25_Sleep)
    GD25_Wakeup                              0x00004fe1   Thumb Code    20  gd25q_driver.o(.text.GD25_Wakeup)
    GPIO_IRQHandler                          0x00004ff9   Thumb Code   480  interrupt.o(.text.GPIO_IRQHandler)
    GetAcc                                   0x000051f9   Thumb Code    20  imu.o(.text.GetAcc)
    GetBatVol                                0x00005211   Thumb Code    68  getsensors.o(.text.GetBatVol)
    GetDryrate0                              0x00005269   Thumb Code  1272  imu.o(.text.GetDryrate0)
    GetGry                                   0x000057cd   Thumb Code    20  imu.o(.text.GetGry)
    GetGsense                                0x000057e1   Thumb Code   580  imu.o(.text.GetGsense)
    GetRFChan                                0x00005a75   Thumb Code   100  lora.o(.text.GetRFChan)
    GetRef                                   0x00005ae1   Thumb Code    44  getsensors.o(.text.GetRef)
    GetVoltage                               0x00005bc5   Thumb Code    36  getsensors.o(.text.GetVoltage)
    HAL_UART_Transmit                        0x00005bf1   Thumb Code   136  user_uart.o(.text.HAL_UART_Transmit)
    HexToBcd                                 0x00005c79   Thumb Code    38  control.o(.text.HexToBcd)
    KalmanInit                               0x00005c9f   Thumb Code    16  kalman.o(.text.KalmanInit)
    LPTIM_IRQHandler                         0x00005cb1   Thumb Code   364  interrupt.o(.text.LPTIM_IRQHandler)
    LPUARTx_IRQHandler                       0x00005e35   Thumb Code   260  interrupt.o(.text.LPUARTx_IRQHandler)
    LoraRxPrce                               0x00005f4d   Thumb Code   136  lora.o(.text.LoraRxPrce)
    MF_ADC_Common_Init                       0x00005fd9   Thumb Code    26  mf_config.o(.text.MF_ADC_Common_Init)
    MF_ADC_Sampling_Init                     0x00005ff5   Thumb Code   100  mf_config.o(.text.MF_ADC_Sampling_Init)
    MF_CMU_XTLF_Init                         0x0000605d   Thumb Code    24  mf_config.o(.text.MF_CMU_XTLF_Init)
    MF_Clock_Init                            0x00006075   Thumb Code   176  mf_config.o(.text.MF_Clock_Init)
    MF_Config_Init                           0x0000613d   Thumb Code    84  mf_config.o(.text.MF_Config_Init)
    MF_EXTI_Common_Init                      0x00006191   Thumb Code    18  mf_config.o(.text.MF_EXTI_Common_Init)
    MF_EXTI_Line1_Init                       0x000061a5   Thumb Code    52  mf_config.o(.text.MF_EXTI_Line1_Init)
    MF_EXTI_Line2_Init                       0x000061d9   Thumb Code    52  mf_config.o(.text.MF_EXTI_Line2_Init)
    MF_EXTI_Line3_Init                       0x0000620d   Thumb Code    56  mf_config.o(.text.MF_EXTI_Line3_Init)
    MF_GPIO_Init                             0x00006245   Thumb Code   184  mf_config.o(.text.MF_GPIO_Init)
    MF_LPTIM32_Interrupt_Init                0x000062fd   Thumb Code    24  mf_config.o(.text.MF_LPTIM32_Interrupt_Init)
    MF_LPTIM32_TimerBase_Init                0x00006315   Thumb Code    40  mf_config.o(.text.MF_LPTIM32_TimerBase_Init)
    MF_LPUART0_Init                          0x00006345   Thumb Code    96  mf_config.o(.text.MF_LPUART0_Init)
    MF_LPUART0_Interrupt_Init                0x000063a9   Thumb Code    24  mf_config.o(.text.MF_LPUART0_Interrupt_Init)
    MF_LPUART2_Init                          0x000063c5   Thumb Code    92  mf_config.o(.text.MF_LPUART2_Init)
    MF_LPUART2_Interrupt_Init                0x00006421   Thumb Code    24  mf_config.o(.text.MF_LPUART2_Interrupt_Init)
    MF_NVIC_Init                             0x0000643d   Thumb Code    60  mf_config.o(.text.MF_NVIC_Init)
    MF_PMU_Init                              0x00006479   Thumb Code    40  mf_config.o(.text.MF_PMU_Init)
    MF_PowerUp_Config_Init                   0x000064a5   Thumb Code    68  mf_config.o(.text.MF_PowerUp_Config_Init)
    MF_RTCA_Init                             0x000064ed   Thumb Code    40  mf_config.o(.text.MF_RTCA_Init)
    MF_RTCA_Interrupt_Init                   0x00006515   Thumb Code    24  mf_config.o(.text.MF_RTCA_Interrupt_Init)
    MF_SPI0_Init                             0x00006531   Thumb Code   128  mf_config.o(.text.MF_SPI0_Init)
    MF_SPI2_Init                             0x000065b9   Thumb Code   136  mf_config.o(.text.MF_SPI2_Init)
    MF_SWD_IO_Init                           0x00006649   Thumb Code    72  mf_config.o(.text.MF_SWD_IO_Init)
    ModeSet                                  0x00006695   Thumb Code   132  lora.o(.text.ModeSet)
    OpenTask                                 0x00006829   Thumb Code    52  control.o(.text.OpenTask)
    ProcessPktUID                            0x00006861   Thumb Code   172  rs485comm.o(.text.ProcessPktUID)
    RTC_IRQHandler                           0x00006911   Thumb Code   112  interrupt.o(.text.RTC_IRQHandler)
    ReadDevPara                              0x0000698d   Thumb Code    38  control.o(.text.ReadDevPara)
    RestoreDevPara                           0x000069b5   Thumb Code    28  control.o(.text.RestoreDevPara)
    SPI_FLASH_Write_Enable                   0x000069d5   Thumb Code    20  gd25q_driver.o(.text.SPI_FLASH_Write_Enable)
    SPI_Flash_Read                           0x000069e9   Thumb Code   116  gd25q_driver.o(.text.SPI_Flash_Read)
    SPI_Flash_ReadSR                         0x00006a5d   Thumb Code    52  gd25q_driver.o(.text.SPI_Flash_ReadSR)
    SPI_Flash_Wait_Busy                      0x00006a91   Thumb Code    20  gd25q_driver.o(.text.SPI_Flash_Wait_Busy)
    SPI_Flash_Write_Page                     0x00006aa5   Thumb Code   124  gd25q_driver.o(.text.SPI_Flash_Write_Page)
    SPIx_ReadWriteByte                       0x00006b25   Thumb Code   108  gd25q_driver.o(.text.SPIx_ReadWriteByte)
    SetSerialNo                              0x00006b91   Thumb Code    36  control.o(.text.SetSerialNo)
    StoreData                                0x00006bb5   Thumb Code    60  flashdata.o(.text.StoreData)
    SysSleep                                 0x00006bf9   Thumb Code   220  control.o(.text.SysSleep)
    SystemCoreClockUpdate                    0x00006ce5   Thumb Code   348  system_fm33lg0xx.o(.text.SystemCoreClockUpdate)
    SystemInit                               0x00006e4d   Thumb Code   232  system_fm33lg0xx.o(.text.SystemInit)
    TransmitData                             0x000070a1   Thumb Code    28  lora.o(.text.TransmitData)
    UIDProcess                               0x000070c1   Thumb Code    88  rs485comm.o(.text.UIDProcess)
    UID_En_Decrypt                           0x00007125   Thumb Code    82  control.o(.text.UID_En_Decrypt)
    UID_ReadFlash                            0x00007177   Thumb Code    28  control.o(.text.UID_ReadFlash)
    UID_ReadMCU                              0x00007195   Thumb Code    52  control.o(.text.UID_ReadMCU)
    UID_WriteFlash                           0x000071cd   Thumb Code    28  control.o(.text.UID_WriteFlash)
    Update_Lora                              0x000071e9   Thumb Code   504  lora.o(.text.Update_Lora)
    WritePktFlash                            0x000073f9   Thumb Code    14  gd25q_driver.o(.text.WritePktFlash)
    cd                                       0x00007409   Thumb Code    16  gd25q_driver.o(.text.cd)
    cs                                       0x00007419   Thumb Code    16  gd25q_driver.o(.text.cs)
    lsm6dsmActInit                           0x0000742d   Thumb Code   244  imu.o(.text.lsm6dsmActInit)
    lsm6dsmDeInit                            0x00007525   Thumb Code    44  imu.o(.text.lsm6dsmDeInit)
    lsm6dsmHiInit                            0x00007551   Thumb Code   204  imu.o(.text.lsm6dsmHiInit)
    lsm6dsm_acceleration_raw_get             0x00007625   Thumb Code    88  lsm6dsm_reg.o(.text.lsm6dsm_acceleration_raw_get)
    lsm6dsm_act_mode_set                     0x0000767d   Thumb Code    72  lsm6dsm_reg.o(.text.lsm6dsm_act_mode_set)
    lsm6dsm_act_sleep_dur_set                0x000076c5   Thumb Code    72  lsm6dsm_reg.o(.text.lsm6dsm_act_sleep_dur_set)
    lsm6dsm_all_sources_get                  0x0000770d   Thumb Code   252  lsm6dsm_reg.o(.text.lsm6dsm_all_sources_get)
    lsm6dsm_angular_rate_raw_get             0x0000780d   Thumb Code    88  lsm6dsm_reg.o(.text.lsm6dsm_angular_rate_raw_get)
    lsm6dsm_device_id_get                    0x00007865   Thumb Code    28  lsm6dsm_reg.o(.text.lsm6dsm_device_id_get)
    lsm6dsm_from_1000dps_to_dps              0x00007881   Thumb Code    28  lsm6dsm_reg.o(.text.lsm6dsm_from_1000dps_to_dps)
    lsm6dsm_from_fs2g_to_mg                  0x000078a1   Thumb Code    28  lsm6dsm_reg.o(.text.lsm6dsm_from_fs2g_to_mg)
    lsm6dsm_gy_data_rate_set                 0x000078c1   Thumb Code    68  lsm6dsm_reg.o(.text.lsm6dsm_gy_data_rate_set)
    lsm6dsm_gy_full_scale_set                0x00007909   Thumb Code    72  lsm6dsm_reg.o(.text.lsm6dsm_gy_full_scale_set)
    lsm6dsm_gy_power_mode_set                0x00007955   Thumb Code    68  lsm6dsm_reg.o(.text.lsm6dsm_gy_power_mode_set)
    lsm6dsm_mem_bank_set                     0x00007999   Thumb Code    68  lsm6dsm_reg.o(.text.lsm6dsm_mem_bank_set)
    lsm6dsm_pin_int1_route_get               0x000079e1   Thumb Code   436  lsm6dsm_reg.o(.text.lsm6dsm_pin_int1_route_get)
    lsm6dsm_pin_int1_route_set               0x00007b99   Thumb Code   756  lsm6dsm_reg.o(.text.lsm6dsm_pin_int1_route_set)
    lsm6dsm_pin_int2_route_get               0x00007e91   Thumb Code   396  lsm6dsm_reg.o(.text.lsm6dsm_pin_int2_route_get)
    lsm6dsm_pin_int2_route_set               0x00008021   Thumb Code   692  lsm6dsm_reg.o(.text.lsm6dsm_pin_int2_route_set)
    lsm6dsm_read_reg                         0x000082d9   Thumb Code   112  imu.o(.text.lsm6dsm_read_reg)
    lsm6dsm_reset_get                        0x00008349   Thumb Code    48  lsm6dsm_reg.o(.text.lsm6dsm_reset_get)
    lsm6dsm_reset_set                        0x00008379   Thumb Code    72  lsm6dsm_reg.o(.text.lsm6dsm_reset_set)
    lsm6dsm_wkup_dur_set                     0x000083c5   Thumb Code    72  lsm6dsm_reg.o(.text.lsm6dsm_wkup_dur_set)
    lsm6dsm_wkup_threshold_set               0x00008411   Thumb Code    72  lsm6dsm_reg.o(.text.lsm6dsm_wkup_threshold_set)
    lsm6dsm_write_reg                        0x0000845d   Thumb Code   100  imu.o(.text.lsm6dsm_write_reg)
    lsm6dsm_xl_data_rate_set                 0x000084c5   Thumb Code    68  lsm6dsm_reg.o(.text.lsm6dsm_xl_data_rate_set)
    lsm6dsm_xl_full_scale_set                0x00008509   Thumb Code    72  lsm6dsm_reg.o(.text.lsm6dsm_xl_full_scale_set)
    main                                     0x00008555   Thumb Code   456  main.o(.text.main)
    __ARM_fpclassify                         0x00008745   Thumb Code    40  fpclassify.o(i.__ARM_fpclassify)
    __kernel_poly                            0x00008771   Thumb Code   172  poly.o(i.__kernel_poly)
    __mathlib_dbl_divzero                    0x0000881d   Thumb Code    16  dunder.o(i.__mathlib_dbl_divzero)
    __mathlib_dbl_infnan2                    0x00008831   Thumb Code     8  dunder.o(i.__mathlib_dbl_infnan2)
    __mathlib_dbl_invalid                    0x00008839   Thumb Code    16  dunder.o(i.__mathlib_dbl_invalid)
    __mathlib_dbl_overflow                   0x00008849   Thumb Code    16  dunder.o(i.__mathlib_dbl_overflow)
    __mathlib_dbl_underflow                  0x0000885d   Thumb Code    14  dunder.o(i.__mathlib_dbl_underflow)
    __aeabi_dcmpge                           0x00008871   Thumb Code     0  dcmp.o(i._dgeq)
    _dgeq                                    0x00008871   Thumb Code    22  dcmp.o(i._dgeq)
    __aeabi_dcmplt                           0x00008887   Thumb Code     0  dcmp.o(i._dls)
    _dls                                     0x00008887   Thumb Code    22  dcmp.o(i._dls)
    __aeabi_fcmpge                           0x0000889d   Thumb Code     0  fcmp.o(i._fgeq)
    _fgeq                                    0x0000889d   Thumb Code    22  fcmp.o(i._fgeq)
    pow                                      0x000088b5   Thumb Code  2506  pow.o(i.pow)
    sqrt                                     0x00009289   Thumb Code    66  sqrt.o(i.sqrt)
    _dcmpge                                  0x000092d1   Thumb Code    94  dgef.o(x$fpl$dgeqf)
    __aeabi_cdcmple                          0x00009335   Thumb Code     0  dlef.o(x$fpl$dleqf)
    _dcmple                                  0x00009335   Thumb Code    94  dlef.o(x$fpl$dleqf)
    __aeabi_cdrcmple                         0x00009399   Thumb Code     0  drlef.o(x$fpl$drleqf)
    _drcmple                                 0x00009399   Thumb Code   100  drlef.o(x$fpl$drleqf)
    __aeabi_fadd                             0x00009401   Thumb Code     0  faddsub.o(x$fpl$fadd)
    _fadd                                    0x00009401   Thumb Code   134  faddsub.o(x$fpl$fadd)
    _fcmpge                                  0x0000948d   Thumb Code    78  fgef.o(x$fpl$fgeqf)
    __aeabi_fmul                             0x000094e1   Thumb Code     0  fmul.o(x$fpl$fmul)
    _fmul                                    0x000094e1   Thumb Code   172  fmul.o(x$fpl$fmul)
    __aeabi_fsub                             0x00009591   Thumb Code     0  faddsub.o(x$fpl$fsub)
    _fsub                                    0x00009591   Thumb Code   204  faddsub.o(x$fpl$fsub)
    __I$use$fp                               0x00009660   Number         0  usenofp.o(x$fpl$usenofp)
    __mathlib_zero                           0x000097a8   Data           8  qnan.o(.constdata)
    Region$$Table$$Base                      0x00009810   Number         0  anon$$obj.o(Region$$Table)
    Region$$Table$$Limit                     0x00009830   Number         0  anon$$obj.o(Region$$Table)
    SystemCoreClock                          0x20000000   Data           4  system_fm33lg0xx.o(.data.SystemCoreClock)
    XTHFClock                                0x20000004   Data           4  system_fm33lg0xx.o(.data.XTHFClock)
    XTLFClock                                0x20000008   Data           4  system_fm33lg0xx.o(.data.XTLFClock)
    __libspace_start                         0x20000010   Data          96  libspace.o(.bss)
    ADCBuffer                                0x20000070   Data           2  globalval.o(.bss.ADCBuffer)
    __temporary_stack_top$libspace           0x20000070   Data           0  libspace.o(.bss)
    DevPara                                  0x20000072   Data          18  globalval.o(.bss.DevPara)
    DryX                                     0x20000084   Data          68  kalman.o(.bss.DryX)
    DryY                                     0x200000c8   Data          68  kalman.o(.bss.DryY)
    DryZ                                     0x2000010c   Data          68  kalman.o(.bss.DryZ)
    DyDiscardCnt                             0x20000150   Data           1  globalval.o(.bss.DyDiscardCnt)
    FlagCommStatus                           0x20000152   Data           2  globalval.o(.bss.FlagCommStatus)
    FlagErrorStat                            0x20000154   Data           2  globalval.o(.bss.FlagErrorStat)
    FlagGlobal                               0x20000156   Data           2  globalval.o(.bss.FlagGlobal)
    FlashBuffer                              0x20000158   Data        4096  globalval.o(.bss.FlashBuffer)
    Lp0Rev                                   0x20001182   Data         254  globalval.o(.bss.Lp0Rev)
    Lp2Rev                                   0x20001280   Data         254  globalval.o(.bss.Lp2Rev)
    MagTim32Cnt                              0x2000137e   Data           1  globalval.o(.bss.MagTim32Cnt)
    UpdateData                               0x20001380   Data           8  globalval.o(.bss.UpdateData)
    WakeUpCnt                                0x20001388   Data           2  globalval.o(.bss.WakeUpCnt)
    XYZGyRaw                                 0x2000138c   Data        6220  globalval.o(.bss.XYZGyRaw)
    XYZXLRaw                                 0x20002bd8   Data          20  globalval.o(.bss.XYZXLRaw)



==============================================================================

Memory Map of the image

  Image Entry point : 0x000000c1

  Load Region LR_IROM1 (Base: 0x00000000, Size: 0x00009840, Max: 0x00040000, ABSOLUTE)

    Execution Region ER_IROM1 (Exec base: 0x00000000, Load base: 0x00000000, Size: 0x00009830, Max: 0x00040000, ABSOLUTE)

    Exec Addr    Load Addr    Size         Type   Attr      Idx    E Section Name        Object

    0x00000000   0x00000000   0x000000c0   Data   RO            3    RESET               startup_fm33lg0xx.o
    0x000000c0   0x000000c0   0x00000008   Code   RO         3268  * !!!main             c_p.l(__main.o)
    0x000000c8   0x000000c8   0x0000003c   Code   RO         3567    !!!scatter          c_p.l(__scatter.o)
    0x00000104   0x00000104   0x0000001a   Code   RO         3569    !!handler_copy      c_p.l(__scatter_copy.o)
    0x0000011e   0x0000011e   0x00000002   PAD
    0x00000120   0x00000120   0x0000001c   Code   RO         3571    !!handler_zi        c_p.l(__scatter_zi.o)
    0x0000013c   0x0000013c   0x00000002   Code   RO         3425    .ARM.Collect$$libinit$$00000000  c_p.l(libinit.o)
    0x0000013e   0x0000013e   0x00000000   Code   RO         3442    .ARM.Collect$$libinit$$00000002  c_p.l(libinit2.o)
    0x0000013e   0x0000013e   0x00000000   Code   RO         3444    .ARM.Collect$$libinit$$00000004  c_p.l(libinit2.o)
    0x0000013e   0x0000013e   0x00000000   Code   RO         3447    .ARM.Collect$$libinit$$0000000A  c_p.l(libinit2.o)
    0x0000013e   0x0000013e   0x00000000   Code   RO         3449    .ARM.Collect$$libinit$$0000000C  c_p.l(libinit2.o)
    0x0000013e   0x0000013e   0x00000000   Code   RO         3451    .ARM.Collect$$libinit$$0000000E  c_p.l(libinit2.o)
    0x0000013e   0x0000013e   0x00000000   Code   RO         3454    .ARM.Collect$$libinit$$00000011  c_p.l(libinit2.o)
    0x0000013e   0x0000013e   0x00000000   Code   RO         3456    .ARM.Collect$$libinit$$00000013  c_p.l(libinit2.o)
    0x0000013e   0x0000013e   0x00000000   Code   RO         3458    .ARM.Collect$$libinit$$00000015  c_p.l(libinit2.o)
    0x0000013e   0x0000013e   0x00000000   Code   RO         3460    .ARM.Collect$$libinit$$00000017  c_p.l(libinit2.o)
    0x0000013e   0x0000013e   0x00000000   Code   RO         3462    .ARM.Collect$$libinit$$00000019  c_p.l(libinit2.o)
    0x0000013e   0x0000013e   0x00000000   Code   RO         3464    .ARM.Collect$$libinit$$0000001B  c_p.l(libinit2.o)
    0x0000013e   0x0000013e   0x00000000   Code   RO         3466    .ARM.Collect$$libinit$$0000001D  c_p.l(libinit2.o)
    0x0000013e   0x0000013e   0x00000000   Code   RO         3468    .ARM.Collect$$libinit$$0000001F  c_p.l(libinit2.o)
    0x0000013e   0x0000013e   0x00000000   Code   RO         3470    .ARM.Collect$$libinit$$00000021  c_p.l(libinit2.o)
    0x0000013e   0x0000013e   0x00000000   Code   RO         3472    .ARM.Collect$$libinit$$00000023  c_p.l(libinit2.o)
    0x0000013e   0x0000013e   0x00000000   Code   RO         3474    .ARM.Collect$$libinit$$00000025  c_p.l(libinit2.o)
    0x0000013e   0x0000013e   0x00000000   Code   RO         3478    .ARM.Collect$$libinit$$0000002C  c_p.l(libinit2.o)
    0x0000013e   0x0000013e   0x00000000   Code   RO         3480    .ARM.Collect$$libinit$$0000002E  c_p.l(libinit2.o)
    0x0000013e   0x0000013e   0x00000000   Code   RO         3482    .ARM.Collect$$libinit$$00000030  c_p.l(libinit2.o)
    0x0000013e   0x0000013e   0x00000000   Code   RO         3484    .ARM.Collect$$libinit$$00000032  c_p.l(libinit2.o)
    0x0000013e   0x0000013e   0x00000002   Code   RO         3485    .ARM.Collect$$libinit$$00000033  c_p.l(libinit2.o)
    0x00000140   0x00000140   0x00000002   Code   RO         3522    .ARM.Collect$$libshutdown$$00000000  c_p.l(libshutdown.o)
    0x00000142   0x00000142   0x00000000   Code   RO         3550    .ARM.Collect$$libshutdown$$00000002  c_p.l(libshutdown2.o)
    0x00000142   0x00000142   0x00000000   Code   RO         3552    .ARM.Collect$$libshutdown$$00000004  c_p.l(libshutdown2.o)
    0x00000142   0x00000142   0x00000000   Code   RO         3555    .ARM.Collect$$libshutdown$$00000007  c_p.l(libshutdown2.o)
    0x00000142   0x00000142   0x00000000   Code   RO         3558    .ARM.Collect$$libshutdown$$0000000A  c_p.l(libshutdown2.o)
    0x00000142   0x00000142   0x00000000   Code   RO         3560    .ARM.Collect$$libshutdown$$0000000C  c_p.l(libshutdown2.o)
    0x00000142   0x00000142   0x00000000   Code   RO         3563    .ARM.Collect$$libshutdown$$0000000F  c_p.l(libshutdown2.o)
    0x00000142   0x00000142   0x00000002   Code   RO         3564    .ARM.Collect$$libshutdown$$00000010  c_p.l(libshutdown2.o)
    0x00000144   0x00000144   0x00000000   Code   RO         3337    .ARM.Collect$$rtentry$$00000000  c_p.l(__rtentry.o)
    0x00000144   0x00000144   0x00000000   Code   RO         3383    .ARM.Collect$$rtentry$$00000002  c_p.l(__rtentry2.o)
    0x00000144   0x00000144   0x00000006   Code   RO         3395    .ARM.Collect$$rtentry$$00000004  c_p.l(__rtentry4.o)
    0x0000014a   0x0000014a   0x00000000   Code   RO         3385    .ARM.Collect$$rtentry$$00000009  c_p.l(__rtentry2.o)
    0x0000014a   0x0000014a   0x00000004   Code   RO         3386    .ARM.Collect$$rtentry$$0000000A  c_p.l(__rtentry2.o)
    0x0000014e   0x0000014e   0x00000000   Code   RO         3388    .ARM.Collect$$rtentry$$0000000C  c_p.l(__rtentry2.o)
    0x0000014e   0x0000014e   0x00000008   Code   RO         3389    .ARM.Collect$$rtentry$$0000000D  c_p.l(__rtentry2.o)
    0x00000156   0x00000156   0x00000002   Code   RO         3433    .ARM.Collect$$rtexit$$00000000  c_p.l(rtexit.o)
    0x00000158   0x00000158   0x00000000   Code   RO         3493    .ARM.Collect$$rtexit$$00000002  c_p.l(rtexit2.o)
    0x00000158   0x00000158   0x00000004   Code   RO         3494    .ARM.Collect$$rtexit$$00000003  c_p.l(rtexit2.o)
    0x0000015c   0x0000015c   0x00000006   Code   RO         3495    .ARM.Collect$$rtexit$$00000004  c_p.l(rtexit2.o)
    0x00000162   0x00000162   0x00000002   PAD
    0x00000164   0x00000164   0x00000038   Code   RO            4    .text               startup_fm33lg0xx.o
    0x0000019c   0x0000019c   0x00000028   Code   RO         3248    .text               c_p.l(strstr.o)
    0x000001c4   0x000001c4   0x0000005a   Code   RO         3250    .text               c_p.l(memcmp.o)
    0x0000021e   0x0000021e   0x00000002   PAD
    0x00000220   0x00000220   0x0000004c   Code   RO         3252    .text               c_p.l(strcpy.o)
    0x0000026c   0x0000026c   0x00000040   Code   RO         3258    .text               c_p.l(rt_memclr.o)
    0x000002ac   0x000002ac   0x0000006c   Code   RO         3260    .text               c_p.l(strncpy.o)
    0x00000318   0x00000318   0x0000016c   Code   RO         3262    .text               c_p.l(aeabi_sdiv.o)
    0x00000484   0x00000484   0x00000006   Code   RO         3266    .text               c_p.l(heapauxi.o)
    0x0000048a   0x0000048a   0x00000002   PAD
    0x0000048c   0x0000048c   0x0000007c   Code   RO         3270    .text               fz_ps.l(d2f.o)
    0x00000508   0x00000508   0x00000358   Code   RO         3272    .text               fz_ps.l(daddsub.o)
    0x00000860   0x00000860   0x00000448   Code   RO         3286    .text               fz_ps.l(ddiv.o)
    0x00000ca8   0x00000ca8   0x00000058   Code   RO         3293    .text               fz_ps.l(dflti.o)
    0x00000d00   0x00000d00   0x00000248   Code   RO         3295    .text               fz_ps.l(dmul.o)
    0x00000f48   0x00000f48   0x00000054   Code   RO         3297    .text               fz_ps.l(f2d.o)
    0x00000f9c   0x00000f9c   0x00000160   Code   RO         3317    .text               fz_ps.l(fdiv.o)
    0x000010fc   0x000010fc   0x0000004c   Code   RO         3320    .text               fz_ps.l(ffixi.o)
    0x00001148   0x00001148   0x0000005e   Code   RO         3324    .text               fz_ps.l(fflti.o)
    0x000011a6   0x000011a6   0x00000016   Code   RO         3342    .text               c_p.l(_rserrno.o)
    0x000011bc   0x000011bc   0x00000060   Code   RO         3352    .text               fz_ps.l(dscalbn.o)
    0x0000121c   0x0000121c   0x00000100   Code   RO         3354    .text               fz_ps.l(dsqrt.o)
    0x0000131c   0x0000131c   0x00000008   Code   RO         3402    .text               c_p.l(rt_errno_addr_intlibspace.o)
    0x00001324   0x00001324   0x000000a0   Code   RO         3404    .text               fz_ps.l(dcmpin.o)
    0x000013c4   0x000013c4   0x00000064   Code   RO         3406    .text               fz_ps.l(fcmpin.o)
    0x00001428   0x00001428   0x00000008   Code   RO         3408    .text               c_p.l(libspace.o)
    0x00001430   0x00001430   0x0000003e   Code   RO         3411    .text               c_p.l(sys_stackheap_outer.o)
    0x0000146e   0x0000146e   0x00000010   Code   RO         3414    .text               c_p.l(exit.o)
    0x0000147e   0x0000147e   0x0000002e   Code   RO         3426    .text               fz_ps.l(cmpret.o)
    0x000014ac   0x000014ac   0x00000014   Code   RO         3428    .text               fz_ps.l(dnan2.o)
    0x000014c0   0x000014c0   0x00000010   Code   RO         3430    .text               fz_ps.l(fnan2.o)
    0x000014d0   0x000014d0   0x0000005e   Code   RO         3486    .text               fz_ps.l(retnan.o)
    0x0000152e   0x0000152e   0x00000002   PAD
    0x00001530   0x00001530   0x0000000c   Code   RO         3488    .text               c_p.l(sys_exit.o)
    0x0000153c   0x0000153c   0x00000002   Code   RO         3511    .text               c_p.l(use_no_semi.o)
    0x0000153e   0x0000153e   0x00000000   Code   RO         3513    .text               c_p.l(indicate_semi.o)
    0x0000153e   0x0000153e   0x00000016   Code   RO         1025    .text.ADCDataProcess  getsensors.o
    0x00001554   0x00001554   0x00000098   Code   RO          851    .text.CRC_Modbus    control.o
    0x000015ec   0x000015ec   0x00000050   Code   RO          877    .text.CloseTask     control.o
    0x0000163c   0x0000163c   0x000000e0   Code   RO         1211    .text.ConfigWirlessModule  lora.o
    0x0000171c   0x0000171c   0x0000002c   Code   RO          893    .text.DeInitPeripheral  control.o
    0x00001748   0x00001748   0x00000010   Code   RO          905    .text.DevDeInit     control.o
    0x00001758   0x00001758   0x0000005c   Code   RO          903    .text.DevInit       control.o
    0x000017b4   0x000017b4   0x00000040   Code   RO          827    .text.DisablePeripheral  control.o
    0x000017f4   0x000017f4   0x00000034   Code   RO         1227    .text.DryXKalParaInit  kalman.o
    0x00001828   0x00001828   0x00000034   Code   RO         1229    .text.DryYKalParaInit  kalman.o
    0x0000185c   0x0000185c   0x00000044   Code   RO         1231    .text.DryZKalParaInit  kalman.o
    0x000018a0   0x000018a0   0x00000098   Code   RO          843    .text.EnPeripheral  control.o
    0x00001938   0x00001938   0x0000000e   Code   RO         1899    .text.FL_ADC_ClearFlag_EndOfCalibration  fm33lg0xx_fl_adc.o
    0x00001946   0x00001946   0x0000000e   Code   RO         1035    .text.FL_ADC_ClearFlag_EndOfConversion  getsensors.o
    0x00001954   0x00001954   0x0000020c   Code   RO         1845    .text.FL_ADC_CommonInit  fm33lg0xx_fl_adc.o
    0x00001b60   0x00001b60   0x00000060   Code   RO         1865    .text.FL_ADC_DeInit  fm33lg0xx_fl_adc.o
    0x00001bc0   0x00001bc0   0x00000012   Code   RO          901    .text.FL_ADC_Disable  control.o
    0x00001bd2   0x00001bd2   0x00000012   Code   RO         1045    .text.FL_ADC_Disable  getsensors.o
    0x00001be4   0x00001be4   0x00000012   Code   RO         1889    .text.FL_ADC_Disable  fm33lg0xx_fl_adc.o
    0x00001bf6   0x00001bf6   0x00000012   Code   RO         1917    .text.FL_ADC_DisableExternalConversion  fm33lg0xx_fl_adc.o
    0x00001c08   0x00001c08   0x00000014   Code   RO         1891    .text.FL_ADC_DisableOverSampling  fm33lg0xx_fl_adc.o
    0x00001c1c   0x00001c1c   0x00000014   Code   RO         1913    .text.FL_ADC_DisableOverrunMode  fm33lg0xx_fl_adc.o
    0x00001c30   0x00001c30   0x0000001c   Code   RO         1031    .text.FL_ADC_DisableSequencerChannel  getsensors.o
    0x00001c4c   0x00001c4c   0x00000014   Code   RO         1909    .text.FL_ADC_DisableWaitMode  fm33lg0xx_fl_adc.o
    0x00001c60   0x00001c60   0x00000012   Code   RO         1037    .text.FL_ADC_Enable  getsensors.o
    0x00001c72   0x00001c72   0x00000012   Code   RO         1893    .text.FL_ADC_Enable  fm33lg0xx_fl_adc.o
    0x00001c84   0x00001c84   0x00000012   Code   RO         1895    .text.FL_ADC_EnableCalibration  fm33lg0xx_fl_adc.o
    0x00001c96   0x00001c96   0x00000014   Code   RO         1931    .text.FL_ADC_EnableOverSampling  fm33lg0xx_fl_adc.o
    0x00001caa   0x00001caa   0x00000014   Code   RO         1911    .text.FL_ADC_EnableOverrunMode  fm33lg0xx_fl_adc.o
    0x00001cbe   0x00001cbe   0x00000012   Code   RO         1039    .text.FL_ADC_EnableSWConversion  getsensors.o
    0x00001cd0   0x00001cd0   0x0000001a   Code   RO           25    .text.FL_ADC_EnableSequencerChannel  mf_config.o
    0x00001cea   0x00001cea   0x0000001a   Code   RO         1033    .text.FL_ADC_EnableSequencerChannel  getsensors.o
    0x00001d04   0x00001d04   0x00000014   Code   RO         1907    .text.FL_ADC_EnableWaitMode  fm33lg0xx_fl_adc.o
    0x00001d18   0x00001d18   0x0000040c   Code   RO         1875    .text.FL_ADC_Init   fm33lg0xx_fl_adc.o
    0x00002124   0x00002124   0x00000012   Code   RO         1897    .text.FL_ADC_IsActiveFlag_EndOfCalibration  fm33lg0xx_fl_adc.o
    0x00002136   0x00002136   0x00000010   Code   RO         1041    .text.FL_ADC_IsActiveFlag_EndOfConversion  getsensors.o
    0x00002146   0x00002146   0x00000010   Code   RO         1901    .text.FL_ADC_IsEnabled  fm33lg0xx_fl_adc.o
    0x00002156   0x00002156   0x0000000e   Code   RO         1043    .text.FL_ADC_ReadConversionData  getsensors.o
    0x00002164   0x00002164   0x0000001a   Code   RO         1851    .text.FL_ADC_SetAPBPrescaler  fm33lg0xx_fl_adc.o
    0x0000217e   0x0000217e   0x0000001a   Code   RO         1861    .text.FL_ADC_SetBitWidth  fm33lg0xx_fl_adc.o
    0x00002198   0x00002198   0x0000001a   Code   RO         1849    .text.FL_ADC_SetClockSource  fm33lg0xx_fl_adc.o
    0x000021b2   0x000021b2   0x0000001c   Code   RO         1903    .text.FL_ADC_SetConversionMode  fm33lg0xx_fl_adc.o
    0x000021ce   0x000021ce   0x0000001a   Code   RO         1923    .text.FL_ADC_SetFastChannelSamplingTime  fm33lg0xx_fl_adc.o
    0x000021e8   0x000021e8   0x0000001c   Code   RO         1927    .text.FL_ADC_SetOverSamplingMultiplier  fm33lg0xx_fl_adc.o
    0x00002204   0x00002204   0x0000001c   Code   RO         1929    .text.FL_ADC_SetOverSamplingShift  fm33lg0xx_fl_adc.o
    0x00002220   0x00002220   0x0000001a   Code   RO         1859    .text.FL_ADC_SetReferenceSource  fm33lg0xx_fl_adc.o
    0x0000223a   0x0000223a   0x0000001a   Code   RO         1915    .text.FL_ADC_SetSequenceScanDirection  fm33lg0xx_fl_adc.o
    0x00002254   0x00002254   0x0000001c   Code   RO         1905    .text.FL_ADC_SetSingleConversionAutoMode  fm33lg0xx_fl_adc.o
    0x00002270   0x00002270   0x0000001a   Code   RO         1925    .text.FL_ADC_SetSlowChannelSamplingTime  fm33lg0xx_fl_adc.o
    0x0000228a   0x0000228a   0x0000001a   Code   RO         1919    .text.FL_ADC_SetTriggerEdge  fm33lg0xx_fl_adc.o
    0x000022a4   0x000022a4   0x0000001a   Code   RO         1921    .text.FL_ADC_SetTriggerSource  fm33lg0xx_fl_adc.o
    0x000022be   0x000022be   0x00000012   Code   RO          835    .text.FL_CDIF_DisableCPUToVAO  control.o
    0x000022d0   0x000022d0   0x00000012   Code   RO           83    .text.FL_CDIF_EnableCPUToVAO  mf_config.o
    0x000022e2   0x000022e2   0x00000012   Code   RO         2076    .text.FL_CDIF_EnableCPUToVAO  fm33lg0xx_fl_vao.o
    0x000022f4   0x000022f4   0x00000012   Code   RO           85    .text.FL_CDIF_EnableVAOToCPU  mf_config.o
    0x00002306   0x00002306   0x00000012   Code   RO         2074    .text.FL_CDIF_EnableVAOToCPU  fm33lg0xx_fl_vao.o
    0x00002318   0x00002318   0x0000001a   Code   RO          115    .text.FL_CDIF_SetPrescaler  mf_config.o
    0x00002332   0x00002332   0x00000002   PAD
    0x00002334   0x00002334   0x00000014   Code   RO           91    .text.FL_CMU_DisableGroup1BusClock  mf_config.o
    0x00002348   0x00002348   0x00000014   Code   RO         1950    .text.FL_CMU_DisableGroup3BusClock  fm33lg0xx_fl_spi.o
    0x0000235c   0x0000235c   0x00000014   Code   RO         1330    .text.FL_CMU_DisableGroup3OperationClock  fm33lg0xx_fl_lpuart.o
    0x00002370   0x00002370   0x00000014   Code   RO           87    .text.FL_CMU_EnableGroup1BusClock  mf_config.o
    0x00002384   0x00002384   0x00000014   Code   RO         1509    .text.FL_CMU_EnableGroup1BusClock  fm33lg0xx_fl_rtca.o
    0x00002398   0x00002398   0x00000014   Code   RO         1558    .text.FL_CMU_EnableGroup1BusClock  fm33lg0xx_fl_exti.o
    0x000023ac   0x000023ac   0x00000014   Code   RO         1877    .text.FL_CMU_EnableGroup1BusClock  fm33lg0xx_fl_adc.o
    0x000023c0   0x000023c0   0x00000014   Code   RO         2737    .text.FL_CMU_EnableGroup1BusClock  fm33lg0xx_fl_lptim32.o
    0x000023d4   0x000023d4   0x00000018   Code   RO         2808    .text.FL_CMU_EnableGroup1BusClock  fm33lg0xx_fl_gpio.o
    0x000023ec   0x000023ec   0x00000018   Code   RO         1847    .text.FL_CMU_EnableGroup2BusClock  fm33lg0xx_fl_adc.o
    0x00002404   0x00002404   0x00000014   Code   RO         1336    .text.FL_CMU_EnableGroup3BusClock  fm33lg0xx_fl_lpuart.o
    0x00002418   0x00002418   0x00000014   Code   RO         1956    .text.FL_CMU_EnableGroup3BusClock  fm33lg0xx_fl_spi.o
    0x0000242c   0x0000242c   0x00000014   Code   RO         1338    .text.FL_CMU_EnableGroup3OperationClock  fm33lg0xx_fl_lpuart.o
    0x00002440   0x00002440   0x00000014   Code   RO         1560    .text.FL_CMU_EnableGroup3OperationClock  fm33lg0xx_fl_exti.o
    0x00002454   0x00002454   0x00000014   Code   RO         1857    .text.FL_CMU_EnableGroup3OperationClock  fm33lg0xx_fl_adc.o
    0x00002468   0x00002468   0x00000018   Code   RO         2739    .text.FL_CMU_EnableGroup3OperationClock  fm33lg0xx_fl_lptim32.o
    0x00002480   0x00002480   0x00000010   Code   RO           99    .text.FL_CMU_EnableLSCLKAutoSwitch  mf_config.o
    0x00002490   0x00002490   0x0000001c   Code   RO         1328    .text.FL_CMU_IsEnabledGroup3BusClock  fm33lg0xx_fl_lpuart.o
    0x000024ac   0x000024ac   0x0000000c   Code   RO          105    .text.FL_CMU_RCHF_Enable  mf_config.o
    0x000024b8   0x000024b8   0x0000001c   Code   RO          103    .text.FL_CMU_RCHF_SetFrequency  mf_config.o
    0x000024d4   0x000024d4   0x0000001c   Code   RO          101    .text.FL_CMU_RCHF_WriteTrimValue  mf_config.o
    0x000024f0   0x000024f0   0x0000000c   Code   RO         1348    .text.FL_CMU_RCLF_Enable  fm33lg0xx_fl_lpuart.o
    0x000024fc   0x000024fc   0x0000001c   Code   RO         1346    .text.FL_CMU_RCLF_SetPrescaler  fm33lg0xx_fl_lpuart.o
    0x00002518   0x00002518   0x00000018   Code   RO         1853    .text.FL_CMU_SetADCClockSource  fm33lg0xx_fl_adc.o
    0x00002530   0x00002530   0x00000018   Code   RO         1029    .text.FL_CMU_SetADCPrescaler  getsensors.o
    0x00002548   0x00002548   0x0000001c   Code   RO         1855    .text.FL_CMU_SetADCPrescaler  fm33lg0xx_fl_adc.o
    0x00002564   0x00002564   0x00000018   Code   RO          111    .text.FL_CMU_SetAHBPrescaler  mf_config.o
    0x0000257c   0x0000257c   0x00000018   Code   RO          113    .text.FL_CMU_SetAPBPrescaler  mf_config.o
    0x00002594   0x00002594   0x00000018   Code   RO         1562    .text.FL_CMU_SetEXTIClockSource  fm33lg0xx_fl_exti.o
    0x000025ac   0x000025ac   0x00000018   Code   RO         2741    .text.FL_CMU_SetLPTIM32ClockSource  fm33lg0xx_fl_lptim32.o
    0x000025c4   0x000025c4   0x00000018   Code   RO         1340    .text.FL_CMU_SetLPUART0ClockSource  fm33lg0xx_fl_lpuart.o
    0x000025dc   0x000025dc   0x00000018   Code   RO         1342    .text.FL_CMU_SetLPUART1ClockSource  fm33lg0xx_fl_lpuart.o
    0x000025f4   0x000025f4   0x0000001c   Code   RO         1344    .text.FL_CMU_SetLPUART2ClockSource  fm33lg0xx_fl_lpuart.o
    0x00002610   0x00002610   0x0000001c   Code   RO           97    .text.FL_CMU_SetLSCLKClockSource  mf_config.o
    0x0000262c   0x0000262c   0x0000001c   Code   RO          109    .text.FL_CMU_SetSystemClockSource  mf_config.o
    0x00002648   0x00002648   0x0000000c   Code   RO         2441    .text.FL_DelayEnd   fm33lg0xx_fl.o
    0x00002654   0x00002654   0x00000014   Code   RO         2431    .text.FL_DelayInit  fm33lg0xx_fl.o
    0x00002668   0x00002668   0x00000022   Code   RO         2435    .text.FL_DelayMs    fm33lg0xx_fl.o
    0x0000268a   0x0000268a   0x00000016   Code   RO         2439    .text.FL_DelayMsStart  fm33lg0xx_fl.o
    0x000026a0   0x000026a0   0x0000005c   Code   RO         2433    .text.FL_DelayUs    fm33lg0xx_fl.o
    0x000026fc   0x000026fc   0x00000054   Code   RO         2437    .text.FL_DelayUsStart  fm33lg0xx_fl.o
    0x00002750   0x00002750   0x00000056   Code   RO         1556    .text.FL_EXTI_CommonInit  fm33lg0xx_fl_exti.o
    0x000027a6   0x000027a6   0x00000002   PAD
    0x000027a8   0x000027a8   0x00000298   Code   RO         1570    .text.FL_EXTI_Init  fm33lg0xx_fl_exti.o
    0x00002a40   0x00002a40   0x0000001a   Code   RO          107    .text.FL_FLASH_SetReadWait  mf_config.o
    0x00002a5a   0x00002a5a   0x00000002   PAD
    0x00002a5c   0x00002a5c   0x00000014   Code   RO         1104    .text.FL_GPIO_ClearFlag_EXTI  interrupt.o
    0x00002a70   0x00002a70   0x00000014   Code   RO         1576    .text.FL_GPIO_ClearFlag_EXTI  fm33lg0xx_fl_exti.o
    0x00002a84   0x00002a84   0x00000020   Code   RO         1574    .text.FL_GPIO_DisableDigitalFilter  fm33lg0xx_fl_exti.o
    0x00002aa4   0x00002aa4   0x0000001c   Code   RO         2802    .text.FL_GPIO_DisablePinAnalogSwitch  fm33lg0xx_fl_gpio.o
    0x00002ac0   0x00002ac0   0x0000001c   Code   RO         2796    .text.FL_GPIO_DisablePinInput  fm33lg0xx_fl_gpio.o
    0x00002adc   0x00002adc   0x0000001c   Code   RO         2798    .text.FL_GPIO_DisablePinOpenDrain  fm33lg0xx_fl_gpio.o
    0x00002af8   0x00002af8   0x0000001c   Code   RO         2800    .text.FL_GPIO_DisablePinPullup  fm33lg0xx_fl_gpio.o
    0x00002b14   0x00002b14   0x00000020   Code   RO         2804    .text.FL_GPIO_DisablePinRemap  fm33lg0xx_fl_gpio.o
    0x00002b34   0x00002b34   0x0000001c   Code   RO         1572    .text.FL_GPIO_EnableDigitalFilter  fm33lg0xx_fl_exti.o
    0x00002b50   0x00002b50   0x00000016   Code   RO         2810    .text.FL_GPIO_EnablePinAnalogSwitch  fm33lg0xx_fl_gpio.o
    0x00002b66   0x00002b66   0x00000016   Code   RO         2812    .text.FL_GPIO_EnablePinInput  fm33lg0xx_fl_gpio.o
    0x00002b7c   0x00002b7c   0x00000016   Code   RO         2814    .text.FL_GPIO_EnablePinOpenDrain  fm33lg0xx_fl_gpio.o
    0x00002b92   0x00002b92   0x00000016   Code   RO         2816    .text.FL_GPIO_EnablePinPullup  fm33lg0xx_fl_gpio.o
    0x00002ba8   0x00002ba8   0x00000016   Code   RO         2818    .text.FL_GPIO_EnablePinRemap  fm33lg0xx_fl_gpio.o
    0x00002bbe   0x00002bbe   0x0000001a   Code   RO         1106    .text.FL_GPIO_GetInputPin  interrupt.o
    0x00002bd8   0x00002bd8   0x0000001a   Code   RO         1207    .text.FL_GPIO_GetInputPin  lora.o
    0x00002bf2   0x00002bf2   0x00000002   PAD
    0x00002bf4   0x00002bf4   0x00000290   Code   RO         2806    .text.FL_GPIO_Init  fm33lg0xx_fl_gpio.o
    0x00002e84   0x00002e84   0x00000020   Code   RO         1102    .text.FL_GPIO_IsActiveFlag_EXTI  interrupt.o
    0x00002ea4   0x00002ea4   0x00000016   Code   RO          150    .text.FL_GPIO_ResetOutputPin  main.o
    0x00002eba   0x00002eba   0x00000016   Code   RO          197    .text.FL_GPIO_ResetOutputPin  imu.o
    0x00002ed0   0x00002ed0   0x00000016   Code   RO          829    .text.FL_GPIO_ResetOutputPin  control.o
    0x00002ee6   0x00002ee6   0x00000016   Code   RO          945    .text.FL_GPIO_ResetOutputPin  gd25q_driver.o
    0x00002efc   0x00002efc   0x00000016   Code   RO         1021    .text.FL_GPIO_ResetOutputPin  getsensors.o
    0x00002f12   0x00002f12   0x00000016   Code   RO         1098    .text.FL_GPIO_ResetOutputPin  interrupt.o
    0x00002f28   0x00002f28   0x00000016   Code   RO         1124    .text.FL_GPIO_ResetOutputPin  rs485comm.o
    0x00002f3e   0x00002f3e   0x00000016   Code   RO         1185    .text.FL_GPIO_ResetOutputPin  lora.o
    0x00002f54   0x00002f54   0x0000001a   Code   RO         1584    .text.FL_GPIO_SetExtiLine0  fm33lg0xx_fl_exti.o
    0x00002f6e   0x00002f6e   0x0000001a   Code   RO         1586    .text.FL_GPIO_SetExtiLine1  fm33lg0xx_fl_exti.o
    0x00002f88   0x00002f88   0x0000001c   Code   RO         1604    .text.FL_GPIO_SetExtiLine10  fm33lg0xx_fl_exti.o
    0x00002fa4   0x00002fa4   0x0000001c   Code   RO         1606    .text.FL_GPIO_SetExtiLine11  fm33lg0xx_fl_exti.o
    0x00002fc0   0x00002fc0   0x0000001c   Code   RO         1608    .text.FL_GPIO_SetExtiLine12  fm33lg0xx_fl_exti.o
    0x00002fdc   0x00002fdc   0x0000001c   Code   RO         1610    .text.FL_GPIO_SetExtiLine13  fm33lg0xx_fl_exti.o
    0x00002ff8   0x00002ff8   0x0000001c   Code   RO         1612    .text.FL_GPIO_SetExtiLine14  fm33lg0xx_fl_exti.o
    0x00003014   0x00003014   0x0000001c   Code   RO         1614    .text.FL_GPIO_SetExtiLine15  fm33lg0xx_fl_exti.o
    0x00003030   0x00003030   0x0000001a   Code   RO         1616    .text.FL_GPIO_SetExtiLine16  fm33lg0xx_fl_exti.o
    0x0000304a   0x0000304a   0x0000001a   Code   RO         1618    .text.FL_GPIO_SetExtiLine17  fm33lg0xx_fl_exti.o
    0x00003064   0x00003064   0x0000001a   Code   RO         1620    .text.FL_GPIO_SetExtiLine18  fm33lg0xx_fl_exti.o
    0x0000307e   0x0000307e   0x0000001a   Code   RO         1588    .text.FL_GPIO_SetExtiLine2  fm33lg0xx_fl_exti.o
    0x00003098   0x00003098   0x0000001a   Code   RO         1590    .text.FL_GPIO_SetExtiLine3  fm33lg0xx_fl_exti.o
    0x000030b2   0x000030b2   0x0000001c   Code   RO         1592    .text.FL_GPIO_SetExtiLine4  fm33lg0xx_fl_exti.o
    0x000030ce   0x000030ce   0x0000001c   Code   RO         1594    .text.FL_GPIO_SetExtiLine5  fm33lg0xx_fl_exti.o
    0x000030ea   0x000030ea   0x0000001c   Code   RO         1596    .text.FL_GPIO_SetExtiLine6  fm33lg0xx_fl_exti.o
    0x00003106   0x00003106   0x0000001c   Code   RO         1598    .text.FL_GPIO_SetExtiLine7  fm33lg0xx_fl_exti.o
    0x00003122   0x00003122   0x0000001c   Code   RO         1600    .text.FL_GPIO_SetExtiLine8  fm33lg0xx_fl_exti.o
    0x0000313e   0x0000313e   0x0000001c   Code   RO         1602    .text.FL_GPIO_SetExtiLine9  fm33lg0xx_fl_exti.o
    0x0000315a   0x0000315a   0x00000016   Code   RO           13    .text.FL_GPIO_SetOutputPin  mf_config.o
    0x00003170   0x00003170   0x00000016   Code   RO          136    .text.FL_GPIO_SetOutputPin  main.o
    0x00003186   0x00003186   0x00000016   Code   RO          199    .text.FL_GPIO_SetOutputPin  imu.o
    0x0000319c   0x0000319c   0x00000016   Code   RO          941    .text.FL_GPIO_SetOutputPin  gd25q_driver.o
    0x000031b2   0x000031b2   0x00000016   Code   RO         1017    .text.FL_GPIO_SetOutputPin  getsensors.o
    0x000031c8   0x000031c8   0x00000016   Code   RO         1096    .text.FL_GPIO_SetOutputPin  interrupt.o
    0x000031de   0x000031de   0x00000016   Code   RO         1187    .text.FL_GPIO_SetOutputPin  lora.o
    0x000031f4   0x000031f4   0x00000024   Code   RO         2794    .text.FL_GPIO_SetPinMode  fm33lg0xx_fl_gpio.o
    0x00003218   0x00003218   0x00000024   Code   RO         1622    .text.FL_GPIO_SetTriggerEdge0  fm33lg0xx_fl_exti.o
    0x0000323c   0x0000323c   0x00000026   Code   RO         1624    .text.FL_GPIO_SetTriggerEdge1  fm33lg0xx_fl_exti.o
    0x00003262   0x00003262   0x00000026   Code   RO          152    .text.FL_GPIO_ToggleOutputPin  main.o
    0x00003288   0x00003288   0x00000026   Code   RO          221    .text.FL_GPIO_ToggleOutputPin  imu.o
    0x000032ae   0x000032ae   0x00000026   Code   RO         1086    .text.FL_GPIO_ToggleOutputPin  interrupt.o
    0x000032d4   0x000032d4   0x00000008   Code   RO         2443    .text.FL_Init       fm33lg0xx_fl.o
    0x000032dc   0x000032dc   0x0000000e   Code   RO           41    .text.FL_LPTIM32_ClearFlag_Update  mf_config.o
    0x000032ea   0x000032ea   0x0000000e   Code   RO         1094    .text.FL_LPTIM32_ClearFlag_Update  interrupt.o
    0x000032f8   0x000032f8   0x00000012   Code   RO          847    .text.FL_LPTIM32_Disable  control.o
    0x0000330a   0x0000330a   0x00000012   Code   RO          875    .text.FL_LPTIM32_Enable  control.o
    0x0000331c   0x0000331c   0x00000012   Code   RO         1064    .text.FL_LPTIM32_Enable  interrupt.o
    0x0000332e   0x0000332e   0x00000014   Code   RO         2751    .text.FL_LPTIM32_EnableETRFilter  fm33lg0xx_fl_lptim32.o
    0x00003342   0x00003342   0x00000012   Code   RO           43    .text.FL_LPTIM32_EnableIT_Update  mf_config.o
    0x00003354   0x00003354   0x000002f4   Code   RO         2735    .text.FL_LPTIM32_Init  fm33lg0xx_fl_lptim32.o
    0x00003648   0x00003648   0x00000012   Code   RO         1092    .text.FL_LPTIM32_IsActiveFlag_Update  interrupt.o
    0x0000365a   0x0000365a   0x00000012   Code   RO         1090    .text.FL_LPTIM32_IsEnabledIT_Update  interrupt.o
    0x0000366c   0x0000366c   0x0000001c   Code   RO         2743    .text.FL_LPTIM32_SetClockSource  fm33lg0xx_fl_lptim32.o
    0x00003688   0x00003688   0x0000001a   Code   RO         2749    .text.FL_LPTIM32_SetETRCountEdge  fm33lg0xx_fl_lptim32.o
    0x000036a2   0x000036a2   0x0000001a   Code   RO         2753    .text.FL_LPTIM32_SetETRTriggerEdge  fm33lg0xx_fl_lptim32.o
    0x000036bc   0x000036bc   0x0000001a   Code   RO         2755    .text.FL_LPTIM32_SetOnePulseMode  fm33lg0xx_fl_lptim32.o
    0x000036d6   0x000036d6   0x0000001a   Code   RO         2747    .text.FL_LPTIM32_SetOperationMode  fm33lg0xx_fl_lptim32.o
    0x000036f0   0x000036f0   0x0000001c   Code   RO         2745    .text.FL_LPTIM32_SetPrescaler  fm33lg0xx_fl_lptim32.o
    0x0000370c   0x0000370c   0x00000014   Code   RO         2757    .text.FL_LPTIM32_WriteAutoReload  fm33lg0xx_fl_lptim32.o
    0x00003720   0x00003720   0x00000010   Code   RO          142    .text.FL_LPUART_ClearFlag_FrameError  main.o
    0x00003730   0x00003730   0x00000010   Code   RO          885    .text.FL_LPUART_ClearFlag_FrameError  control.o
    0x00003740   0x00003740   0x00000010   Code   RO         1066    .text.FL_LPUART_ClearFlag_FrameError  interrupt.o
    0x00003750   0x00003750   0x00000010   Code   RO           49    .text.FL_LPUART_ClearFlag_RXBuffFull  mf_config.o
    0x00003760   0x00003760   0x00000010   Code   RO          144    .text.FL_LPUART_ClearFlag_RXBuffFull  main.o
    0x00003770   0x00003770   0x00000010   Code   RO          887    .text.FL_LPUART_ClearFlag_RXBuffFull  control.o
    0x00003780   0x00003780   0x00000010   Code   RO         1060    .text.FL_LPUART_ClearFlag_RXBuffFull  interrupt.o
    0x00003790   0x00003790   0x00000010   Code   RO          146    .text.FL_LPUART_ClearFlag_RXBuffOverflow  main.o
    0x000037a0   0x000037a0   0x00000010   Code   RO          889    .text.FL_LPUART_ClearFlag_RXBuffOverflow  control.o
    0x000037b0   0x000037b0   0x00000010   Code   RO         1068    .text.FL_LPUART_ClearFlag_RXBuffOverflow  interrupt.o
    0x000037c0   0x000037c0   0x00000010   Code   RO         1070    .text.FL_LPUART_ClearFlag_RXWakeup  interrupt.o
    0x000037d0   0x000037d0   0x00000114   Code   RO         1320    .text.FL_LPUART_DeInit  fm33lg0xx_fl_lpuart.o
    0x000038e4   0x000038e4   0x00000014   Code   RO         1350    .text.FL_LPUART_DisableBaudRateModulation  fm33lg0xx_fl_lpuart.o
    0x000038f8   0x000038f8   0x00000012   Code   RO          897    .text.FL_LPUART_DisableRX  control.o
    0x0000390a   0x0000390a   0x00000012   Code   RO          895    .text.FL_LPUART_DisableTX  control.o
    0x0000391c   0x0000391c   0x00000014   Code   RO         1352    .text.FL_LPUART_EnableBaudRateModulation  fm33lg0xx_fl_lpuart.o
    0x00003930   0x00003930   0x00000014   Code   RO           51    .text.FL_LPUART_EnableIT_RXBuffFull  mf_config.o
    0x00003944   0x00003944   0x00000012   Code   RO          140    .text.FL_LPUART_EnableRX  main.o
    0x00003956   0x00003956   0x00000012   Code   RO          883    .text.FL_LPUART_EnableRX  control.o
    0x00003968   0x00003968   0x00000012   Code   RO         1358    .text.FL_LPUART_EnableRX  fm33lg0xx_fl_lpuart.o
    0x0000397a   0x0000397a   0x00000012   Code   RO          138    .text.FL_LPUART_EnableTX  main.o
    0x0000398c   0x0000398c   0x00000012   Code   RO          881    .text.FL_LPUART_EnableTX  control.o
    0x0000399e   0x0000399e   0x00000012   Code   RO         1354    .text.FL_LPUART_EnableTX  fm33lg0xx_fl_lpuart.o
    0x000039b0   0x000039b0   0x00000394   Code   RO         1334    .text.FL_LPUART_Init  fm33lg0xx_fl_lpuart.o
    0x00003d44   0x00003d44   0x00000014   Code   RO         1058    .text.FL_LPUART_IsActiveFlag_RXBuffFull  interrupt.o
    0x00003d58   0x00003d58   0x00000012   Code   RO         1168    .text.FL_LPUART_IsActiveFlag_TXBuffEmpty  user_uart.o
    0x00003d6a   0x00003d6a   0x00000014   Code   RO         1056    .text.FL_LPUART_IsEnabledIT_RXBuffFull  interrupt.o
    0x00003d7e   0x00003d7e   0x00000012   Code   RO         1360    .text.FL_LPUART_IsEnabledRX  fm33lg0xx_fl_lpuart.o
    0x00003d90   0x00003d90   0x00000010   Code   RO         1356    .text.FL_LPUART_IsEnabledTX  fm33lg0xx_fl_lpuart.o
    0x00003da0   0x00003da0   0x00000014   Code   RO         1062    .text.FL_LPUART_ReadRXBuff  interrupt.o
    0x00003db4   0x00003db4   0x0000001a   Code   RO         1362    .text.FL_LPUART_SetBaudRate  fm33lg0xx_fl_lpuart.o
    0x00003dce   0x00003dce   0x0000001a   Code   RO         1366    .text.FL_LPUART_SetDataWidth  fm33lg0xx_fl_lpuart.o
    0x00003de8   0x00003de8   0x0000001a   Code   RO         1368    .text.FL_LPUART_SetParity  fm33lg0xx_fl_lpuart.o
    0x00003e02   0x00003e02   0x0000001c   Code   RO         1364    .text.FL_LPUART_SetStopBitsWidth  fm33lg0xx_fl_lpuart.o
    0x00003e1e   0x00003e1e   0x00000002   PAD
    0x00003e20   0x00003e20   0x00000020   Code   RO         1370    .text.FL_LPUART_WriteBitModulation  fm33lg0xx_fl_lpuart.o
    0x00003e40   0x00003e40   0x00000020   Code   RO         1166    .text.FL_LPUART_WriteTXBuff  user_uart.o
    0x00003e60   0x00003e60   0x00000044   Code   RO         2445    .text.FL_NVIC_Init  fm33lg0xx_fl.o
    0x00003ea4   0x00003ea4   0x00000014   Code   RO         2706    .text.FL_PMU_DisableCoreVoltageScaling  fm33lg0xx_fl_pmu.o
    0x00003eb8   0x00003eb8   0x00000014   Code   RO         2704    .text.FL_PMU_EnableCoreVoltageScaling  fm33lg0xx_fl_pmu.o
    0x00003ecc   0x00003ecc   0x0000001c   Code   RO         2708    .text.FL_PMU_SetLDOLowPowerMode  fm33lg0xx_fl_pmu.o
    0x00003ee8   0x00003ee8   0x0000001a   Code   RO          837    .text.FL_PMU_SetLowPowerMode  control.o
    0x00003f02   0x00003f02   0x0000001c   Code   RO         2702    .text.FL_PMU_SetRCHFWakeupFrequency  fm33lg0xx_fl_pmu.o
    0x00003f1e   0x00003f1e   0x0000001c   Code   RO         2710    .text.FL_PMU_SetSleepMode  fm33lg0xx_fl_pmu.o
    0x00003f3a   0x00003f3a   0x0000001a   Code   RO         2700    .text.FL_PMU_SetWakeupDelay  fm33lg0xx_fl_pmu.o
    0x00003f54   0x00003f54   0x0000019c   Code   RO         2698    .text.FL_PMU_Sleep_Init  fm33lg0xx_fl_pmu.o
    0x000040f0   0x000040f0   0x00000012   Code   RO          833    .text.FL_RMU_BOR_Disable  control.o
    0x00004102   0x00004102   0x00000012   Code   RO          841    .text.FL_RMU_BOR_Enable  control.o
    0x00004114   0x00004114   0x00000010   Code   RO         1332    .text.FL_RMU_DisablePeripheralReset  fm33lg0xx_fl_lpuart.o
    0x00004124   0x00004124   0x00000010   Code   RO         1873    .text.FL_RMU_DisablePeripheralReset  fm33lg0xx_fl_adc.o
    0x00004134   0x00004134   0x00000014   Code   RO         1952    .text.FL_RMU_DisablePeripheralReset  fm33lg0xx_fl_spi.o
    0x00004148   0x00004148   0x00000034   Code   RO         1326    .text.FL_RMU_DisableResetAPBPeripheral  fm33lg0xx_fl_lpuart.o
    0x0000417c   0x0000417c   0x00000034   Code   RO         1871    .text.FL_RMU_DisableResetAPBPeripheral  fm33lg0xx_fl_adc.o
    0x000041b0   0x000041b0   0x00000034   Code   RO         1948    .text.FL_RMU_DisableResetAPBPeripheral  fm33lg0xx_fl_spi.o
    0x000041e4   0x000041e4   0x00000010   Code   RO         1322    .text.FL_RMU_EnablePeripheralReset  fm33lg0xx_fl_lpuart.o
    0x000041f4   0x000041f4   0x00000010   Code   RO         1867    .text.FL_RMU_EnablePeripheralReset  fm33lg0xx_fl_adc.o
    0x00004204   0x00004204   0x00000014   Code   RO         1944    .text.FL_RMU_EnablePeripheralReset  fm33lg0xx_fl_spi.o
    0x00004218   0x00004218   0x00000034   Code   RO         1324    .text.FL_RMU_EnableResetAPBPeripheral  fm33lg0xx_fl_lpuart.o
    0x0000424c   0x0000424c   0x00000034   Code   RO         1869    .text.FL_RMU_EnableResetAPBPeripheral  fm33lg0xx_fl_adc.o
    0x00004280   0x00004280   0x00000034   Code   RO         1946    .text.FL_RMU_EnableResetAPBPeripheral  fm33lg0xx_fl_spi.o
    0x000042b4   0x000042b4   0x00000012   Code   RO          839    .text.FL_RMU_PDR_Disable  control.o
    0x000042c6   0x000042c6   0x00000012   Code   RO          831    .text.FL_RMU_PDR_Enable  control.o
    0x000042d8   0x000042d8   0x0000000e   Code   RO           61    .text.FL_RTCA_ClearFlag_Hour  mf_config.o
    0x000042e6   0x000042e6   0x0000000e   Code   RO         1078    .text.FL_RTCA_ClearFlag_Hour  interrupt.o
    0x000042f4   0x000042f4   0x0000000e   Code   RO         1084    .text.FL_RTCA_ClearFlag_Second  interrupt.o
    0x00004302   0x00004302   0x0000000e   Code   RO         1120    .text.FL_RTCA_ClearFlag_Second  rs485comm.o
    0x00004310   0x00004310   0x00000060   Code   RO         1511    .text.FL_RTCA_ConfigTime  fm33lg0xx_fl_rtca.o
    0x00004370   0x00004370   0x00000068   Code   RO         1505    .text.FL_RTCA_DeInit  fm33lg0xx_fl_rtca.o
    0x000043d8   0x000043d8   0x00000012   Code   RO          879    .text.FL_RTCA_Disable  control.o
    0x000043ea   0x000043ea   0x00000012   Code   RO         1122    .text.FL_RTCA_DisableIT_Second  rs485comm.o
    0x000043fc   0x000043fc   0x00000012   Code   RO           63    .text.FL_RTCA_EnableIT_Hour  mf_config.o
    0x0000440e   0x0000440e   0x00000002   PAD
    0x00004410   0x00004410   0x00000034   Code   RO         1507    .text.FL_RTCA_Init  fm33lg0xx_fl_rtca.o
    0x00004444   0x00004444   0x00000012   Code   RO         1076    .text.FL_RTCA_IsActiveFlag_Hour  interrupt.o
    0x00004456   0x00004456   0x00000012   Code   RO         1082    .text.FL_RTCA_IsActiveFlag_Second  interrupt.o
    0x00004468   0x00004468   0x00000012   Code   RO         1074    .text.FL_RTCA_IsEnabledIT_Hour  interrupt.o
    0x0000447a   0x0000447a   0x00000012   Code   RO         1080    .text.FL_RTCA_IsEnabledIT_Second  interrupt.o
    0x0000448c   0x0000448c   0x0000001c   Code   RO           89    .text.FL_RTCA_WriteAdjustValue  mf_config.o
    0x000044a8   0x000044a8   0x0000001a   Code   RO         1521    .text.FL_RTCA_WriteDay  fm33lg0xx_fl_rtca.o
    0x000044c2   0x000044c2   0x00000002   PAD
    0x000044c4   0x000044c4   0x00000014   Code   RO         1529    .text.FL_RTCA_WriteDisable  fm33lg0xx_fl_rtca.o
    0x000044d8   0x000044d8   0x00000014   Code   RO         1513    .text.FL_RTCA_WriteEnable  fm33lg0xx_fl_rtca.o
    0x000044ec   0x000044ec   0x0000001a   Code   RO         1519    .text.FL_RTCA_WriteHour  fm33lg0xx_fl_rtca.o
    0x00004506   0x00004506   0x0000001a   Code   RO         1517    .text.FL_RTCA_WriteMinute  fm33lg0xx_fl_rtca.o
    0x00004520   0x00004520   0x0000001a   Code   RO         1525    .text.FL_RTCA_WriteMonth  fm33lg0xx_fl_rtca.o
    0x0000453a   0x0000453a   0x0000001a   Code   RO         1515    .text.FL_RTCA_WriteSecond  fm33lg0xx_fl_rtca.o
    0x00004554   0x00004554   0x0000001a   Code   RO         1523    .text.FL_RTCA_WriteWeek  fm33lg0xx_fl_rtca.o
    0x0000456e   0x0000456e   0x0000001a   Code   RO         1527    .text.FL_RTCA_WriteYear  fm33lg0xx_fl_rtca.o
    0x00004588   0x00004588   0x00000020   Code   RO           93    .text.FL_RTCB_WriteAdjustValue  mf_config.o
    0x000045a8   0x000045a8   0x000000e8   Code   RO         1942    .text.FL_SPI_DeInit  fm33lg0xx_fl_spi.o
    0x00004690   0x00004690   0x00000012   Code   RO          899    .text.FL_SPI_Disable  control.o
    0x000046a2   0x000046a2   0x00000012   Code   RO         1960    .text.FL_SPI_DisableSSNSoftControl  fm33lg0xx_fl_spi.o
    0x000046b4   0x000046b4   0x00000012   Code   RO          148    .text.FL_SPI_Enable  main.o
    0x000046c6   0x000046c6   0x00000012   Code   RO          891    .text.FL_SPI_Enable  control.o
    0x000046d8   0x000046d8   0x00000012   Code   RO         1976    .text.FL_SPI_Enable  fm33lg0xx_fl_spi.o
    0x000046ea   0x000046ea   0x00000012   Code   RO         1958    .text.FL_SPI_EnableSSNSoftControl  fm33lg0xx_fl_spi.o
    0x000046fc   0x000046fc   0x000002a0   Code   RO         1954    .text.FL_SPI_Init   fm33lg0xx_fl_spi.o
    0x0000499c   0x0000499c   0x00000010   Code   RO          949    .text.FL_SPI_IsActiveFlag_RXBuffFull  gd25q_driver.o
    0x000049ac   0x000049ac   0x00000012   Code   RO          957    .text.FL_SPI_IsActiveFlag_TXBuffEmpty  gd25q_driver.o
    0x000049be   0x000049be   0x0000000c   Code   RO          951    .text.FL_SPI_ReadRXBuff  gd25q_driver.o
    0x000049ca   0x000049ca   0x0000001a   Code   RO         1966    .text.FL_SPI_SetBitOrder  fm33lg0xx_fl_spi.o
    0x000049e4   0x000049e4   0x0000001a   Code   RO         1964    .text.FL_SPI_SetClockDivision  fm33lg0xx_fl_spi.o
    0x000049fe   0x000049fe   0x0000001a   Code   RO         1970    .text.FL_SPI_SetClockPhase  fm33lg0xx_fl_spi.o
    0x00004a18   0x00004a18   0x0000001a   Code   RO         1974    .text.FL_SPI_SetClockPolarity  fm33lg0xx_fl_spi.o
    0x00004a32   0x00004a32   0x0000001c   Code   RO         1968    .text.FL_SPI_SetDataWidth  fm33lg0xx_fl_spi.o
    0x00004a4e   0x00004a4e   0x0000001c   Code   RO         1972    .text.FL_SPI_SetTransferMode  fm33lg0xx_fl_spi.o
    0x00004a6a   0x00004a6a   0x0000001c   Code   RO         1962    .text.FL_SPI_SetWorkMode  fm33lg0xx_fl_spi.o
    0x00004a86   0x00004a86   0x00000014   Code   RO          955    .text.FL_SPI_WriteTXBuff  gd25q_driver.o
    0x00004a9a   0x00004a9a   0x00000002   PAD
    0x00004a9c   0x00004a9c   0x00000014   Code   RO           95    .text.FL_VAO_XTLF_Enable  mf_config.o
    0x00004ab0   0x00004ab0   0x000001c0   Code   RO         2092    .text.FL_VAO_XTLF_Init  fm33lg0xx_fl_vao.o
    0x00004c70   0x00004c70   0x0000001c   Code   RO         2096    .text.FL_VAO_XTLF_SetDriveLevel  fm33lg0xx_fl_vao.o
    0x00004c8c   0x00004c8c   0x00000020   Code   RO         2094    .text.FL_VAO_XTLF_SetWorkCurrent  fm33lg0xx_fl_vao.o
    0x00004cac   0x00004cac   0x0000000e   Code   RO         1881    .text.FL_VREF_ClearFlag_Ready  fm33lg0xx_fl_adc.o
    0x00004cba   0x00004cba   0x00000012   Code   RO          121    .text.FL_VREF_Disable  mf_config.o
    0x00004ccc   0x00004ccc   0x00000012   Code   RO         1883    .text.FL_VREF_Enable  fm33lg0xx_fl_adc.o
    0x00004cde   0x00004cde   0x00000012   Code   RO         1885    .text.FL_VREF_EnableTemperatureSensor  fm33lg0xx_fl_adc.o
    0x00004cf0   0x00004cf0   0x00000010   Code   RO         1887    .text.FL_VREF_IsActiveFlag_Ready  fm33lg0xx_fl_adc.o
    0x00004d00   0x00004d00   0x00000010   Code   RO         1879    .text.FL_VREF_IsEnabled  fm33lg0xx_fl_adc.o
    0x00004d10   0x00004d10   0x00000016   Code   RO          823    .text.FlagStatusClear  control.o
    0x00004d26   0x00004d26   0x0000001c   Code   RO          819    .text.FlagStatusIs  control.o
    0x00004d42   0x00004d42   0x00000016   Code   RO          821    .text.FlagStatusSet  control.o
    0x00004d58   0x00004d58   0x00000044   Code   RO          993    .text.GD25Q16_Read  gd25q_driver.o
    0x00004d9c   0x00004d9c   0x00000050   Code   RO          987    .text.GD25QXX_Erase_Sector  gd25q_driver.o
    0x00004dec   0x00004dec   0x00000150   Code   RO          997    .text.GD25QXX_Write  gd25q_driver.o
    0x00004f3c   0x00004f3c   0x0000008e   Code   RO          995    .text.GD25QXX_Write_NoCheck  gd25q_driver.o
    0x00004fca   0x00004fca   0x00000002   PAD
    0x00004fcc   0x00004fcc   0x00000014   Code   RO         1001    .text.GD25_Sleep    gd25q_driver.o
    0x00004fe0   0x00004fe0   0x00000018   Code   RO         1003    .text.GD25_Wakeup   gd25q_driver.o
    0x00004ff8   0x00004ff8   0x00000200   Code   RO         1100    .text.GPIO_IRQHandler  interrupt.o
    0x000051f8   0x000051f8   0x00000018   Code   RO          213    .text.GetAcc        imu.o
    0x00005210   0x00005210   0x00000058   Code   RO         1023    .text.GetBatVol     getsensors.o
    0x00005268   0x00005268   0x00000564   Code   RO          217    .text.GetDryrate0   imu.o
    0x000057cc   0x000057cc   0x00000014   Code   RO          215    .text.GetGry        imu.o
    0x000057e0   0x000057e0   0x00000294   Code   RO          219    .text.GetGsense     imu.o
    0x00005a74   0x00005a74   0x0000006c   Code   RO         1213    .text.GetRFChan     lora.o
    0x00005ae0   0x00005ae0   0x00000030   Code   RO         1015    .text.GetRef        getsensors.o
    0x00005b10   0x00005b10   0x000000b4   Code   RO         1019    .text.GetSingleChannelSample_POLL  getsensors.o
    0x00005bc4   0x00005bc4   0x0000002c   Code   RO         1027    .text.GetVoltage    getsensors.o
    0x00005bf0   0x00005bf0   0x00000088   Code   RO         1164    .text.HAL_UART_Transmit  user_uart.o
    0x00005c78   0x00005c78   0x00000026   Code   RO          855    .text.HexToBcd      control.o
    0x00005c9e   0x00005c9e   0x00000010   Code   RO         1233    .text.KalmanInit    kalman.o
    0x00005cae   0x00005cae   0x00000002   PAD
    0x00005cb0   0x00005cb0   0x00000184   Code   RO         1088    .text.LPTIM_IRQHandler  interrupt.o
    0x00005e34   0x00005e34   0x00000118   Code   RO         1054    .text.LPUARTx_IRQHandler  interrupt.o
    0x00005f4c   0x00005f4c   0x0000008c   Code   RO         1209    .text.LoraRxPrce    lora.o
    0x00005fd8   0x00005fd8   0x0000001a   Code   RO           21    .text.MF_ADC_Common_Init  mf_config.o
    0x00005ff2   0x00005ff2   0x00000002   PAD
    0x00005ff4   0x00005ff4   0x00000068   Code   RO           23    .text.MF_ADC_Sampling_Init  mf_config.o
    0x0000605c   0x0000605c   0x00000018   Code   RO           15    .text.MF_CMU_XTLF_Init  mf_config.o
    0x00006074   0x00006074   0x000000c8   Code   RO           81    .text.MF_Clock_Init  mf_config.o
    0x0000613c   0x0000613c   0x00000054   Code   RO          117    .text.MF_Config_Init  mf_config.o
    0x00006190   0x00006190   0x00000012   Code   RO           27    .text.MF_EXTI_Common_Init  mf_config.o
    0x000061a2   0x000061a2   0x00000002   PAD
    0x000061a4   0x000061a4   0x00000034   Code   RO           29    .text.MF_EXTI_Line1_Init  mf_config.o
    0x000061d8   0x000061d8   0x00000034   Code   RO           31    .text.MF_EXTI_Line2_Init  mf_config.o
    0x0000620c   0x0000620c   0x00000038   Code   RO           33    .text.MF_EXTI_Line3_Init  mf_config.o
    0x00006244   0x00006244   0x000000b8   Code   RO           11    .text.MF_GPIO_Init  mf_config.o
    0x000062fc   0x000062fc   0x00000018   Code   RO           39    .text.MF_LPTIM32_Interrupt_Init  mf_config.o
    0x00006314   0x00006314   0x00000030   Code   RO           37    .text.MF_LPTIM32_TimerBase_Init  mf_config.o
    0x00006344   0x00006344   0x00000064   Code   RO           45    .text.MF_LPUART0_Init  mf_config.o
    0x000063a8   0x000063a8   0x0000001c   Code   RO           47    .text.MF_LPUART0_Interrupt_Init  mf_config.o
    0x000063c4   0x000063c4   0x0000005c   Code   RO           53    .text.MF_LPUART2_Init  mf_config.o
    0x00006420   0x00006420   0x0000001c   Code   RO           55    .text.MF_LPUART2_Interrupt_Init  mf_config.o
    0x0000643c   0x0000643c   0x0000003c   Code   RO           71    .text.MF_NVIC_Init  mf_config.o
    0x00006478   0x00006478   0x0000002c   Code   RO           19    .text.MF_PMU_Init   mf_config.o
    0x000064a4   0x000064a4   0x00000048   Code   RO          119    .text.MF_PowerUp_Config_Init  mf_config.o
    0x000064ec   0x000064ec   0x00000028   Code   RO           57    .text.MF_RTCA_Init  mf_config.o
    0x00006514   0x00006514   0x0000001c   Code   RO           59    .text.MF_RTCA_Interrupt_Init  mf_config.o
    0x00006530   0x00006530   0x00000088   Code   RO           65    .text.MF_SPI0_Init  mf_config.o
    0x000065b8   0x000065b8   0x00000090   Code   RO           67    .text.MF_SPI2_Init  mf_config.o
    0x00006648   0x00006648   0x0000004c   Code   RO           69    .text.MF_SWD_IO_Init  mf_config.o
    0x00006694   0x00006694   0x00000088   Code   RO         1183    .text.ModeSet       lora.o
    0x0000671c   0x0000671c   0x0000002c   Code   RO         1578    .text.NVIC_ClearPendingIRQ  fm33lg0xx_fl_exti.o
    0x00006748   0x00006748   0x0000002c   Code   RO         2447    .text.NVIC_DisableIRQ  fm33lg0xx_fl.o
    0x00006774   0x00006774   0x0000002c   Code   RO         2451    .text.NVIC_EnableIRQ  fm33lg0xx_fl.o
    0x000067a0   0x000067a0   0x00000088   Code   RO         2449    .text.NVIC_SetPriority  fm33lg0xx_fl.o
    0x00006828   0x00006828   0x00000038   Code   RO          873    .text.OpenTask      control.o
    0x00006860   0x00006860   0x000000b0   Code   RO         1128    .text.ProcessPktUID  rs485comm.o
    0x00006910   0x00006910   0x0000007c   Code   RO         1072    .text.RTC_IRQHandler  interrupt.o
    0x0000698c   0x0000698c   0x00000026   Code   RO          871    .text.ReadDevPara   control.o
    0x000069b2   0x000069b2   0x00000002   PAD
    0x000069b4   0x000069b4   0x00000020   Code   RO          869    .text.RestoreDevPara  control.o
    0x000069d4   0x000069d4   0x00000014   Code   RO          983    .text.SPI_FLASH_Write_Enable  gd25q_driver.o
    0x000069e8   0x000069e8   0x00000074   Code   RO          977    .text.SPI_Flash_Read  gd25q_driver.o
    0x00006a5c   0x00006a5c   0x00000034   Code   RO          979    .text.SPI_Flash_ReadSR  gd25q_driver.o
    0x00006a90   0x00006a90   0x00000014   Code   RO          981    .text.SPI_Flash_Wait_Busy  gd25q_driver.o
    0x00006aa4   0x00006aa4   0x00000080   Code   RO          989    .text.SPI_Flash_Write_Page  gd25q_driver.o
    0x00006b24   0x00006b24   0x0000006c   Code   RO          975    .text.SPIx_ReadWriteByte  gd25q_driver.o
    0x00006b90   0x00006b90   0x00000024   Code   RO          909    .text.SetSerialNo   control.o
    0x00006bb4   0x00006bb4   0x00000044   Code   RO          931    .text.StoreData     flashdata.o
    0x00006bf8   0x00006bf8   0x000000ec   Code   RO          825    .text.SysSleep      control.o
    0x00006ce4   0x00006ce4   0x00000168   Code   RO         1263    .text.SystemCoreClockUpdate  system_fm33lg0xx.o
    0x00006e4c   0x00006e4c   0x00000128   Code   RO         1267    .text.SystemInit    system_fm33lg0xx.o
    0x00006f74   0x00006f74   0x0000012c   Code   RO         1265    .text.SystemPLLClockUpdate  system_fm33lg0xx.o
    0x000070a0   0x000070a0   0x00000020   Code   RO         1203    .text.TransmitData  lora.o
    0x000070c0   0x000070c0   0x00000064   Code   RO         1118    .text.UIDProcess    rs485comm.o
    0x00007124   0x00007124   0x00000052   Code   RO          917    .text.UID_En_Decrypt  control.o
    0x00007176   0x00007176   0x0000001c   Code   RO          911    .text.UID_ReadFlash  control.o
    0x00007192   0x00007192   0x00000002   PAD
    0x00007194   0x00007194   0x00000038   Code   RO          915    .text.UID_ReadMCU   control.o
    0x000071cc   0x000071cc   0x0000001c   Code   RO          913    .text.UID_WriteFlash  control.o
    0x000071e8   0x000071e8   0x00000210   Code   RO         1205    .text.Update_Lora   lora.o
    0x000073f8   0x000073f8   0x0000000e   Code   RO         1005    .text.WritePktFlash  gd25q_driver.o
    0x00007406   0x00007406   0x00000002   PAD
    0x00007408   0x00007408   0x00000010   Code   RO          939    .text.cd            gd25q_driver.o
    0x00007418   0x00007418   0x00000014   Code   RO          943    .text.cs            gd25q_driver.o
    0x0000742c   0x0000742c   0x000000f8   Code   RO          209    .text.lsm6dsmActInit  imu.o
    0x00007524   0x00007524   0x0000002c   Code   RO          211    .text.lsm6dsmDeInit  imu.o
    0x00007550   0x00007550   0x000000d4   Code   RO          207    .text.lsm6dsmHiInit  imu.o
    0x00007624   0x00007624   0x00000058   Code   RO          336    .text.lsm6dsm_acceleration_raw_get  lsm6dsm_reg.o
    0x0000767c   0x0000767c   0x00000048   Code   RO          518    .text.lsm6dsm_act_mode_set  lsm6dsm_reg.o
    0x000076c4   0x000076c4   0x00000048   Code   RO          522    .text.lsm6dsm_act_sleep_dur_set  lsm6dsm_reg.o
    0x0000770c   0x0000770c   0x00000100   Code   RO          304    .text.lsm6dsm_all_sources_get  lsm6dsm_reg.o
    0x0000780c   0x0000780c   0x00000058   Code   RO          334    .text.lsm6dsm_angular_rate_raw_get  lsm6dsm_reg.o
    0x00007864   0x00007864   0x0000001c   Code   RO          348    .text.lsm6dsm_device_id_get  lsm6dsm_reg.o
    0x00007880   0x00007880   0x00000020   Code   RO          808    .text.lsm6dsm_from_1000dps_to_dps  lsm6dsm_reg.o
    0x000078a0   0x000078a0   0x00000020   Code   RO          248    .text.lsm6dsm_from_fs2g_to_mg  lsm6dsm_reg.o
    0x000078c0   0x000078c0   0x00000048   Code   RO          280    .text.lsm6dsm_gy_data_rate_set  lsm6dsm_reg.o
    0x00007908   0x00007908   0x0000004c   Code   RO          276    .text.lsm6dsm_gy_full_scale_set  lsm6dsm_reg.o
    0x00007954   0x00007954   0x00000044   Code   RO          300    .text.lsm6dsm_gy_power_mode_set  lsm6dsm_reg.o
    0x00007998   0x00007998   0x00000048   Code   RO          306    .text.lsm6dsm_mem_bank_set  lsm6dsm_reg.o
    0x000079e0   0x000079e0   0x000001b8   Code   RO          484    .text.lsm6dsm_pin_int1_route_get  lsm6dsm_reg.o
    0x00007b98   0x00007b98   0x000002f8   Code   RO          482    .text.lsm6dsm_pin_int1_route_set  lsm6dsm_reg.o
    0x00007e90   0x00007e90   0x00000190   Code   RO          488    .text.lsm6dsm_pin_int2_route_get  lsm6dsm_reg.o
    0x00008020   0x00008020   0x000002b8   Code   RO          486    .text.lsm6dsm_pin_int2_route_set  lsm6dsm_reg.o
    0x000082d8   0x000082d8   0x00000070   Code   RO          201    .text.lsm6dsm_read_reg  imu.o
    0x00008348   0x00008348   0x00000030   Code   RO          352    .text.lsm6dsm_reset_get  lsm6dsm_reg.o
    0x00008378   0x00008378   0x0000004c   Code   RO          350    .text.lsm6dsm_reset_set  lsm6dsm_reg.o
    0x000083c4   0x000083c4   0x0000004c   Code   RO          510    .text.lsm6dsm_wkup_dur_set  lsm6dsm_reg.o
    0x00008410   0x00008410   0x0000004c   Code   RO          506    .text.lsm6dsm_wkup_threshold_set  lsm6dsm_reg.o
    0x0000845c   0x0000845c   0x00000068   Code   RO          195    .text.lsm6dsm_write_reg  imu.o
    0x000084c4   0x000084c4   0x00000044   Code   RO          272    .text.lsm6dsm_xl_data_rate_set  lsm6dsm_reg.o
    0x00008508   0x00008508   0x0000004c   Code   RO          268    .text.lsm6dsm_xl_full_scale_set  lsm6dsm_reg.o
    0x00008554   0x00008554   0x000001f0   Code   RO          134    .text.main          main.o
    0x00008744   0x00008744   0x0000002c   Code   RO         3377    i.__ARM_fpclassify  m_ps.l(fpclassify.o)
    0x00008770   0x00008770   0x000000ac   Code   RO         3379    i.__kernel_poly     m_ps.l(poly.o)
    0x0000881c   0x0000881c   0x00000014   Code   RO         3363    i.__mathlib_dbl_divzero  m_ps.l(dunder.o)
    0x00008830   0x00008830   0x00000008   Code   RO         3365    i.__mathlib_dbl_infnan2  m_ps.l(dunder.o)
    0x00008838   0x00008838   0x00000010   Code   RO         3366    i.__mathlib_dbl_invalid  m_ps.l(dunder.o)
    0x00008848   0x00008848   0x00000014   Code   RO         3367    i.__mathlib_dbl_overflow  m_ps.l(dunder.o)
    0x0000885c   0x0000885c   0x00000014   Code   RO         3369    i.__mathlib_dbl_underflow  m_ps.l(dunder.o)
    0x00008870   0x00008870   0x00000016   Code   RO         3275    i._dgeq             fz_ps.l(dcmp.o)
    0x00008886   0x00008886   0x00000016   Code   RO         3278    i._dls              fz_ps.l(dcmp.o)
    0x0000889c   0x0000889c   0x00000016   Code   RO         3306    i._fgeq             fz_ps.l(fcmp.o)
    0x000088b2   0x000088b2   0x00000002   PAD
    0x000088b4   0x000088b4   0x000009d4   Code   RO         3329    i.pow               m_ps.l(pow.o)
    0x00009288   0x00009288   0x00000048   Code   RO         3334    i.sqrt              m_ps.l(sqrt.o)
    0x000092d0   0x000092d0   0x00000064   Code   RO         3346    x$fpl$dgeqf         fz_ps.l(dgef.o)
    0x00009334   0x00009334   0x00000064   Code   RO         3348    x$fpl$dleqf         fz_ps.l(dlef.o)
    0x00009398   0x00009398   0x00000068   Code   RO         3350    x$fpl$drleqf        fz_ps.l(drlef.o)
    0x00009400   0x00009400   0x0000008c   Code   RO         3299    x$fpl$fadd          fz_ps.l(faddsub.o)
    0x0000948c   0x0000948c   0x00000054   Code   RO         3358    x$fpl$fgeqf         fz_ps.l(fgef.o)
    0x000094e0   0x000094e0   0x000000b0   Code   RO         3326    x$fpl$fmul          fz_ps.l(fmul.o)
    0x00009590   0x00009590   0x000000d0   Code   RO         3301    x$fpl$fsub          fz_ps.l(faddsub.o)
    0x00009660   0x00009660   0x00000000   Code   RO         3362    x$fpl$usenofp       fz_ps.l(usenofp.o)
    0x00009660   0x00009660   0x00000080   Data   RO         3287    .constdata          fz_ps.l(ddiv.o)
    0x000096e0   0x000096e0   0x00000040   Data   RO         3318    .constdata          fz_ps.l(fdiv.o)
    0x00009720   0x00009720   0x00000088   Data   RO         3330    .constdata          m_ps.l(pow.o)
    0x000097a8   0x000097a8   0x00000008   Data   RO         3381    .constdata          m_ps.l(qnan.o)
    0x000097b0   0x000097b0   0x0000004c   Data   RO         1626    .rodata.setExtiLineFuncs  fm33lg0xx_fl_exti.o
    0x000097fc   0x000097fc   0x00000008   Data   RO         1627    .rodata.setTrigEdgeFuncs  fm33lg0xx_fl_exti.o
    0x00009804   0x00009804   0x00000007   Data   RO          923    .rodata.str1.1      control.o
    0x0000980b   0x0000980b   0x00000003   Data   RO         1217    .rodata.str1.1      lora.o
    0x0000980e   0x0000980e   0x00000002   PAD
    0x00009810   0x00009810   0x00000020   Data   RO         3566    Region$$Table       anon$$obj.o


    Execution Region RW_IRAM1 (Exec base: 0x20000000, Load base: 0x00009830, Size: 0x00003bf0, Max: 0x00008000, ABSOLUTE)

    Exec Addr    Load Addr    Size         Type   Attr      Idx    E Section Name        Object

    0x20000000   0x00009830   0x00000004   Data   RW         1271    .data.SystemCoreClock  system_fm33lg0xx.o
    0x20000004   0x00009834   0x00000004   Data   RW         1270    .data.XTHFClock     system_fm33lg0xx.o
    0x20000008   0x00009838   0x00000004   Data   RW         1269    .data.XTLFClock     system_fm33lg0xx.o
    0x2000000c   0x0000983c   0x00000004   PAD
    0x20000010        -       0x00000060   Zero   RW         3409    .bss                c_p.l(libspace.o)
    0x20000070        -       0x00000002   Zero   RW          181    .bss.ADCBuffer      globalval.o
    0x20000072        -       0x00000012   Zero   RW          188    .bss.DevPara        globalval.o
    0x20000084        -       0x00000044   Zero   RW         1253    .bss.DryX           kalman.o
    0x200000c8        -       0x00000044   Zero   RW         1254    .bss.DryY           kalman.o
    0x2000010c        -       0x00000044   Zero   RW         1255    .bss.DryZ           kalman.o
    0x20000150        -       0x00000001   Zero   RW          180    .bss.DyDiscardCnt   globalval.o
    0x20000151   0x0000983c   0x00000001   PAD
    0x20000152        -       0x00000002   Zero   RW          166    .bss.FlagCommStatus  globalval.o
    0x20000154        -       0x00000002   Zero   RW          167    .bss.FlagErrorStat  globalval.o
    0x20000156        -       0x00000002   Zero   RW          165    .bss.FlagGlobal     globalval.o
    0x20000158        -       0x00001000   Zero   RW          170    .bss.FlashBuffer    globalval.o
    0x20001158        -       0x00000001   Zero   RW          237    .bss.GetDryrate0.accstatic  imu.o
    0x20001159        -       0x00000001   Zero   RW          232    .bss.GetDryrate0.flag_dry_over  imu.o
    0x2000115a        -       0x00000001   Zero   RW          236    .bss.GetDryrate0.flag_init  imu.o
    0x2000115b        -       0x00000001   Zero   RW          229    .bss.GetDryrate0.flag_xr_over  imu.o
    0x2000115c        -       0x00000001   Zero   RW          230    .bss.GetDryrate0.flag_yr_over  imu.o
    0x2000115d        -       0x00000001   Zero   RW          231    .bss.GetDryrate0.flag_zr_over  imu.o
    0x2000115e        -       0x00000002   Zero   RW          227    .bss.GetDryrate0.i  imu.o
    0x20001160        -       0x00000002   Zero   RW          228    .bss.GetDryrate0.j  imu.o
    0x20001162   0x0000983c   0x00000002   PAD
    0x20001164        -       0x00000004   Zero   RW          226    .bss.GetDryrate0.sumrate  imu.o
    0x20001168        -       0x00000004   Zero   RW          223    .bss.GetDryrate0.sumx  imu.o
    0x2000116c        -       0x00000004   Zero   RW          224    .bss.GetDryrate0.sumy  imu.o
    0x20001170        -       0x00000004   Zero   RW          225    .bss.GetDryrate0.sumz  imu.o
    0x20001174        -       0x00000004   Zero   RW          233    .bss.GetDryrate0.xLmg  imu.o
    0x20001178        -       0x00000004   Zero   RW          234    .bss.GetDryrate0.yLmg  imu.o
    0x2000117c        -       0x00000004   Zero   RW          235    .bss.GetDryrate0.zLmg  imu.o
    0x20001180        -       0x00000001   Zero   RW          240    .bss.GetGsense.flagact  imu.o
    0x20001181        -       0x00000001   Zero   RW          239    .bss.GetGsense.onemotion  imu.o
    0x20001182        -       0x000000fe   Zero   RW          182    .bss.Lp0Rev         globalval.o
    0x20001280        -       0x000000fe   Zero   RW          183    .bss.Lp2Rev         globalval.o
    0x2000137e        -       0x00000001   Zero   RW          168    .bss.MagTim32Cnt    globalval.o
    0x2000137f        -       0x00000001   Zero   RW         1108    .bss.RTC_IRQHandler.i  interrupt.o
    0x20001380        -       0x00000008   Zero   RW          186    .bss.UpdateData     globalval.o
    0x20001388        -       0x00000002   Zero   RW          169    .bss.WakeUpCnt      globalval.o
    0x2000138a   0x0000983c   0x00000002   PAD
    0x2000138c        -       0x0000184c   Zero   RW          185    .bss.XYZGyRaw       globalval.o
    0x20002bd8        -       0x00000014   Zero   RW          184    .bss.XYZXLRaw       globalval.o
    0x20002bec   0x0000983c   0x00000004   PAD
    0x20002bf0        -       0x00000800   Zero   RW            2    HEAP                startup_fm33lg0xx.o
    0x200033f0        -       0x00000800   Zero   RW            1    STACK               startup_fm33lg0xx.o


==============================================================================

Image component sizes


      Code (inc. data)   RO Data    RW Data    ZI Data      Debug   Object Name

      1668         76          7          0          0      11555   control.o
        68          8          0          0          0        523   flashdata.o
       564         32          0          0          0       3878   fm33lg0xx_fl.o
      2576         44          0          0          0       9765   fm33lg0xx_fl_adc.o
      1530         36         84          0          0       8436   fm33lg0xx_fl_exti.o
       970         28          0          0          0       6097   fm33lg0xx_fl_gpio.o
      1024         32          0          0          0       7557   fm33lg0xx_fl_lptim32.o
      1780         96          0          0          0       6278   fm33lg0xx_fl_lpuart.o
       562         16          0          0          0       3070   fm33lg0xx_fl_pmu.o
       494         12          0          0          0       5072   fm33lg0xx_fl_rtca.o
      1330         32          0          0          0       5009   fm33lg0xx_fl_spi.o
       544         12          0          0          0       4300   fm33lg0xx_fl_vao.o
      1274         28          0          0          0       7104   gd25q_driver.o
       602         40          0          0          0       4106   getsensors.o
         0          0          0          0      10882       3501   globalval.o
      2886        244          0          0         40       9674   imu.o
      1756         96          0          0          1       8481   interrupt.o
       188         52          0          0        204       2706   kalman.o
      1238         76          3          0          0       5599   lora.o
      3672         56          0          0          0      91499   lsm6dsm_reg.o
       680         40          0          0          0       5110   main.o
      2282        104          0          0          0      15190   mf_config.o
       330         16          0          0          0       2976   rs485comm.o
        56         26        192          0       4096        728   startup_fm33lg0xx.o
       956        224          0         12          0       2934   system_fm33lg0xx.o
       186          4          0          0          0       3062   user_uart.o

    ----------------------------------------------------------------------
     29246       1430        320         12      15236     234210   Object Totals
         0          0         32          0          0          0   (incl. Generated)
        30          0          2          0         13          0   (incl. Padding)

    ----------------------------------------------------------------------

      Code (inc. data)   RO Data    RW Data    ZI Data      Debug   Library Member Name

         8          0          0          0          0         68   __main.o
         0          0          0          0          0          0   __rtentry.o
        12          0          0          0          0          0   __rtentry2.o
         6          0          0          0          0          0   __rtentry4.o
        60          8          0          0          0          0   __scatter.o
        26          0          0          0          0          0   __scatter_copy.o
        28          0          0          0          0          0   __scatter_zi.o
        22          0          0          0          0         92   _rserrno.o
       364          4          0          0          0         92   aeabi_sdiv.o
        16          0          0          0          0         68   exit.o
         6          0          0          0          0        136   heapauxi.o
         0          0          0          0          0          0   indicate_semi.o
         2          0          0          0          0          0   libinit.o
         2          0          0          0          0          0   libinit2.o
         2          0          0          0          0          0   libshutdown.o
         2          0          0          0          0          0   libshutdown2.o
         8          4          0          0         96         68   libspace.o
        90          0          0          0          0         68   memcmp.o
         8          4          0          0          0         68   rt_errno_addr_intlibspace.o
        64          0          0          0          0        108   rt_memclr.o
         2          0          0          0          0          0   rtexit.o
        10          0          0          0          0          0   rtexit2.o
        76          6          0          0          0         72   strcpy.o
       108          4          0          0          0         76   strncpy.o
        40          0          0          0          0         72   strstr.o
        12          4          0          0          0         60   sys_exit.o
        62          0          0          0          0         80   sys_stackheap_outer.o
         2          0          0          0          0         68   use_no_semi.o
        46          0          0          0          0         60   cmpret.o
       124          4          0          0          0         72   d2f.o
       856         20          0          0          0        208   daddsub.o
        44          0          0          0          0        136   dcmp.o
       160          6          0          0          0         76   dcmpin.o
      1096         26        128          0          0        112   ddiv.o
        88          0          0          0          0         92   dflti.o
       100          4          0          0          0         92   dgef.o
       100          4          0          0          0         92   dlef.o
       584         26          0          0          0         84   dmul.o
        20          6          0          0          0         68   dnan2.o
       104          4          0          0          0        104   drlef.o
        96         12          0          0          0         72   dscalbn.o
       256          8          0          0          0         76   dsqrt.o
        84          4          0          0          0         60   f2d.o
       348          8          0          0          0        160   faddsub.o
        22          0          0          0          0         68   fcmp.o
       100          4          0          0          0         68   fcmpin.o
       352         10         64          0          0         92   fdiv.o
        76          0          0          0          0         68   ffixi.o
        94          0          0          0          0         92   fflti.o
        84          4          0          0          0         76   fgef.o
       176          4          0          0          0         80   fmul.o
        16          6          0          0          0         68   fnan2.o
        94          0          0          0          0         68   retnan.o
         0          0          0          0          0          0   usenofp.o
        84         14          0          0          0        340   dunder.o
        44          4          0          0          0         60   fpclassify.o
       172          0          0          0          0         76   poly.o
      2516        206        136          0          0        236   pow.o
         0          0          8          0          0          0   qnan.o
        72          6          0          0          0         76   sqrt.o

    ----------------------------------------------------------------------
      9058        424        336          0         96       4228   Library Totals
        12          0          0          0          0          0   (incl. Padding)

    ----------------------------------------------------------------------

      Code (inc. data)   RO Data    RW Data    ZI Data      Debug   Library Name

      1038         34          0          0         96       1196   c_p.l
      5120        160        192          0          0       2244   fz_ps.l
      2888        230        144          0          0        788   m_ps.l

    ----------------------------------------------------------------------
      9058        424        336          0         96       4228   Library Totals

    ----------------------------------------------------------------------

==============================================================================


      Code (inc. data)   RO Data    RW Data    ZI Data      Debug   

     38304       1854        656         12      15332     235970   Grand Totals
     38304       1854        656         12      15332     235970   ELF Image Totals
     38304       1854        656         12          0          0   ROM Totals

==============================================================================

    Total RO  Size (Code + RO Data)                38960 (  38.05kB)
    Total RW  Size (RW Data + ZI Data)             15344 (  14.98kB)
    Total ROM Size (Code + RO Data + RW Data)      38972 (  38.06kB)

==============================================================================

