<html>
<body>
<pre>
<h1>µVision Build Log</h1>
<h2>Tool Versions:</h2>
IDE-Version: ¦ÌVision V5.34.0.0
Copyright (C) 2021 ARM Ltd and ARM Germany GmbH. All rights reserved.
License Information: Neton ABC, FBI, LIC=LSNXV-P0VZU-010P1-C0TKP-72GWU-IFL4N
 
Tool Versions:
Toolchain:       MDK-ARM Plus  Version: 5.34.0.0
Toolchain Path:  C:\Program Files\Keil_v5\ARM\ARMCLANG\Bin
C Compiler:      ArmClang.exe V6.16
Assembler:       Armasm.exe V6.16
Linker/Locator:  ArmLink.exe V6.16
Library Manager: ArmAr.exe V6.16
Hex Converter:   FromElf.exe V6.16
CPU DLL:         SARMCM3.DLL V5.34.0.0
Dialog DLL:      DARMCM1.DLL V1.19.4.0
Target DLL:      CMSIS_AGDI.dll V1.32.13.0
Dialog DLL:      TARMCM1.DLL V1.14.3.0
 
<h2>Project:</h2>
C:\work\Projects\inspection_well\FirmWare\Calve\V1.0\MDK-ARM\Calve.uvprojx
Project File Date:  01/19/2025

<h2>Output:</h2>
*** Using Compiler 'V6.16', folder: 'C:\Program Files\Keil_v5\ARM\ARMCLANG\Bin'
Rebuild Project 'Calve' - Target 'Calve'
compiling mf_config.c...
compiling GetSensors.c...
assembling startup_fm33lg0xx.s...
compiling main.c...
compiling Lora.c...
compiling gd25q_driver.c...
compiling flashdata.c...
compiling control.c...
compiling user_time.c...
compiling IMU.c...
compiling interrupt.c...
compiling user_uart.c...
compiling GlobalVal.c...
compiling RS485Comm.c...
compiling system_fm33lg0xx.c...
compiling lsm6dsm_reg.c...
compiling kalman.c...
compiling fm33lg0xx_fl_svd.c...
compiling fm33lg0xx_fl_lpuart.c...
compiling fm33lg0xx_fl_flash.c...
compiling fm33lg0xx_fl_dma.c...
compiling fm33lg0xx_fl_rtca.c...
compiling fm33lg0xx_fl_exti.c...
compiling fm33lg0xx_fl_comp.c...
compiling fm33lg0xx_fl_pgl.c...
compiling fm33lg0xx_fl_rtcb.c...
compiling fm33lg0xx_fl_vrefp.c...
compiling fm33lg0xx_fl_iwdt.c...
compiling fm33lg0xx_fl_aes.c...
compiling fm33lg0xx_fl_adc.c...
compiling fm33lg0xx_fl_spi.c...
compiling fm33lg0xx_fl_vao.c...
compiling fm33lg0xx_fl_lptim16.c...
compiling fm33lg0xx_fl_atim.c...
compiling fm33lg0xx_fl_crc.c...
compiling fm33lg0xx_fl_dac.c...
compiling fm33lg0xx_fl_lcd.c...
compiling fm33lg0xx_fl.c...
compiling fm33lg0xx_fl_opa.c...
compiling fm33lg0xx_fl_gptim.c...
compiling fm33lg0xx_fl_bstim32.c...
compiling fm33lg0xx_fl_cmu.c...
compiling fm33lg0xx_fl_pmu.c...
compiling fm33lg0xx_fl_lptim32.c...
compiling fm33lg0xx_fl_gpio.c...
compiling fm33lg0xx_fl_i2c.c...
compiling fm33lg0xx_fl_wwdt.c...
compiling fm33lg0xx_fl_uart.c...
compiling fm33lg0xx_fl_divas.c...
compiling fm33lg0xx_fl_u7816.c...
compiling fm33lg0xx_fl_rng.c...
compiling fm33lg0xx_fl_can.c...
compiling fm33lg0xx_fl_bstim16.c...
linking...
Program Size: Code=38304 RO-data=656 RW-data=12 ZI-data=15332  
FromELF: creating hex file...
".\Objects\Calve.axf" - 0 Error(s), 0 Warning(s).

<h2>Software Packages used:</h2>

Package Vendor: FMSH
                https://fmdevelopers.oss-cn-shanghai.aliyuncs.com/FMSH.FM33LG0XX_DFP.3.0.1.pack
                FMSH.FM33LG0XX_DFP.3.0.1
                FMSH FM33LG0XX Series Device Family Pack

<h2>Collection of Component include folders:</h2>
  C:\Users\lysql\AppData\Local\Arm\Packs\FMSH\FM33LG0XX_DFP\3.0.1\Device\Include

<h2>Collection of Component Files used:</h2>
Build Time Elapsed:  00:00:12
</pre>
</body>
</html>
