<!doctype html public "-//w3c//dtd html 4.0 transitional//en">
<html><head>
<title>Static Call Graph - [.\Objects\Calve.axf]</title></head>
<body><HR>
<H1>Static Call Graph for image .\Objects\Calve.axf</H1><HR>
<BR><P>#&#060CALLGRAPH&#062# ARM Linker, 6160001: Last Updated: Tue Jan 21 19:30:29 2025
<BR><P>
<H3>Maximum Stack Usage =        664 bytes + Unknown(Functions without stacksize, Cycles, Untraceable Function Pointers)</H3><H3>
Call chain for Maximum Stack Depth:</H3>
__rt_entry_main &rArr; main &rArr; GetGsense &rArr; pow &rArr; __kernel_poly &rArr; __aeabi_dmul
<P>
<H3>
Functions with no stack information
</H3><UL>
 <LI><a href="#[6a]">__user_initial_stackheap</a>
</UL>
</UL>
<P>
<H3>
Mutually Recursive functions
</H3> <LI><a href="#[1]">NMI_Handler</a>&nbsp;&nbsp;&nbsp;&rArr;&nbsp;&nbsp;&nbsp;<a href="#[1]">NMI_Handler</a><BR>
 <LI><a href="#[2]">HardFault_Handler</a>&nbsp;&nbsp;&nbsp;&rArr;&nbsp;&nbsp;&nbsp;<a href="#[2]">HardFault_Handler</a><BR>
 <LI><a href="#[3]">SVC_Handler</a>&nbsp;&nbsp;&nbsp;&rArr;&nbsp;&nbsp;&nbsp;<a href="#[3]">SVC_Handler</a><BR>
 <LI><a href="#[4]">PendSV_Handler</a>&nbsp;&nbsp;&nbsp;&rArr;&nbsp;&nbsp;&nbsp;<a href="#[4]">PendSV_Handler</a><BR>
 <LI><a href="#[5]">SysTick_Handler</a>&nbsp;&nbsp;&nbsp;&rArr;&nbsp;&nbsp;&nbsp;<a href="#[5]">SysTick_Handler</a><BR>
 <LI><a href="#[b]">ADC_IRQHandler</a>&nbsp;&nbsp;&nbsp;&rArr;&nbsp;&nbsp;&nbsp;<a href="#[b]">ADC_IRQHandler</a><BR>
</UL>
<P>
<H3>
Function Pointers
</H3><UL>
 <LI><a href="#[b]">ADC_IRQHandler</a> from startup_fm33lg0xx.o(.text) referenced from startup_fm33lg0xx.o(RESET)
 <LI><a href="#[19]">AES_IRQHandler</a> from startup_fm33lg0xx.o(.text) referenced from startup_fm33lg0xx.o(RESET)
 <LI><a href="#[22]">ATIM_IRQHandler</a> from startup_fm33lg0xx.o(.text) referenced from startup_fm33lg0xx.o(RESET)
 <LI><a href="#[1e]">BSTIM_IRQHandler</a> from startup_fm33lg0xx.o(.text) referenced from startup_fm33lg0xx.o(RESET)
 <LI><a href="#[25]">CAN_IRQHandler</a> from startup_fm33lg0xx.o(.text) referenced from startup_fm33lg0xx.o(RESET)
 <LI><a href="#[18]">CCL_IRQHandler</a> from startup_fm33lg0xx.o(.text) referenced from startup_fm33lg0xx.o(RESET)
 <LI><a href="#[1f]">COMPx_IRQHandler</a> from startup_fm33lg0xx.o(.text) referenced from startup_fm33lg0xx.o(RESET)
 <LI><a href="#[c]">DAC_IRQHandler</a> from startup_fm33lg0xx.o(.text) referenced from startup_fm33lg0xx.o(RESET)
 <LI><a href="#[1b]">DMA_IRQHandler</a> from startup_fm33lg0xx.o(.text) referenced from startup_fm33lg0xx.o(RESET)
 <LI><a href="#[a]">FDET_IRQHandler</a> from startup_fm33lg0xx.o(.text) referenced from startup_fm33lg0xx.o(RESET)
 <LI><a href="#[9]">FLASH_IRQHandler</a> from startup_fm33lg0xx.o(.text) referenced from startup_fm33lg0xx.o(RESET)
 <LI><a href="#[28]">FL_GPIO_SetExtiLine0</a> from fm33lg0xx_fl_exti.o(.text.FL_GPIO_SetExtiLine0) referenced from fm33lg0xx_fl_exti.o(.rodata.setExtiLineFuncs)
 <LI><a href="#[29]">FL_GPIO_SetExtiLine1</a> from fm33lg0xx_fl_exti.o(.text.FL_GPIO_SetExtiLine1) referenced from fm33lg0xx_fl_exti.o(.rodata.setExtiLineFuncs)
 <LI><a href="#[32]">FL_GPIO_SetExtiLine10</a> from fm33lg0xx_fl_exti.o(.text.FL_GPIO_SetExtiLine10) referenced from fm33lg0xx_fl_exti.o(.rodata.setExtiLineFuncs)
 <LI><a href="#[33]">FL_GPIO_SetExtiLine11</a> from fm33lg0xx_fl_exti.o(.text.FL_GPIO_SetExtiLine11) referenced from fm33lg0xx_fl_exti.o(.rodata.setExtiLineFuncs)
 <LI><a href="#[34]">FL_GPIO_SetExtiLine12</a> from fm33lg0xx_fl_exti.o(.text.FL_GPIO_SetExtiLine12) referenced from fm33lg0xx_fl_exti.o(.rodata.setExtiLineFuncs)
 <LI><a href="#[35]">FL_GPIO_SetExtiLine13</a> from fm33lg0xx_fl_exti.o(.text.FL_GPIO_SetExtiLine13) referenced from fm33lg0xx_fl_exti.o(.rodata.setExtiLineFuncs)
 <LI><a href="#[36]">FL_GPIO_SetExtiLine14</a> from fm33lg0xx_fl_exti.o(.text.FL_GPIO_SetExtiLine14) referenced from fm33lg0xx_fl_exti.o(.rodata.setExtiLineFuncs)
 <LI><a href="#[37]">FL_GPIO_SetExtiLine15</a> from fm33lg0xx_fl_exti.o(.text.FL_GPIO_SetExtiLine15) referenced from fm33lg0xx_fl_exti.o(.rodata.setExtiLineFuncs)
 <LI><a href="#[38]">FL_GPIO_SetExtiLine16</a> from fm33lg0xx_fl_exti.o(.text.FL_GPIO_SetExtiLine16) referenced from fm33lg0xx_fl_exti.o(.rodata.setExtiLineFuncs)
 <LI><a href="#[39]">FL_GPIO_SetExtiLine17</a> from fm33lg0xx_fl_exti.o(.text.FL_GPIO_SetExtiLine17) referenced from fm33lg0xx_fl_exti.o(.rodata.setExtiLineFuncs)
 <LI><a href="#[3a]">FL_GPIO_SetExtiLine18</a> from fm33lg0xx_fl_exti.o(.text.FL_GPIO_SetExtiLine18) referenced from fm33lg0xx_fl_exti.o(.rodata.setExtiLineFuncs)
 <LI><a href="#[2a]">FL_GPIO_SetExtiLine2</a> from fm33lg0xx_fl_exti.o(.text.FL_GPIO_SetExtiLine2) referenced from fm33lg0xx_fl_exti.o(.rodata.setExtiLineFuncs)
 <LI><a href="#[2b]">FL_GPIO_SetExtiLine3</a> from fm33lg0xx_fl_exti.o(.text.FL_GPIO_SetExtiLine3) referenced from fm33lg0xx_fl_exti.o(.rodata.setExtiLineFuncs)
 <LI><a href="#[2c]">FL_GPIO_SetExtiLine4</a> from fm33lg0xx_fl_exti.o(.text.FL_GPIO_SetExtiLine4) referenced from fm33lg0xx_fl_exti.o(.rodata.setExtiLineFuncs)
 <LI><a href="#[2d]">FL_GPIO_SetExtiLine5</a> from fm33lg0xx_fl_exti.o(.text.FL_GPIO_SetExtiLine5) referenced from fm33lg0xx_fl_exti.o(.rodata.setExtiLineFuncs)
 <LI><a href="#[2e]">FL_GPIO_SetExtiLine6</a> from fm33lg0xx_fl_exti.o(.text.FL_GPIO_SetExtiLine6) referenced from fm33lg0xx_fl_exti.o(.rodata.setExtiLineFuncs)
 <LI><a href="#[2f]">FL_GPIO_SetExtiLine7</a> from fm33lg0xx_fl_exti.o(.text.FL_GPIO_SetExtiLine7) referenced from fm33lg0xx_fl_exti.o(.rodata.setExtiLineFuncs)
 <LI><a href="#[30]">FL_GPIO_SetExtiLine8</a> from fm33lg0xx_fl_exti.o(.text.FL_GPIO_SetExtiLine8) referenced from fm33lg0xx_fl_exti.o(.rodata.setExtiLineFuncs)
 <LI><a href="#[31]">FL_GPIO_SetExtiLine9</a> from fm33lg0xx_fl_exti.o(.text.FL_GPIO_SetExtiLine9) referenced from fm33lg0xx_fl_exti.o(.rodata.setExtiLineFuncs)
 <LI><a href="#[3b]">FL_GPIO_SetTriggerEdge0</a> from fm33lg0xx_fl_exti.o(.text.FL_GPIO_SetTriggerEdge0) referenced from fm33lg0xx_fl_exti.o(.rodata.setTrigEdgeFuncs)
 <LI><a href="#[3c]">FL_GPIO_SetTriggerEdge1</a> from fm33lg0xx_fl_exti.o(.text.FL_GPIO_SetTriggerEdge1) referenced from fm33lg0xx_fl_exti.o(.rodata.setTrigEdgeFuncs)
 <LI><a href="#[24]">GPIO_IRQHandler</a> from interrupt.o(.text.GPIO_IRQHandler) referenced from startup_fm33lg0xx.o(RESET)
 <LI><a href="#[20]">GPTIM0_1_IRQHandler</a> from startup_fm33lg0xx.o(.text) referenced from startup_fm33lg0xx.o(RESET)
 <LI><a href="#[21]">GPTIM2_IRQHandler</a> from startup_fm33lg0xx.o(.text) referenced from startup_fm33lg0xx.o(RESET)
 <LI><a href="#[2]">HardFault_Handler</a> from startup_fm33lg0xx.o(.text) referenced from startup_fm33lg0xx.o(RESET)
 <LI><a href="#[17]">I2C_IRQHandler</a> from startup_fm33lg0xx.o(.text) referenced from startup_fm33lg0xx.o(RESET)
 <LI><a href="#[1a]">LPTIM_IRQHandler</a> from interrupt.o(.text.LPTIM_IRQHandler) referenced from startup_fm33lg0xx.o(RESET)
 <LI><a href="#[16]">LPUARTx_IRQHandler</a> from interrupt.o(.text.LPUARTx_IRQHandler) referenced from startup_fm33lg0xx.o(RESET)
 <LI><a href="#[1d]">LUT_IRQHandler</a> from startup_fm33lg0xx.o(.text) referenced from startup_fm33lg0xx.o(RESET)
 <LI><a href="#[1]">NMI_Handler</a> from startup_fm33lg0xx.o(.text) referenced from startup_fm33lg0xx.o(RESET)
 <LI><a href="#[4]">PendSV_Handler</a> from startup_fm33lg0xx.o(.text) referenced from startup_fm33lg0xx.o(RESET)
 <LI><a href="#[8]">RTC_IRQHandler</a> from interrupt.o(.text.RTC_IRQHandler) referenced from startup_fm33lg0xx.o(RESET)
 <LI><a href="#[0]">Reset_Handler</a> from startup_fm33lg0xx.o(.text) referenced from startup_fm33lg0xx.o(RESET)
 <LI><a href="#[d]">SPI0_IRQHandler</a> from startup_fm33lg0xx.o(.text) referenced from startup_fm33lg0xx.o(RESET)
 <LI><a href="#[e]">SPI1_IRQHandler</a> from startup_fm33lg0xx.o(.text) referenced from startup_fm33lg0xx.o(RESET)
 <LI><a href="#[f]">SPI2_IRQHandler</a> from startup_fm33lg0xx.o(.text) referenced from startup_fm33lg0xx.o(RESET)
 <LI><a href="#[3]">SVC_Handler</a> from startup_fm33lg0xx.o(.text) referenced from startup_fm33lg0xx.o(RESET)
 <LI><a href="#[7]">SVD_IRQHandler</a> from startup_fm33lg0xx.o(.text) referenced from startup_fm33lg0xx.o(RESET)
 <LI><a href="#[5]">SysTick_Handler</a> from startup_fm33lg0xx.o(.text) referenced from startup_fm33lg0xx.o(RESET)
 <LI><a href="#[26]">SystemInit</a> from system_fm33lg0xx.o(.text.SystemInit) referenced from startup_fm33lg0xx.o(.text)
 <LI><a href="#[15]">U7816_IRQHandler</a> from startup_fm33lg0xx.o(.text) referenced from startup_fm33lg0xx.o(RESET)
 <LI><a href="#[10]">UART0_IRQHandler</a> from startup_fm33lg0xx.o(.text) referenced from startup_fm33lg0xx.o(RESET)
 <LI><a href="#[11]">UART1_IRQHandler</a> from startup_fm33lg0xx.o(.text) referenced from startup_fm33lg0xx.o(RESET)
 <LI><a href="#[12]">UART3_IRQHandler</a> from startup_fm33lg0xx.o(.text) referenced from startup_fm33lg0xx.o(RESET)
 <LI><a href="#[13]">UART4_IRQHandler</a> from startup_fm33lg0xx.o(.text) referenced from startup_fm33lg0xx.o(RESET)
 <LI><a href="#[14]">UART5_IRQHandler</a> from startup_fm33lg0xx.o(.text) referenced from startup_fm33lg0xx.o(RESET)
 <LI><a href="#[23]">VREF_IRQHandler</a> from startup_fm33lg0xx.o(.text) referenced from startup_fm33lg0xx.o(RESET)
 <LI><a href="#[6]">WDT_IRQHandler</a> from startup_fm33lg0xx.o(.text) referenced from startup_fm33lg0xx.o(RESET)
 <LI><a href="#[1c]">WKUPx_IRQHandler</a> from startup_fm33lg0xx.o(.text) referenced from startup_fm33lg0xx.o(RESET)
 <LI><a href="#[27]">__main</a> from __main.o(!!!main) referenced from startup_fm33lg0xx.o(.text)
</UL>
<P>
<H3>
Global Symbols
</H3>
<P><STRONG><a name="[27]"></a>__main</STRONG> (Thumb, 8 bytes, Stack size 0 bytes, __main.o(!!!main))
<BR><BR>[Calls]<UL><LI><a href="#[3e]">&gt;&gt;</a>&nbsp;&nbsp;&nbsp;__rt_entry
<LI><a href="#[3d]">&gt;&gt;</a>&nbsp;&nbsp;&nbsp;__scatterload
</UL>
<BR>[Address Reference Count : 1]<UL><LI> startup_fm33lg0xx.o(.text)
</UL>
<P><STRONG><a name="[3d]"></a>__scatterload</STRONG> (Thumb, 0 bytes, Stack size unknown bytes, __scatter.o(!!!scatter))
<BR><BR>[Called By]<UL><LI><a href="#[27]">&gt;&gt;</a>&nbsp;&nbsp;&nbsp;__main
</UL>

<P><STRONG><a name="[3f]"></a>__scatterload_rt2</STRONG> (Thumb, 52 bytes, Stack size unknown bytes, __scatter.o(!!!scatter), UNUSED)
<BR><BR>[Calls]<UL><LI><a href="#[3e]">&gt;&gt;</a>&nbsp;&nbsp;&nbsp;__rt_entry
</UL>

<P><STRONG><a name="[20f]"></a>__scatterload_rt2_thumb_only</STRONG> (Thumb, 0 bytes, Stack size unknown bytes, __scatter.o(!!!scatter), UNUSED)

<P><STRONG><a name="[210]"></a>__scatterload_null</STRONG> (Thumb, 0 bytes, Stack size unknown bytes, __scatter.o(!!!scatter), UNUSED)

<P><STRONG><a name="[40]"></a>__scatterload_copy</STRONG> (Thumb, 26 bytes, Stack size unknown bytes, __scatter_copy.o(!!handler_copy), UNUSED)
<BR><BR>[Calls]<UL><LI><a href="#[40]">&gt;&gt;</a>&nbsp;&nbsp;&nbsp;__scatterload_copy
</UL>
<BR>[Called By]<UL><LI><a href="#[40]">&gt;&gt;</a>&nbsp;&nbsp;&nbsp;__scatterload_copy
</UL>

<P><STRONG><a name="[211]"></a>__scatterload_zeroinit</STRONG> (Thumb, 28 bytes, Stack size unknown bytes, __scatter_zi.o(!!handler_zi), UNUSED)

<P><STRONG><a name="[44]"></a>__rt_lib_init</STRONG> (Thumb, 0 bytes, Stack size unknown bytes, libinit.o(.ARM.Collect$$libinit$$00000000))
<BR><BR>[Called By]<UL><LI><a href="#[43]">&gt;&gt;</a>&nbsp;&nbsp;&nbsp;__rt_entry_li
</UL>

<P><STRONG><a name="[212]"></a>__rt_lib_init_alloca_1</STRONG> (Thumb, 0 bytes, Stack size unknown bytes, libinit2.o(.ARM.Collect$$libinit$$0000002E))

<P><STRONG><a name="[213]"></a>__rt_lib_init_argv_1</STRONG> (Thumb, 0 bytes, Stack size unknown bytes, libinit2.o(.ARM.Collect$$libinit$$0000002C))

<P><STRONG><a name="[214]"></a>__rt_lib_init_atexit_1</STRONG> (Thumb, 0 bytes, Stack size unknown bytes, libinit2.o(.ARM.Collect$$libinit$$0000001B))

<P><STRONG><a name="[215]"></a>__rt_lib_init_clock_1</STRONG> (Thumb, 0 bytes, Stack size unknown bytes, libinit2.o(.ARM.Collect$$libinit$$00000021))

<P><STRONG><a name="[216]"></a>__rt_lib_init_cpp_1</STRONG> (Thumb, 0 bytes, Stack size unknown bytes, libinit2.o(.ARM.Collect$$libinit$$00000032))

<P><STRONG><a name="[217]"></a>__rt_lib_init_exceptions_1</STRONG> (Thumb, 0 bytes, Stack size unknown bytes, libinit2.o(.ARM.Collect$$libinit$$00000030))

<P><STRONG><a name="[218]"></a>__rt_lib_init_fp_1</STRONG> (Thumb, 0 bytes, Stack size unknown bytes, libinit2.o(.ARM.Collect$$libinit$$00000002))

<P><STRONG><a name="[219]"></a>__rt_lib_init_fp_trap_1</STRONG> (Thumb, 0 bytes, Stack size unknown bytes, libinit2.o(.ARM.Collect$$libinit$$0000001F))

<P><STRONG><a name="[21a]"></a>__rt_lib_init_getenv_1</STRONG> (Thumb, 0 bytes, Stack size unknown bytes, libinit2.o(.ARM.Collect$$libinit$$00000023))

<P><STRONG><a name="[21b]"></a>__rt_lib_init_heap_1</STRONG> (Thumb, 0 bytes, Stack size unknown bytes, libinit2.o(.ARM.Collect$$libinit$$0000000A))

<P><STRONG><a name="[21c]"></a>__rt_lib_init_lc_collate_1</STRONG> (Thumb, 0 bytes, Stack size unknown bytes, libinit2.o(.ARM.Collect$$libinit$$00000011))

<P><STRONG><a name="[21d]"></a>__rt_lib_init_lc_ctype_1</STRONG> (Thumb, 0 bytes, Stack size unknown bytes, libinit2.o(.ARM.Collect$$libinit$$00000013))

<P><STRONG><a name="[21e]"></a>__rt_lib_init_lc_monetary_1</STRONG> (Thumb, 0 bytes, Stack size unknown bytes, libinit2.o(.ARM.Collect$$libinit$$00000015))

<P><STRONG><a name="[21f]"></a>__rt_lib_init_lc_numeric_1</STRONG> (Thumb, 0 bytes, Stack size unknown bytes, libinit2.o(.ARM.Collect$$libinit$$00000017))

<P><STRONG><a name="[220]"></a>__rt_lib_init_lc_time_1</STRONG> (Thumb, 0 bytes, Stack size unknown bytes, libinit2.o(.ARM.Collect$$libinit$$00000019))

<P><STRONG><a name="[221]"></a>__rt_lib_init_preinit_1</STRONG> (Thumb, 0 bytes, Stack size unknown bytes, libinit2.o(.ARM.Collect$$libinit$$00000004))

<P><STRONG><a name="[222]"></a>__rt_lib_init_rand_1</STRONG> (Thumb, 0 bytes, Stack size unknown bytes, libinit2.o(.ARM.Collect$$libinit$$0000000E))

<P><STRONG><a name="[223]"></a>__rt_lib_init_return</STRONG> (Thumb, 0 bytes, Stack size unknown bytes, libinit2.o(.ARM.Collect$$libinit$$00000033))

<P><STRONG><a name="[224]"></a>__rt_lib_init_signal_1</STRONG> (Thumb, 0 bytes, Stack size unknown bytes, libinit2.o(.ARM.Collect$$libinit$$0000001D))

<P><STRONG><a name="[225]"></a>__rt_lib_init_stdio_1</STRONG> (Thumb, 0 bytes, Stack size unknown bytes, libinit2.o(.ARM.Collect$$libinit$$00000025))

<P><STRONG><a name="[226]"></a>__rt_lib_init_user_alloc_1</STRONG> (Thumb, 0 bytes, Stack size unknown bytes, libinit2.o(.ARM.Collect$$libinit$$0000000C))

<P><STRONG><a name="[49]"></a>__rt_lib_shutdown</STRONG> (Thumb, 0 bytes, Stack size unknown bytes, libshutdown.o(.ARM.Collect$$libshutdown$$00000000))
<BR><BR>[Called By]<UL><LI><a href="#[48]">&gt;&gt;</a>&nbsp;&nbsp;&nbsp;__rt_exit_ls
</UL>

<P><STRONG><a name="[227]"></a>__rt_lib_shutdown_cpp_1</STRONG> (Thumb, 0 bytes, Stack size unknown bytes, libshutdown2.o(.ARM.Collect$$libshutdown$$00000002))

<P><STRONG><a name="[228]"></a>__rt_lib_shutdown_fp_trap_1</STRONG> (Thumb, 0 bytes, Stack size unknown bytes, libshutdown2.o(.ARM.Collect$$libshutdown$$00000007))

<P><STRONG><a name="[229]"></a>__rt_lib_shutdown_heap_1</STRONG> (Thumb, 0 bytes, Stack size unknown bytes, libshutdown2.o(.ARM.Collect$$libshutdown$$0000000F))

<P><STRONG><a name="[22a]"></a>__rt_lib_shutdown_return</STRONG> (Thumb, 0 bytes, Stack size unknown bytes, libshutdown2.o(.ARM.Collect$$libshutdown$$00000010))

<P><STRONG><a name="[22b]"></a>__rt_lib_shutdown_signal_1</STRONG> (Thumb, 0 bytes, Stack size unknown bytes, libshutdown2.o(.ARM.Collect$$libshutdown$$0000000A))

<P><STRONG><a name="[22c]"></a>__rt_lib_shutdown_stdio_1</STRONG> (Thumb, 0 bytes, Stack size unknown bytes, libshutdown2.o(.ARM.Collect$$libshutdown$$00000004))

<P><STRONG><a name="[22d]"></a>__rt_lib_shutdown_user_alloc_1</STRONG> (Thumb, 0 bytes, Stack size unknown bytes, libshutdown2.o(.ARM.Collect$$libshutdown$$0000000C))

<P><STRONG><a name="[3e]"></a>__rt_entry</STRONG> (Thumb, 0 bytes, Stack size unknown bytes, __rtentry.o(.ARM.Collect$$rtentry$$00000000))
<BR><BR>[Called By]<UL><LI><a href="#[27]">&gt;&gt;</a>&nbsp;&nbsp;&nbsp;__main
<LI><a href="#[3f]">&gt;&gt;</a>&nbsp;&nbsp;&nbsp;__scatterload_rt2
</UL>

<P><STRONG><a name="[22e]"></a>__rt_entry_presh_1</STRONG> (Thumb, 0 bytes, Stack size unknown bytes, __rtentry2.o(.ARM.Collect$$rtentry$$00000002))

<P><STRONG><a name="[41]"></a>__rt_entry_sh</STRONG> (Thumb, 0 bytes, Stack size unknown bytes, __rtentry4.o(.ARM.Collect$$rtentry$$00000004))
<BR><BR>[Stack]<UL><LI>Max Depth = 8 + Unknown Stack Size
<LI>Call Chain = __rt_entry_sh &rArr; __user_setup_stackheap
</UL>
<BR>[Calls]<UL><LI><a href="#[42]">&gt;&gt;</a>&nbsp;&nbsp;&nbsp;__user_setup_stackheap
</UL>

<P><STRONG><a name="[43]"></a>__rt_entry_li</STRONG> (Thumb, 0 bytes, Stack size unknown bytes, __rtentry2.o(.ARM.Collect$$rtentry$$0000000A))
<BR><BR>[Calls]<UL><LI><a href="#[44]">&gt;&gt;</a>&nbsp;&nbsp;&nbsp;__rt_lib_init
</UL>

<P><STRONG><a name="[22f]"></a>__rt_entry_postsh_1</STRONG> (Thumb, 0 bytes, Stack size unknown bytes, __rtentry2.o(.ARM.Collect$$rtentry$$00000009))

<P><STRONG><a name="[45]"></a>__rt_entry_main</STRONG> (Thumb, 0 bytes, Stack size unknown bytes, __rtentry2.o(.ARM.Collect$$rtentry$$0000000D))
<BR><BR>[Stack]<UL><LI>Max Depth = 664 + Unknown Stack Size
<LI>Call Chain = __rt_entry_main &rArr; main &rArr; GetGsense &rArr; pow &rArr; __kernel_poly &rArr; __aeabi_dmul
</UL>
<BR>[Calls]<UL><LI><a href="#[46]">&gt;&gt;</a>&nbsp;&nbsp;&nbsp;main
<LI><a href="#[47]">&gt;&gt;</a>&nbsp;&nbsp;&nbsp;exit
</UL>

<P><STRONG><a name="[230]"></a>__rt_entry_postli_1</STRONG> (Thumb, 0 bytes, Stack size unknown bytes, __rtentry2.o(.ARM.Collect$$rtentry$$0000000C))

<P><STRONG><a name="[6c]"></a>__rt_exit</STRONG> (Thumb, 0 bytes, Stack size unknown bytes, rtexit.o(.ARM.Collect$$rtexit$$00000000))
<BR><BR>[Called By]<UL><LI><a href="#[47]">&gt;&gt;</a>&nbsp;&nbsp;&nbsp;exit
</UL>

<P><STRONG><a name="[48]"></a>__rt_exit_ls</STRONG> (Thumb, 0 bytes, Stack size unknown bytes, rtexit2.o(.ARM.Collect$$rtexit$$00000003))
<BR><BR>[Calls]<UL><LI><a href="#[49]">&gt;&gt;</a>&nbsp;&nbsp;&nbsp;__rt_lib_shutdown
</UL>

<P><STRONG><a name="[231]"></a>__rt_exit_prels_1</STRONG> (Thumb, 0 bytes, Stack size unknown bytes, rtexit2.o(.ARM.Collect$$rtexit$$00000002))

<P><STRONG><a name="[4a]"></a>__rt_exit_exit</STRONG> (Thumb, 0 bytes, Stack size unknown bytes, rtexit2.o(.ARM.Collect$$rtexit$$00000004))
<BR><BR>[Calls]<UL><LI><a href="#[4b]">&gt;&gt;</a>&nbsp;&nbsp;&nbsp;_sys_exit
</UL>

<P><STRONG><a name="[0]"></a>Reset_Handler</STRONG> (Thumb, 8 bytes, Stack size 0 bytes, startup_fm33lg0xx.o(.text))
<BR>[Address Reference Count : 1]<UL><LI> startup_fm33lg0xx.o(RESET)
</UL>
<P><STRONG><a name="[1]"></a>NMI_Handler</STRONG> (Thumb, 2 bytes, Stack size 0 bytes, startup_fm33lg0xx.o(.text))
<BR><BR>[Calls]<UL><LI><a href="#[1]">&gt;&gt;</a>&nbsp;&nbsp;&nbsp;NMI_Handler
</UL>
<BR>[Called By]<UL><LI><a href="#[1]">&gt;&gt;</a>&nbsp;&nbsp;&nbsp;NMI_Handler
</UL>
<BR>[Address Reference Count : 1]<UL><LI> startup_fm33lg0xx.o(RESET)
</UL>
<P><STRONG><a name="[2]"></a>HardFault_Handler</STRONG> (Thumb, 2 bytes, Stack size 0 bytes, startup_fm33lg0xx.o(.text))
<BR><BR>[Calls]<UL><LI><a href="#[2]">&gt;&gt;</a>&nbsp;&nbsp;&nbsp;HardFault_Handler
</UL>
<BR>[Called By]<UL><LI><a href="#[2]">&gt;&gt;</a>&nbsp;&nbsp;&nbsp;HardFault_Handler
</UL>
<BR>[Address Reference Count : 1]<UL><LI> startup_fm33lg0xx.o(RESET)
</UL>
<P><STRONG><a name="[3]"></a>SVC_Handler</STRONG> (Thumb, 2 bytes, Stack size 0 bytes, startup_fm33lg0xx.o(.text))
<BR><BR>[Calls]<UL><LI><a href="#[3]">&gt;&gt;</a>&nbsp;&nbsp;&nbsp;SVC_Handler
</UL>
<BR>[Called By]<UL><LI><a href="#[3]">&gt;&gt;</a>&nbsp;&nbsp;&nbsp;SVC_Handler
</UL>
<BR>[Address Reference Count : 1]<UL><LI> startup_fm33lg0xx.o(RESET)
</UL>
<P><STRONG><a name="[4]"></a>PendSV_Handler</STRONG> (Thumb, 2 bytes, Stack size 0 bytes, startup_fm33lg0xx.o(.text))
<BR><BR>[Calls]<UL><LI><a href="#[4]">&gt;&gt;</a>&nbsp;&nbsp;&nbsp;PendSV_Handler
</UL>
<BR>[Called By]<UL><LI><a href="#[4]">&gt;&gt;</a>&nbsp;&nbsp;&nbsp;PendSV_Handler
</UL>
<BR>[Address Reference Count : 1]<UL><LI> startup_fm33lg0xx.o(RESET)
</UL>
<P><STRONG><a name="[5]"></a>SysTick_Handler</STRONG> (Thumb, 2 bytes, Stack size 0 bytes, startup_fm33lg0xx.o(.text))
<BR><BR>[Calls]<UL><LI><a href="#[5]">&gt;&gt;</a>&nbsp;&nbsp;&nbsp;SysTick_Handler
</UL>
<BR>[Called By]<UL><LI><a href="#[5]">&gt;&gt;</a>&nbsp;&nbsp;&nbsp;SysTick_Handler
</UL>
<BR>[Address Reference Count : 1]<UL><LI> startup_fm33lg0xx.o(RESET)
</UL>
<P><STRONG><a name="[b]"></a>ADC_IRQHandler</STRONG> (Thumb, 0 bytes, Stack size 0 bytes, startup_fm33lg0xx.o(.text))
<BR><BR>[Calls]<UL><LI><a href="#[b]">&gt;&gt;</a>&nbsp;&nbsp;&nbsp;ADC_IRQHandler
</UL>
<BR>[Called By]<UL><LI><a href="#[b]">&gt;&gt;</a>&nbsp;&nbsp;&nbsp;ADC_IRQHandler
</UL>
<BR>[Address Reference Count : 1]<UL><LI> startup_fm33lg0xx.o(RESET)
</UL>
<P><STRONG><a name="[19]"></a>AES_IRQHandler</STRONG> (Thumb, 0 bytes, Stack size 0 bytes, startup_fm33lg0xx.o(.text))
<BR>[Address Reference Count : 1]<UL><LI> startup_fm33lg0xx.o(RESET)
</UL>
<P><STRONG><a name="[22]"></a>ATIM_IRQHandler</STRONG> (Thumb, 0 bytes, Stack size 0 bytes, startup_fm33lg0xx.o(.text))
<BR>[Address Reference Count : 1]<UL><LI> startup_fm33lg0xx.o(RESET)
</UL>
<P><STRONG><a name="[1e]"></a>BSTIM_IRQHandler</STRONG> (Thumb, 0 bytes, Stack size 0 bytes, startup_fm33lg0xx.o(.text))
<BR>[Address Reference Count : 1]<UL><LI> startup_fm33lg0xx.o(RESET)
</UL>
<P><STRONG><a name="[25]"></a>CAN_IRQHandler</STRONG> (Thumb, 0 bytes, Stack size 0 bytes, startup_fm33lg0xx.o(.text))
<BR>[Address Reference Count : 1]<UL><LI> startup_fm33lg0xx.o(RESET)
</UL>
<P><STRONG><a name="[18]"></a>CCL_IRQHandler</STRONG> (Thumb, 0 bytes, Stack size 0 bytes, startup_fm33lg0xx.o(.text))
<BR>[Address Reference Count : 1]<UL><LI> startup_fm33lg0xx.o(RESET)
</UL>
<P><STRONG><a name="[1f]"></a>COMPx_IRQHandler</STRONG> (Thumb, 0 bytes, Stack size 0 bytes, startup_fm33lg0xx.o(.text))
<BR>[Address Reference Count : 1]<UL><LI> startup_fm33lg0xx.o(RESET)
</UL>
<P><STRONG><a name="[c]"></a>DAC_IRQHandler</STRONG> (Thumb, 0 bytes, Stack size 0 bytes, startup_fm33lg0xx.o(.text))
<BR>[Address Reference Count : 1]<UL><LI> startup_fm33lg0xx.o(RESET)
</UL>
<P><STRONG><a name="[1b]"></a>DMA_IRQHandler</STRONG> (Thumb, 0 bytes, Stack size 0 bytes, startup_fm33lg0xx.o(.text))
<BR>[Address Reference Count : 1]<UL><LI> startup_fm33lg0xx.o(RESET)
</UL>
<P><STRONG><a name="[a]"></a>FDET_IRQHandler</STRONG> (Thumb, 0 bytes, Stack size 0 bytes, startup_fm33lg0xx.o(.text))
<BR>[Address Reference Count : 1]<UL><LI> startup_fm33lg0xx.o(RESET)
</UL>
<P><STRONG><a name="[9]"></a>FLASH_IRQHandler</STRONG> (Thumb, 0 bytes, Stack size 0 bytes, startup_fm33lg0xx.o(.text))
<BR>[Address Reference Count : 1]<UL><LI> startup_fm33lg0xx.o(RESET)
</UL>
<P><STRONG><a name="[20]"></a>GPTIM0_1_IRQHandler</STRONG> (Thumb, 0 bytes, Stack size 0 bytes, startup_fm33lg0xx.o(.text))
<BR>[Address Reference Count : 1]<UL><LI> startup_fm33lg0xx.o(RESET)
</UL>
<P><STRONG><a name="[21]"></a>GPTIM2_IRQHandler</STRONG> (Thumb, 0 bytes, Stack size 0 bytes, startup_fm33lg0xx.o(.text))
<BR>[Address Reference Count : 1]<UL><LI> startup_fm33lg0xx.o(RESET)
</UL>
<P><STRONG><a name="[17]"></a>I2C_IRQHandler</STRONG> (Thumb, 0 bytes, Stack size 0 bytes, startup_fm33lg0xx.o(.text))
<BR>[Address Reference Count : 1]<UL><LI> startup_fm33lg0xx.o(RESET)
</UL>
<P><STRONG><a name="[1d]"></a>LUT_IRQHandler</STRONG> (Thumb, 0 bytes, Stack size 0 bytes, startup_fm33lg0xx.o(.text))
<BR>[Address Reference Count : 1]<UL><LI> startup_fm33lg0xx.o(RESET)
</UL>
<P><STRONG><a name="[d]"></a>SPI0_IRQHandler</STRONG> (Thumb, 0 bytes, Stack size 0 bytes, startup_fm33lg0xx.o(.text))
<BR>[Address Reference Count : 1]<UL><LI> startup_fm33lg0xx.o(RESET)
</UL>
<P><STRONG><a name="[e]"></a>SPI1_IRQHandler</STRONG> (Thumb, 0 bytes, Stack size 0 bytes, startup_fm33lg0xx.o(.text))
<BR>[Address Reference Count : 1]<UL><LI> startup_fm33lg0xx.o(RESET)
</UL>
<P><STRONG><a name="[f]"></a>SPI2_IRQHandler</STRONG> (Thumb, 0 bytes, Stack size 0 bytes, startup_fm33lg0xx.o(.text))
<BR>[Address Reference Count : 1]<UL><LI> startup_fm33lg0xx.o(RESET)
</UL>
<P><STRONG><a name="[7]"></a>SVD_IRQHandler</STRONG> (Thumb, 0 bytes, Stack size 0 bytes, startup_fm33lg0xx.o(.text))
<BR>[Address Reference Count : 1]<UL><LI> startup_fm33lg0xx.o(RESET)
</UL>
<P><STRONG><a name="[15]"></a>U7816_IRQHandler</STRONG> (Thumb, 0 bytes, Stack size 0 bytes, startup_fm33lg0xx.o(.text))
<BR>[Address Reference Count : 1]<UL><LI> startup_fm33lg0xx.o(RESET)
</UL>
<P><STRONG><a name="[10]"></a>UART0_IRQHandler</STRONG> (Thumb, 0 bytes, Stack size 0 bytes, startup_fm33lg0xx.o(.text))
<BR>[Address Reference Count : 1]<UL><LI> startup_fm33lg0xx.o(RESET)
</UL>
<P><STRONG><a name="[11]"></a>UART1_IRQHandler</STRONG> (Thumb, 0 bytes, Stack size 0 bytes, startup_fm33lg0xx.o(.text))
<BR>[Address Reference Count : 1]<UL><LI> startup_fm33lg0xx.o(RESET)
</UL>
<P><STRONG><a name="[12]"></a>UART3_IRQHandler</STRONG> (Thumb, 0 bytes, Stack size 0 bytes, startup_fm33lg0xx.o(.text))
<BR>[Address Reference Count : 1]<UL><LI> startup_fm33lg0xx.o(RESET)
</UL>
<P><STRONG><a name="[13]"></a>UART4_IRQHandler</STRONG> (Thumb, 0 bytes, Stack size 0 bytes, startup_fm33lg0xx.o(.text))
<BR>[Address Reference Count : 1]<UL><LI> startup_fm33lg0xx.o(RESET)
</UL>
<P><STRONG><a name="[14]"></a>UART5_IRQHandler</STRONG> (Thumb, 0 bytes, Stack size 0 bytes, startup_fm33lg0xx.o(.text))
<BR>[Address Reference Count : 1]<UL><LI> startup_fm33lg0xx.o(RESET)
</UL>
<P><STRONG><a name="[23]"></a>VREF_IRQHandler</STRONG> (Thumb, 0 bytes, Stack size 0 bytes, startup_fm33lg0xx.o(.text))
<BR>[Address Reference Count : 1]<UL><LI> startup_fm33lg0xx.o(RESET)
</UL>
<P><STRONG><a name="[6]"></a>WDT_IRQHandler</STRONG> (Thumb, 0 bytes, Stack size 0 bytes, startup_fm33lg0xx.o(.text))
<BR>[Address Reference Count : 1]<UL><LI> startup_fm33lg0xx.o(RESET)
</UL>
<P><STRONG><a name="[1c]"></a>WKUPx_IRQHandler</STRONG> (Thumb, 0 bytes, Stack size 0 bytes, startup_fm33lg0xx.o(.text))
<BR>[Address Reference Count : 1]<UL><LI> startup_fm33lg0xx.o(RESET)
</UL>
<P><STRONG><a name="[6a]"></a>__user_initial_stackheap</STRONG> (Thumb, 0 bytes, Stack size unknown bytes, startup_fm33lg0xx.o(.text))
<BR><BR>[Called By]<UL><LI><a href="#[42]">&gt;&gt;</a>&nbsp;&nbsp;&nbsp;__user_setup_stackheap
</UL>

<P><STRONG><a name="[1da]"></a>strstr</STRONG> (Thumb, 40 bytes, Stack size 12 bytes, strstr.o(.text))
<BR><BR>[Stack]<UL><LI>Max Depth = 12<LI>Call Chain = strstr
</UL>
<BR>[Called By]<UL><LI><a href="#[1d8]">&gt;&gt;</a>&nbsp;&nbsp;&nbsp;Update_Lora
</UL>

<P><STRONG><a name="[7c]"></a>memcmp</STRONG> (Thumb, 90 bytes, Stack size 8 bytes, memcmp.o(.text))
<BR><BR>[Stack]<UL><LI>Max Depth = 8<LI>Call Chain = memcmp
</UL>
<BR>[Called By]<UL><LI><a href="#[76]">&gt;&gt;</a>&nbsp;&nbsp;&nbsp;ConfigWirlessModule
</UL>

<P><STRONG><a name="[1c2]"></a>strcpy</STRONG> (Thumb, 70 bytes, Stack size 16 bytes, strcpy.o(.text))
<BR><BR>[Stack]<UL><LI>Max Depth = 16<LI>Call Chain = strcpy
</UL>
<BR>[Called By]<UL><LI><a href="#[1c1]">&gt;&gt;</a>&nbsp;&nbsp;&nbsp;RestoreDevPara
</UL>

<P><STRONG><a name="[4d]"></a>_memset_w</STRONG> (Thumb, 26 bytes, Stack size 0 bytes, rt_memclr.o(.text))
<BR><BR>[Called By]<UL><LI><a href="#[4f]">&gt;&gt;</a>&nbsp;&nbsp;&nbsp;__rt_memclr_w
<LI><a href="#[4c]">&gt;&gt;</a>&nbsp;&nbsp;&nbsp;_memset
</UL>

<P><STRONG><a name="[4c]"></a>_memset</STRONG> (Thumb, 30 bytes, Stack size 0 bytes, rt_memclr.o(.text))
<BR><BR>[Calls]<UL><LI><a href="#[4d]">&gt;&gt;</a>&nbsp;&nbsp;&nbsp;_memset_w
</UL>
<BR>[Called By]<UL><LI><a href="#[4e]">&gt;&gt;</a>&nbsp;&nbsp;&nbsp;__aeabi_memclr
</UL>

<P><STRONG><a name="[4e]"></a>__aeabi_memclr</STRONG> (Thumb, 4 bytes, Stack size 0 bytes, rt_memclr.o(.text))
<BR><BR>[Calls]<UL><LI><a href="#[4c]">&gt;&gt;</a>&nbsp;&nbsp;&nbsp;_memset
</UL>
<BR>[Called By]<UL><LI><a href="#[15e]">&gt;&gt;</a>&nbsp;&nbsp;&nbsp;GetGsense
</UL>

<P><STRONG><a name="[51]"></a>__rt_memclr</STRONG> (Thumb, 0 bytes, Stack size 0 bytes, rt_memclr.o(.text))
<BR><BR>[Called By]<UL><LI><a href="#[50]">&gt;&gt;</a>&nbsp;&nbsp;&nbsp;strncpy
</UL>

<P><STRONG><a name="[232]"></a>__aeabi_memclr4</STRONG> (Thumb, 0 bytes, Stack size 0 bytes, rt_memclr.o(.text), UNUSED)

<P><STRONG><a name="[233]"></a>__aeabi_memclr8</STRONG> (Thumb, 0 bytes, Stack size 0 bytes, rt_memclr.o(.text), UNUSED)

<P><STRONG><a name="[4f]"></a>__rt_memclr_w</STRONG> (Thumb, 4 bytes, Stack size 0 bytes, rt_memclr.o(.text), UNUSED)
<BR><BR>[Calls]<UL><LI><a href="#[4d]">&gt;&gt;</a>&nbsp;&nbsp;&nbsp;_memset_w
</UL>

<P><STRONG><a name="[50]"></a>strncpy</STRONG> (Thumb, 104 bytes, Stack size 24 bytes, strncpy.o(.text))
<BR><BR>[Stack]<UL><LI>Max Depth = 24<LI>Call Chain = strncpy
</UL>
<BR>[Calls]<UL><LI><a href="#[51]">&gt;&gt;</a>&nbsp;&nbsp;&nbsp;__rt_memclr
</UL>
<BR>[Called By]<UL><LI><a href="#[1b6]">&gt;&gt;</a>&nbsp;&nbsp;&nbsp;SetSerialNo
</UL>

<P><STRONG><a name="[c5]"></a>__aeabi_uidiv</STRONG> (Thumb, 0 bytes, Stack size 0 bytes, aeabi_sdiv.o(.text))
<BR><BR>[Called By]<UL><LI><a href="#[ca]">&gt;&gt;</a>&nbsp;&nbsp;&nbsp;FL_EXTI_Init
<LI><a href="#[1d0]">&gt;&gt;</a>&nbsp;&nbsp;&nbsp;SystemPLLClockUpdate
<LI><a href="#[c4]">&gt;&gt;</a>&nbsp;&nbsp;&nbsp;FL_DelayUsStart
<LI><a href="#[c3]">&gt;&gt;</a>&nbsp;&nbsp;&nbsp;FL_DelayUs
</UL>

<P><STRONG><a name="[173]"></a>__aeabi_uidivmod</STRONG> (Thumb, 20 bytes, Stack size 0 bytes, aeabi_sdiv.o(.text))
<BR><BR>[Called By]<UL><LI><a href="#[1d2]">&gt;&gt;</a>&nbsp;&nbsp;&nbsp;UID_En_Decrypt
<LI><a href="#[16]">&gt;&gt;</a>&nbsp;&nbsp;&nbsp;LPUARTx_IRQHandler
<LI><a href="#[14d]">&gt;&gt;</a>&nbsp;&nbsp;&nbsp;HexToBcd
</UL>

<P><STRONG><a name="[234]"></a>__aeabi_idiv</STRONG> (Thumb, 0 bytes, Stack size 8 bytes, aeabi_sdiv.o(.text), UNUSED)

<P><STRONG><a name="[235]"></a>__aeabi_idivmod</STRONG> (Thumb, 338 bytes, Stack size 8 bytes, aeabi_sdiv.o(.text), UNUSED)

<P><STRONG><a name="[236]"></a>__use_two_region_memory</STRONG> (Thumb, 2 bytes, Stack size 0 bytes, heapauxi.o(.text), UNUSED)

<P><STRONG><a name="[237]"></a>__rt_heap_escrow$2region</STRONG> (Thumb, 2 bytes, Stack size 0 bytes, heapauxi.o(.text), UNUSED)

<P><STRONG><a name="[238]"></a>__rt_heap_expand$2region</STRONG> (Thumb, 2 bytes, Stack size 0 bytes, heapauxi.o(.text), UNUSED)

<P><STRONG><a name="[14b]"></a>__aeabi_d2f</STRONG> (Thumb, 0 bytes, Stack size 12 bytes, d2f.o(.text))
<BR><BR>[Stack]<UL><LI>Max Depth = 12<LI>Call Chain = __aeabi_d2f
</UL>
<BR>[Called By]<UL><LI><a href="#[15e]">&gt;&gt;</a>&nbsp;&nbsp;&nbsp;GetGsense
<LI><a href="#[14e]">&gt;&gt;</a>&nbsp;&nbsp;&nbsp;GetDryrate0
<LI><a href="#[70]">&gt;&gt;</a>&nbsp;&nbsp;&nbsp;GetBatVol
</UL>

<P><STRONG><a name="[239]"></a>_d2f</STRONG> (Thumb, 120 bytes, Stack size 12 bytes, d2f.o(.text), UNUSED)

<P><STRONG><a name="[149]"></a>__aeabi_dadd</STRONG> (Thumb, 0 bytes, Stack size 8 bytes, daddsub.o(.text))
<BR><BR>[Stack]<UL><LI>Max Depth = 8<LI>Call Chain = __aeabi_dadd
</UL>
<BR>[Called By]<UL><LI><a href="#[15e]">&gt;&gt;</a>&nbsp;&nbsp;&nbsp;GetGsense
<LI><a href="#[14e]">&gt;&gt;</a>&nbsp;&nbsp;&nbsp;GetDryrate0
<LI><a href="#[70]">&gt;&gt;</a>&nbsp;&nbsp;&nbsp;GetBatVol
<LI><a href="#[1f8]">&gt;&gt;</a>&nbsp;&nbsp;&nbsp;__kernel_poly
<LI><a href="#[1fa]">&gt;&gt;</a>&nbsp;&nbsp;&nbsp;__mathlib_dbl_infnan2
<LI><a href="#[152]">&gt;&gt;</a>&nbsp;&nbsp;&nbsp;pow
</UL>

<P><STRONG><a name="[52]"></a>_dadd</STRONG> (Thumb, 26 bytes, Stack size 8 bytes, daddsub.o(.text), UNUSED)
<BR><BR>[Calls]<UL><LI><a href="#[53]">&gt;&gt;</a>&nbsp;&nbsp;&nbsp;_dsub1
<LI><a href="#[54]">&gt;&gt;</a>&nbsp;&nbsp;&nbsp;_dadd1
</UL>

<P><STRONG><a name="[205]"></a>__aeabi_dsub</STRONG> (Thumb, 0 bytes, Stack size 8 bytes, daddsub.o(.text))
<BR><BR>[Stack]<UL><LI>Max Depth = 8<LI>Call Chain = __aeabi_dsub
</UL>
<BR>[Called By]<UL><LI><a href="#[152]">&gt;&gt;</a>&nbsp;&nbsp;&nbsp;pow
</UL>

<P><STRONG><a name="[55]"></a>_dsub</STRONG> (Thumb, 22 bytes, Stack size 8 bytes, daddsub.o(.text), UNUSED)
<BR><BR>[Calls]<UL><LI><a href="#[53]">&gt;&gt;</a>&nbsp;&nbsp;&nbsp;_dsub1
<LI><a href="#[54]">&gt;&gt;</a>&nbsp;&nbsp;&nbsp;_dadd1
</UL>

<P><STRONG><a name="[206]"></a>__aeabi_drsub</STRONG> (Thumb, 0 bytes, Stack size 16 bytes, daddsub.o(.text))
<BR><BR>[Stack]<UL><LI>Max Depth = 16<LI>Call Chain = __aeabi_drsub
</UL>
<BR>[Called By]<UL><LI><a href="#[152]">&gt;&gt;</a>&nbsp;&nbsp;&nbsp;pow
</UL>

<P><STRONG><a name="[56]"></a>_drsb</STRONG> (Thumb, 28 bytes, Stack size 16 bytes, daddsub.o(.text), UNUSED)
<BR><BR>[Calls]<UL><LI><a href="#[53]">&gt;&gt;</a>&nbsp;&nbsp;&nbsp;_dsub1
<LI><a href="#[54]">&gt;&gt;</a>&nbsp;&nbsp;&nbsp;_dadd1
</UL>

<P><STRONG><a name="[148]"></a>__aeabi_ddiv</STRONG> (Thumb, 0 bytes, Stack size 64 bytes, ddiv.o(.text))
<BR><BR>[Stack]<UL><LI>Max Depth = 64<LI>Call Chain = __aeabi_ddiv
</UL>
<BR>[Called By]<UL><LI><a href="#[70]">&gt;&gt;</a>&nbsp;&nbsp;&nbsp;GetBatVol
<LI><a href="#[1fb]">&gt;&gt;</a>&nbsp;&nbsp;&nbsp;__mathlib_dbl_invalid
<LI><a href="#[1f9]">&gt;&gt;</a>&nbsp;&nbsp;&nbsp;__mathlib_dbl_divzero
<LI><a href="#[152]">&gt;&gt;</a>&nbsp;&nbsp;&nbsp;pow
</UL>

<P><STRONG><a name="[58]"></a>_ddiv</STRONG> (Thumb, 1072 bytes, Stack size 64 bytes, ddiv.o(.text), UNUSED)
<BR><BR>[Called By]<UL><LI><a href="#[57]">&gt;&gt;</a>&nbsp;&nbsp;&nbsp;_drdiv
</UL>

<P><STRONG><a name="[57]"></a>_drdiv</STRONG> (Thumb, 20 bytes, Stack size 16 bytes, ddiv.o(.text), UNUSED)
<BR><BR>[Calls]<UL><LI><a href="#[58]">&gt;&gt;</a>&nbsp;&nbsp;&nbsp;_ddiv
</UL>

<P><STRONG><a name="[5a]"></a>__aeabi_i2d_normalise</STRONG> (Thumb, 66 bytes, Stack size 0 bytes, dflti.o(.text))
<BR><BR>[Called By]<UL><LI><a href="#[5b]">&gt;&gt;</a>&nbsp;&nbsp;&nbsp;__aeabi_ui2d
<LI><a href="#[59]">&gt;&gt;</a>&nbsp;&nbsp;&nbsp;__aeabi_i2d
</UL>

<P><STRONG><a name="[59]"></a>__aeabi_i2d</STRONG> (Thumb, 16 bytes, Stack size 0 bytes, dflti.o(.text))
<BR><BR>[Calls]<UL><LI><a href="#[5a]">&gt;&gt;</a>&nbsp;&nbsp;&nbsp;__aeabi_i2d_normalise
</UL>
<BR>[Called By]<UL><LI><a href="#[15e]">&gt;&gt;</a>&nbsp;&nbsp;&nbsp;GetGsense
<LI><a href="#[70]">&gt;&gt;</a>&nbsp;&nbsp;&nbsp;GetBatVol
<LI><a href="#[152]">&gt;&gt;</a>&nbsp;&nbsp;&nbsp;pow
</UL>

<P><STRONG><a name="[23a]"></a>_dflt</STRONG> (Thumb, 0 bytes, Stack size 0 bytes, dflti.o(.text), UNUSED)

<P><STRONG><a name="[5b]"></a>__aeabi_ui2d</STRONG> (Thumb, 6 bytes, Stack size 0 bytes, dflti.o(.text), UNUSED)
<BR><BR>[Calls]<UL><LI><a href="#[5a]">&gt;&gt;</a>&nbsp;&nbsp;&nbsp;__aeabi_i2d_normalise
</UL>

<P><STRONG><a name="[23b]"></a>_dfltu</STRONG> (Thumb, 0 bytes, Stack size 0 bytes, dflti.o(.text), UNUSED)

<P><STRONG><a name="[14a]"></a>__aeabi_dmul</STRONG> (Thumb, 0 bytes, Stack size 56 bytes, dmul.o(.text))
<BR><BR>[Stack]<UL><LI>Max Depth = 56<LI>Call Chain = __aeabi_dmul
</UL>
<BR>[Called By]<UL><LI><a href="#[70]">&gt;&gt;</a>&nbsp;&nbsp;&nbsp;GetBatVol
<LI><a href="#[1f8]">&gt;&gt;</a>&nbsp;&nbsp;&nbsp;__kernel_poly
<LI><a href="#[152]">&gt;&gt;</a>&nbsp;&nbsp;&nbsp;pow
</UL>

<P><STRONG><a name="[23c]"></a>_dmul</STRONG> (Thumb, 558 bytes, Stack size 56 bytes, dmul.o(.text), UNUSED)

<P><STRONG><a name="[151]"></a>__aeabi_f2d</STRONG> (Thumb, 0 bytes, Stack size 0 bytes, f2d.o(.text))
<BR><BR>[Called By]<UL><LI><a href="#[15e]">&gt;&gt;</a>&nbsp;&nbsp;&nbsp;GetGsense
<LI><a href="#[14e]">&gt;&gt;</a>&nbsp;&nbsp;&nbsp;GetDryrate0
</UL>

<P><STRONG><a name="[23d]"></a>_f2d</STRONG> (Thumb, 80 bytes, Stack size 0 bytes, f2d.o(.text), UNUSED)

<P><STRONG><a name="[157]"></a>__aeabi_fdiv</STRONG> (Thumb, 0 bytes, Stack size 20 bytes, fdiv.o(.text))
<BR><BR>[Stack]<UL><LI>Max Depth = 20<LI>Call Chain = __aeabi_fdiv
</UL>
<BR>[Called By]<UL><LI><a href="#[14e]">&gt;&gt;</a>&nbsp;&nbsp;&nbsp;GetDryrate0
</UL>

<P><STRONG><a name="[5d]"></a>_fdiv</STRONG> (Thumb, 334 bytes, Stack size 20 bytes, fdiv.o(.text), UNUSED)
<BR><BR>[Called By]<UL><LI><a href="#[5c]">&gt;&gt;</a>&nbsp;&nbsp;&nbsp;_frdiv
</UL>

<P><STRONG><a name="[5c]"></a>_frdiv</STRONG> (Thumb, 8 bytes, Stack size 0 bytes, fdiv.o(.text), UNUSED)
<BR><BR>[Calls]<UL><LI><a href="#[5d]">&gt;&gt;</a>&nbsp;&nbsp;&nbsp;_fdiv
</UL>

<P><STRONG><a name="[14c]"></a>__aeabi_f2iz</STRONG> (Thumb, 0 bytes, Stack size 8 bytes, ffixi.o(.text))
<BR><BR>[Stack]<UL><LI>Max Depth = 8<LI>Call Chain = __aeabi_f2iz
</UL>
<BR>[Called By]<UL><LI><a href="#[15e]">&gt;&gt;</a>&nbsp;&nbsp;&nbsp;GetGsense
<LI><a href="#[70]">&gt;&gt;</a>&nbsp;&nbsp;&nbsp;GetBatVol
</UL>

<P><STRONG><a name="[23e]"></a>_ffix</STRONG> (Thumb, 76 bytes, Stack size 8 bytes, ffixi.o(.text), UNUSED)

<P><STRONG><a name="[5f]"></a>__aeabi_i2f_normalise</STRONG> (Thumb, 72 bytes, Stack size 0 bytes, fflti.o(.text))
<BR><BR>[Called By]<UL><LI><a href="#[60]">&gt;&gt;</a>&nbsp;&nbsp;&nbsp;__aeabi_ui2f
<LI><a href="#[5e]">&gt;&gt;</a>&nbsp;&nbsp;&nbsp;__aeabi_i2f
</UL>

<P><STRONG><a name="[5e]"></a>__aeabi_i2f</STRONG> (Thumb, 16 bytes, Stack size 0 bytes, fflti.o(.text))
<BR><BR>[Calls]<UL><LI><a href="#[5f]">&gt;&gt;</a>&nbsp;&nbsp;&nbsp;__aeabi_i2f_normalise
</UL>
<BR>[Called By]<UL><LI><a href="#[150]">&gt;&gt;</a>&nbsp;&nbsp;&nbsp;lsm6dsm_from_fs2g_to_mg
<LI><a href="#[15a]">&gt;&gt;</a>&nbsp;&nbsp;&nbsp;lsm6dsm_from_1000dps_to_dps
<LI><a href="#[14e]">&gt;&gt;</a>&nbsp;&nbsp;&nbsp;GetDryrate0
</UL>

<P><STRONG><a name="[23f]"></a>_fflt</STRONG> (Thumb, 0 bytes, Stack size 0 bytes, fflti.o(.text), UNUSED)

<P><STRONG><a name="[60]"></a>__aeabi_ui2f</STRONG> (Thumb, 6 bytes, Stack size 0 bytes, fflti.o(.text), UNUSED)
<BR><BR>[Calls]<UL><LI><a href="#[5f]">&gt;&gt;</a>&nbsp;&nbsp;&nbsp;__aeabi_i2f_normalise
</UL>

<P><STRONG><a name="[240]"></a>_ffltu</STRONG> (Thumb, 0 bytes, Stack size 0 bytes, fflti.o(.text), UNUSED)

<P><STRONG><a name="[61]"></a>__read_errno</STRONG> (Thumb, 10 bytes, Stack size 8 bytes, _rserrno.o(.text), UNUSED)
<BR><BR>[Calls]<UL><LI><a href="#[62]">&gt;&gt;</a>&nbsp;&nbsp;&nbsp;__aeabi_errno_addr
</UL>

<P><STRONG><a name="[63]"></a>__set_errno</STRONG> (Thumb, 12 bytes, Stack size 8 bytes, _rserrno.o(.text))
<BR><BR>[Stack]<UL><LI>Max Depth = 8<LI>Call Chain = __set_errno
</UL>
<BR>[Calls]<UL><LI><a href="#[62]">&gt;&gt;</a>&nbsp;&nbsp;&nbsp;__aeabi_errno_addr
</UL>
<BR>[Called By]<UL><LI><a href="#[153]">&gt;&gt;</a>&nbsp;&nbsp;&nbsp;sqrt
<LI><a href="#[152]">&gt;&gt;</a>&nbsp;&nbsp;&nbsp;pow
</UL>

<P><STRONG><a name="[1fd]"></a>__ARM_scalbn</STRONG> (Thumb, 84 bytes, Stack size 16 bytes, dscalbn.o(.text))
<BR><BR>[Stack]<UL><LI>Max Depth = 16<LI>Call Chain = __ARM_scalbn
</UL>
<BR>[Called By]<UL><LI><a href="#[1fe]">&gt;&gt;</a>&nbsp;&nbsp;&nbsp;__mathlib_dbl_underflow
<LI><a href="#[1fc]">&gt;&gt;</a>&nbsp;&nbsp;&nbsp;__mathlib_dbl_overflow
<LI><a href="#[152]">&gt;&gt;</a>&nbsp;&nbsp;&nbsp;pow
</UL>

<P><STRONG><a name="[209]"></a>_dsqrt</STRONG> (Thumb, 248 bytes, Stack size 20 bytes, dsqrt.o(.text))
<BR><BR>[Stack]<UL><LI>Max Depth = 20<LI>Call Chain = _dsqrt
</UL>
<BR>[Called By]<UL><LI><a href="#[153]">&gt;&gt;</a>&nbsp;&nbsp;&nbsp;sqrt
</UL>

<P><STRONG><a name="[62]"></a>__aeabi_errno_addr</STRONG> (Thumb, 8 bytes, Stack size 0 bytes, rt_errno_addr_intlibspace.o(.text))
<BR><BR>[Called By]<UL><LI><a href="#[63]">&gt;&gt;</a>&nbsp;&nbsp;&nbsp;__set_errno
<LI><a href="#[61]">&gt;&gt;</a>&nbsp;&nbsp;&nbsp;__read_errno
</UL>

<P><STRONG><a name="[241]"></a>__errno$intlibspace</STRONG> (Thumb, 0 bytes, Stack size 0 bytes, rt_errno_addr_intlibspace.o(.text), UNUSED)

<P><STRONG><a name="[242]"></a>__rt_errno_addr$intlibspace</STRONG> (Thumb, 0 bytes, Stack size 0 bytes, rt_errno_addr_intlibspace.o(.text), UNUSED)

<P><STRONG><a name="[64]"></a>__fpl_dcmp_InfNaN</STRONG> (Thumb, 154 bytes, Stack size 24 bytes, dcmpin.o(.text), UNUSED)
<BR><BR>[Calls]<UL><LI><a href="#[66]">&gt;&gt;</a>&nbsp;&nbsp;&nbsp;__fpl_dcheck_NaN2
<LI><a href="#[65]">&gt;&gt;</a>&nbsp;&nbsp;&nbsp;__fpl_cmpreturn
</UL>
<BR>[Called By]<UL><LI><a href="#[20a]">&gt;&gt;</a>&nbsp;&nbsp;&nbsp;_drcmple
<LI><a href="#[202]">&gt;&gt;</a>&nbsp;&nbsp;&nbsp;_dcmple
<LI><a href="#[200]">&gt;&gt;</a>&nbsp;&nbsp;&nbsp;_dcmpge
</UL>

<P><STRONG><a name="[67]"></a>__fpl_fcmp_InfNaN</STRONG> (Thumb, 96 bytes, Stack size 8 bytes, fcmpin.o(.text), UNUSED)
<BR><BR>[Calls]<UL><LI><a href="#[68]">&gt;&gt;</a>&nbsp;&nbsp;&nbsp;__fpl_fcheck_NaN2
<LI><a href="#[65]">&gt;&gt;</a>&nbsp;&nbsp;&nbsp;__fpl_cmpreturn
</UL>
<BR>[Called By]<UL><LI><a href="#[204]">&gt;&gt;</a>&nbsp;&nbsp;&nbsp;_fcmpge
</UL>

<P><STRONG><a name="[243]"></a>__user_libspace</STRONG> (Thumb, 8 bytes, Stack size 0 bytes, libspace.o(.text), UNUSED)

<P><STRONG><a name="[69]"></a>__user_perproc_libspace</STRONG> (Thumb, 0 bytes, Stack size 0 bytes, libspace.o(.text))
<BR><BR>[Called By]<UL><LI><a href="#[42]">&gt;&gt;</a>&nbsp;&nbsp;&nbsp;__user_setup_stackheap
</UL>

<P><STRONG><a name="[244]"></a>__user_perthread_libspace</STRONG> (Thumb, 0 bytes, Stack size 0 bytes, libspace.o(.text), UNUSED)

<P><STRONG><a name="[42]"></a>__user_setup_stackheap</STRONG> (Thumb, 62 bytes, Stack size 8 bytes, sys_stackheap_outer.o(.text))
<BR><BR>[Stack]<UL><LI>Max Depth = 8 + Unknown Stack Size
<LI>Call Chain = __user_setup_stackheap
</UL>
<BR>[Calls]<UL><LI><a href="#[6a]">&gt;&gt;</a>&nbsp;&nbsp;&nbsp;__user_initial_stackheap
<LI><a href="#[69]">&gt;&gt;</a>&nbsp;&nbsp;&nbsp;__user_perproc_libspace
</UL>
<BR>[Called By]<UL><LI><a href="#[41]">&gt;&gt;</a>&nbsp;&nbsp;&nbsp;__rt_entry_sh
</UL>

<P><STRONG><a name="[47]"></a>exit</STRONG> (Thumb, 16 bytes, Stack size 8 bytes, exit.o(.text))
<BR><BR>[Stack]<UL><LI>Max Depth = 8 + Unknown Stack Size
<LI>Call Chain = exit
</UL>
<BR>[Calls]<UL><LI><a href="#[6c]">&gt;&gt;</a>&nbsp;&nbsp;&nbsp;__rt_exit
<LI><a href="#[6b]">&gt;&gt;</a>&nbsp;&nbsp;&nbsp;_call_atexit_fns (Weak Reference)
</UL>
<BR>[Called By]<UL><LI><a href="#[45]">&gt;&gt;</a>&nbsp;&nbsp;&nbsp;__rt_entry_main
</UL>

<P><STRONG><a name="[65]"></a>__fpl_cmpreturn</STRONG> (Thumb, 46 bytes, Stack size 0 bytes, cmpret.o(.text), UNUSED)
<BR><BR>[Called By]<UL><LI><a href="#[67]">&gt;&gt;</a>&nbsp;&nbsp;&nbsp;__fpl_fcmp_InfNaN
<LI><a href="#[64]">&gt;&gt;</a>&nbsp;&nbsp;&nbsp;__fpl_dcmp_InfNaN
<LI><a href="#[6d]">&gt;&gt;</a>&nbsp;&nbsp;&nbsp;__fpl_return_NaN
</UL>

<P><STRONG><a name="[66]"></a>__fpl_dcheck_NaN2</STRONG> (Thumb, 14 bytes, Stack size 8 bytes, dnan2.o(.text), UNUSED)
<BR><BR>[Calls]<UL><LI><a href="#[6d]">&gt;&gt;</a>&nbsp;&nbsp;&nbsp;__fpl_return_NaN
</UL>
<BR>[Called By]<UL><LI><a href="#[64]">&gt;&gt;</a>&nbsp;&nbsp;&nbsp;__fpl_dcmp_InfNaN
</UL>

<P><STRONG><a name="[68]"></a>__fpl_fcheck_NaN2</STRONG> (Thumb, 10 bytes, Stack size 8 bytes, fnan2.o(.text), UNUSED)
<BR><BR>[Calls]<UL><LI><a href="#[6d]">&gt;&gt;</a>&nbsp;&nbsp;&nbsp;__fpl_return_NaN
</UL>
<BR>[Called By]<UL><LI><a href="#[67]">&gt;&gt;</a>&nbsp;&nbsp;&nbsp;__fpl_fcmp_InfNaN
</UL>

<P><STRONG><a name="[6d]"></a>__fpl_return_NaN</STRONG> (Thumb, 94 bytes, Stack size 8 bytes, retnan.o(.text), UNUSED)
<BR><BR>[Calls]<UL><LI><a href="#[65]">&gt;&gt;</a>&nbsp;&nbsp;&nbsp;__fpl_cmpreturn
</UL>
<BR>[Called By]<UL><LI><a href="#[68]">&gt;&gt;</a>&nbsp;&nbsp;&nbsp;__fpl_fcheck_NaN2
<LI><a href="#[66]">&gt;&gt;</a>&nbsp;&nbsp;&nbsp;__fpl_dcheck_NaN2
</UL>

<P><STRONG><a name="[4b]"></a>_sys_exit</STRONG> (Thumb, 8 bytes, Stack size 0 bytes, sys_exit.o(.text))
<BR><BR>[Called By]<UL><LI><a href="#[4a]">&gt;&gt;</a>&nbsp;&nbsp;&nbsp;__rt_exit_exit
</UL>

<P><STRONG><a name="[245]"></a>__I$use$semihosting</STRONG> (Thumb, 0 bytes, Stack size 0 bytes, use_no_semi.o(.text), UNUSED)

<P><STRONG><a name="[246]"></a>__use_no_semihosting_swi</STRONG> (Thumb, 2 bytes, Stack size 0 bytes, use_no_semi.o(.text), UNUSED)

<P><STRONG><a name="[6e]"></a>ADCDataProcess</STRONG> (Thumb, 22 bytes, Stack size 16 bytes, getsensors.o(.text.ADCDataProcess))
<BR><BR>[Stack]<UL><LI>Max Depth = 104<LI>Call Chain = ADCDataProcess &rArr; GetBatVol &rArr; __aeabi_ddiv
</UL>
<BR>[Calls]<UL><LI><a href="#[6f]">&gt;&gt;</a>&nbsp;&nbsp;&nbsp;GetRef
<LI><a href="#[70]">&gt;&gt;</a>&nbsp;&nbsp;&nbsp;GetBatVol
</UL>
<BR>[Called By]<UL><LI><a href="#[170]">&gt;&gt;</a>&nbsp;&nbsp;&nbsp;GetVoltage
</UL>

<P><STRONG><a name="[247]"></a>__semihosting_library_function</STRONG> (Thumb, 0 bytes, Stack size 16 bytes, indicate_semi.o(.text), UNUSED)

<P><STRONG><a name="[182]"></a>CRC_Modbus</STRONG> (Thumb, 144 bytes, Stack size 24 bytes, control.o(.text.CRC_Modbus))
<BR><BR>[Stack]<UL><LI>Max Depth = 24<LI>Call Chain = CRC_Modbus
</UL>
<BR>[Called By]<UL><LI><a href="#[1d8]">&gt;&gt;</a>&nbsp;&nbsp;&nbsp;Update_Lora
<LI><a href="#[1b5]">&gt;&gt;</a>&nbsp;&nbsp;&nbsp;ProcessPktUID
<LI><a href="#[181]">&gt;&gt;</a>&nbsp;&nbsp;&nbsp;LoraRxPrce
</UL>

<P><STRONG><a name="[71]"></a>CloseTask</STRONG> (Thumb, 76 bytes, Stack size 16 bytes, control.o(.text.CloseTask))
<BR><BR>[Stack]<UL><LI>Max Depth = 56<LI>Call Chain = CloseTask &rArr; ModeSet &rArr; FL_GPIO_SetOutputPin
</UL>
<BR>[Calls]<UL><LI><a href="#[75]">&gt;&gt;</a>&nbsp;&nbsp;&nbsp;ModeSet
<LI><a href="#[72]">&gt;&gt;</a>&nbsp;&nbsp;&nbsp;FlagStatusClear
<LI><a href="#[74]">&gt;&gt;</a>&nbsp;&nbsp;&nbsp;FL_RTCA_Disable
<LI><a href="#[73]">&gt;&gt;</a>&nbsp;&nbsp;&nbsp;FL_LPTIM32_Disable
</UL>
<BR>[Called By]<UL><LI><a href="#[83]">&gt;&gt;</a>&nbsp;&nbsp;&nbsp;DevDeInit
</UL>

<P><STRONG><a name="[76]"></a>ConfigWirlessModule</STRONG> (Thumb, 208 bytes, Stack size 48 bytes, lora.o(.text.ConfigWirlessModule))
<BR><BR>[Stack]<UL><LI>Max Depth = 128<LI>Call Chain = ConfigWirlessModule &rArr; TransmitData &rArr; HAL_UART_Transmit &rArr; FL_DelayMsStart &rArr; FL_DelayUsStart
</UL>
<BR>[Calls]<UL><LI><a href="#[75]">&gt;&gt;</a>&nbsp;&nbsp;&nbsp;ModeSet
<LI><a href="#[7b]">&gt;&gt;</a>&nbsp;&nbsp;&nbsp;FlagStatusIs
<LI><a href="#[72]">&gt;&gt;</a>&nbsp;&nbsp;&nbsp;FlagStatusClear
<LI><a href="#[77]">&gt;&gt;</a>&nbsp;&nbsp;&nbsp;FL_DelayMs
<LI><a href="#[78]">&gt;&gt;</a>&nbsp;&nbsp;&nbsp;TransmitData
<LI><a href="#[7d]">&gt;&gt;</a>&nbsp;&nbsp;&nbsp;FL_GPIO_SetOutputPin
<LI><a href="#[79]">&gt;&gt;</a>&nbsp;&nbsp;&nbsp;FL_DelayMsStart
<LI><a href="#[7a]">&gt;&gt;</a>&nbsp;&nbsp;&nbsp;FL_DelayEnd
<LI><a href="#[7c]">&gt;&gt;</a>&nbsp;&nbsp;&nbsp;memcmp
</UL>
<BR>[Called By]<UL><LI><a href="#[1b5]">&gt;&gt;</a>&nbsp;&nbsp;&nbsp;ProcessPktUID
</UL>

<P><STRONG><a name="[7e]"></a>DeInitPeripheral</STRONG> (Thumb, 40 bytes, Stack size 8 bytes, control.o(.text.DeInitPeripheral))
<BR><BR>[Stack]<UL><LI>Max Depth = 72<LI>Call Chain = DeInitPeripheral &rArr; FL_LPUART_DeInit &rArr; FL_RMU_EnableResetAPBPeripheral
</UL>
<BR>[Calls]<UL><LI><a href="#[80]">&gt;&gt;</a>&nbsp;&nbsp;&nbsp;FL_SPI_DeInit
<LI><a href="#[82]">&gt;&gt;</a>&nbsp;&nbsp;&nbsp;FL_RTCA_DeInit
<LI><a href="#[7f]">&gt;&gt;</a>&nbsp;&nbsp;&nbsp;FL_LPUART_DeInit
<LI><a href="#[81]">&gt;&gt;</a>&nbsp;&nbsp;&nbsp;FL_ADC_DeInit
</UL>
<BR>[Called By]<UL><LI><a href="#[83]">&gt;&gt;</a>&nbsp;&nbsp;&nbsp;DevDeInit
</UL>

<P><STRONG><a name="[83]"></a>DevDeInit</STRONG> (Thumb, 16 bytes, Stack size 8 bytes, control.o(.text.DevDeInit))
<BR><BR>[Stack]<UL><LI>Max Depth = 152<LI>Call Chain = DevDeInit &rArr; lsm6dsmDeInit &rArr; lsm6dsm_xl_data_rate_set &rArr; lsm6dsm_read_reg &rArr; SPIx_ReadWriteByte &rArr; FL_DelayMsStart &rArr; FL_DelayUsStart
</UL>
<BR>[Calls]<UL><LI><a href="#[84]">&gt;&gt;</a>&nbsp;&nbsp;&nbsp;lsm6dsmDeInit
<LI><a href="#[7e]">&gt;&gt;</a>&nbsp;&nbsp;&nbsp;DeInitPeripheral
<LI><a href="#[71]">&gt;&gt;</a>&nbsp;&nbsp;&nbsp;CloseTask
</UL>
<BR>[Called By]<UL><LI><a href="#[46]">&gt;&gt;</a>&nbsp;&nbsp;&nbsp;main
</UL>

<P><STRONG><a name="[85]"></a>DevInit</STRONG> (Thumb, 88 bytes, Stack size 24 bytes, control.o(.text.DevInit))
<BR><BR>[Stack]<UL><LI>Max Depth = 248<LI>Call Chain = DevInit &rArr; lsm6dsmHiInit &rArr; lsm6dsm_pin_int2_route_set &rArr; lsm6dsm_read_reg &rArr; SPIx_ReadWriteByte &rArr; FL_DelayMsStart &rArr; FL_DelayUsStart
</UL>
<BR>[Calls]<UL><LI><a href="#[87]">&gt;&gt;</a>&nbsp;&nbsp;&nbsp;lsm6dsm_device_id_get
<LI><a href="#[89]">&gt;&gt;</a>&nbsp;&nbsp;&nbsp;lsm6dsmHiInit
<LI><a href="#[77]">&gt;&gt;</a>&nbsp;&nbsp;&nbsp;FL_DelayMs
<LI><a href="#[8a]">&gt;&gt;</a>&nbsp;&nbsp;&nbsp;OpenTask
<LI><a href="#[8b]">&gt;&gt;</a>&nbsp;&nbsp;&nbsp;KalmanInit
<LI><a href="#[86]">&gt;&gt;</a>&nbsp;&nbsp;&nbsp;EnPeripheral
<LI><a href="#[88]">&gt;&gt;</a>&nbsp;&nbsp;&nbsp;FL_GPIO_ResetOutputPin
</UL>
<BR>[Called By]<UL><LI><a href="#[46]">&gt;&gt;</a>&nbsp;&nbsp;&nbsp;main
</UL>

<P><STRONG><a name="[8c]"></a>DisablePeripheral</STRONG> (Thumb, 60 bytes, Stack size 16 bytes, control.o(.text.DisablePeripheral))
<BR><BR>[Stack]<UL><LI>Max Depth = 80<LI>Call Chain = DisablePeripheral &rArr; FL_LPUART_DeInit &rArr; FL_RMU_EnableResetAPBPeripheral
</UL>
<BR>[Calls]<UL><LI><a href="#[75]">&gt;&gt;</a>&nbsp;&nbsp;&nbsp;ModeSet
<LI><a href="#[7f]">&gt;&gt;</a>&nbsp;&nbsp;&nbsp;FL_LPUART_DeInit
<LI><a href="#[8f]">&gt;&gt;</a>&nbsp;&nbsp;&nbsp;FL_SPI_Disable
<LI><a href="#[8d]">&gt;&gt;</a>&nbsp;&nbsp;&nbsp;FL_LPUART_DisableTX
<LI><a href="#[8e]">&gt;&gt;</a>&nbsp;&nbsp;&nbsp;FL_LPUART_DisableRX
<LI><a href="#[73]">&gt;&gt;</a>&nbsp;&nbsp;&nbsp;FL_LPTIM32_Disable
<LI><a href="#[90]">&gt;&gt;</a>&nbsp;&nbsp;&nbsp;FL_ADC_Disable
</UL>
<BR>[Called By]<UL><LI><a href="#[1c9]">&gt;&gt;</a>&nbsp;&nbsp;&nbsp;SysSleep
</UL>

<P><STRONG><a name="[174]"></a>DryXKalParaInit</STRONG> (Thumb, 40 bytes, Stack size 0 bytes, kalman.o(.text.DryXKalParaInit))
<BR><BR>[Called By]<UL><LI><a href="#[8b]">&gt;&gt;</a>&nbsp;&nbsp;&nbsp;KalmanInit
</UL>

<P><STRONG><a name="[175]"></a>DryYKalParaInit</STRONG> (Thumb, 40 bytes, Stack size 0 bytes, kalman.o(.text.DryYKalParaInit))
<BR><BR>[Called By]<UL><LI><a href="#[8b]">&gt;&gt;</a>&nbsp;&nbsp;&nbsp;KalmanInit
</UL>

<P><STRONG><a name="[176]"></a>DryZKalParaInit</STRONG> (Thumb, 40 bytes, Stack size 0 bytes, kalman.o(.text.DryZKalParaInit))
<BR><BR>[Called By]<UL><LI><a href="#[8b]">&gt;&gt;</a>&nbsp;&nbsp;&nbsp;KalmanInit
</UL>

<P><STRONG><a name="[86]"></a>EnPeripheral</STRONG> (Thumb, 128 bytes, Stack size 24 bytes, control.o(.text.EnPeripheral))
<BR><BR>[Stack]<UL><LI>Max Depth = 112<LI>Call Chain = EnPeripheral &rArr; GetRFChan &rArr; HAL_UART_Transmit &rArr; FL_DelayMsStart &rArr; FL_DelayUsStart
</UL>
<BR>[Calls]<UL><LI><a href="#[75]">&gt;&gt;</a>&nbsp;&nbsp;&nbsp;ModeSet
<LI><a href="#[77]">&gt;&gt;</a>&nbsp;&nbsp;&nbsp;FL_DelayMs
<LI><a href="#[98]">&gt;&gt;</a>&nbsp;&nbsp;&nbsp;GetRFChan
<LI><a href="#[96]">&gt;&gt;</a>&nbsp;&nbsp;&nbsp;FL_SPI_Enable
<LI><a href="#[91]">&gt;&gt;</a>&nbsp;&nbsp;&nbsp;FL_LPUART_EnableTX
<LI><a href="#[92]">&gt;&gt;</a>&nbsp;&nbsp;&nbsp;FL_LPUART_EnableRX
<LI><a href="#[95]">&gt;&gt;</a>&nbsp;&nbsp;&nbsp;FL_LPUART_ClearFlag_RXBuffOverflow
<LI><a href="#[94]">&gt;&gt;</a>&nbsp;&nbsp;&nbsp;FL_LPUART_ClearFlag_RXBuffFull
<LI><a href="#[93]">&gt;&gt;</a>&nbsp;&nbsp;&nbsp;FL_LPUART_ClearFlag_FrameError
<LI><a href="#[97]">&gt;&gt;</a>&nbsp;&nbsp;&nbsp;FL_LPTIM32_Enable
</UL>
<BR>[Called By]<UL><LI><a href="#[1c9]">&gt;&gt;</a>&nbsp;&nbsp;&nbsp;SysSleep
<LI><a href="#[85]">&gt;&gt;</a>&nbsp;&nbsp;&nbsp;DevInit
</UL>

<P><STRONG><a name="[99]"></a>FL_ADC_CommonInit</STRONG> (Thumb, 520 bytes, Stack size 48 bytes, fm33lg0xx_fl_adc.o(.text.FL_ADC_CommonInit))
<BR><BR>[Stack]<UL><LI>Max Depth = 56<LI>Call Chain = FL_ADC_CommonInit &rArr; FL_ADC_SetReferenceSource
</UL>
<BR>[Calls]<UL><LI><a href="#[9e]">&gt;&gt;</a>&nbsp;&nbsp;&nbsp;FL_CMU_SetADCPrescaler
<LI><a href="#[9d]">&gt;&gt;</a>&nbsp;&nbsp;&nbsp;FL_CMU_SetADCClockSource
<LI><a href="#[9f]">&gt;&gt;</a>&nbsp;&nbsp;&nbsp;FL_CMU_EnableGroup3OperationClock
<LI><a href="#[9a]">&gt;&gt;</a>&nbsp;&nbsp;&nbsp;FL_CMU_EnableGroup2BusClock
<LI><a href="#[a0]">&gt;&gt;</a>&nbsp;&nbsp;&nbsp;FL_ADC_SetReferenceSource
<LI><a href="#[9b]">&gt;&gt;</a>&nbsp;&nbsp;&nbsp;FL_ADC_SetClockSource
<LI><a href="#[a1]">&gt;&gt;</a>&nbsp;&nbsp;&nbsp;FL_ADC_SetBitWidth
<LI><a href="#[9c]">&gt;&gt;</a>&nbsp;&nbsp;&nbsp;FL_ADC_SetAPBPrescaler
</UL>
<BR>[Called By]<UL><LI><a href="#[183]">&gt;&gt;</a>&nbsp;&nbsp;&nbsp;MF_ADC_Common_Init
</UL>

<P><STRONG><a name="[81]"></a>FL_ADC_DeInit</STRONG> (Thumb, 88 bytes, Stack size 32 bytes, fm33lg0xx_fl_adc.o(.text.FL_ADC_DeInit))
<BR><BR>[Stack]<UL><LI>Max Depth = 40<LI>Call Chain = FL_ADC_DeInit &rArr; FL_RMU_EnableResetAPBPeripheral
</UL>
<BR>[Calls]<UL><LI><a href="#[a3]">&gt;&gt;</a>&nbsp;&nbsp;&nbsp;FL_RMU_EnableResetAPBPeripheral
<LI><a href="#[a2]">&gt;&gt;</a>&nbsp;&nbsp;&nbsp;FL_RMU_EnablePeripheralReset
<LI><a href="#[a4]">&gt;&gt;</a>&nbsp;&nbsp;&nbsp;FL_RMU_DisableResetAPBPeripheral
<LI><a href="#[a5]">&gt;&gt;</a>&nbsp;&nbsp;&nbsp;FL_RMU_DisablePeripheralReset
</UL>
<BR>[Called By]<UL><LI><a href="#[7e]">&gt;&gt;</a>&nbsp;&nbsp;&nbsp;DeInitPeripheral
</UL>

<P><STRONG><a name="[a6]"></a>FL_ADC_Init</STRONG> (Thumb, 1012 bytes, Stack size 64 bytes, fm33lg0xx_fl_adc.o(.text.FL_ADC_Init))
<BR><BR>[Stack]<UL><LI>Max Depth = 72<LI>Call Chain = FL_ADC_Init &rArr; FL_ADC_SetTriggerSource
</UL>
<BR>[Calls]<UL><LI><a href="#[a8]">&gt;&gt;</a>&nbsp;&nbsp;&nbsp;FL_VREF_IsEnabled
<LI><a href="#[ac]">&gt;&gt;</a>&nbsp;&nbsp;&nbsp;FL_VREF_IsActiveFlag_Ready
<LI><a href="#[ab]">&gt;&gt;</a>&nbsp;&nbsp;&nbsp;FL_VREF_EnableTemperatureSensor
<LI><a href="#[aa]">&gt;&gt;</a>&nbsp;&nbsp;&nbsp;FL_VREF_Enable
<LI><a href="#[a9]">&gt;&gt;</a>&nbsp;&nbsp;&nbsp;FL_VREF_ClearFlag_Ready
<LI><a href="#[a7]">&gt;&gt;</a>&nbsp;&nbsp;&nbsp;FL_CMU_EnableGroup1BusClock
<LI><a href="#[bd]">&gt;&gt;</a>&nbsp;&nbsp;&nbsp;FL_ADC_SetTriggerSource
<LI><a href="#[bc]">&gt;&gt;</a>&nbsp;&nbsp;&nbsp;FL_ADC_SetTriggerEdge
<LI><a href="#[bf]">&gt;&gt;</a>&nbsp;&nbsp;&nbsp;FL_ADC_SetSlowChannelSamplingTime
<LI><a href="#[b5]">&gt;&gt;</a>&nbsp;&nbsp;&nbsp;FL_ADC_SetSingleConversionAutoMode
<LI><a href="#[ba]">&gt;&gt;</a>&nbsp;&nbsp;&nbsp;FL_ADC_SetSequenceScanDirection
<LI><a href="#[c1]">&gt;&gt;</a>&nbsp;&nbsp;&nbsp;FL_ADC_SetOverSamplingShift
<LI><a href="#[c0]">&gt;&gt;</a>&nbsp;&nbsp;&nbsp;FL_ADC_SetOverSamplingMultiplier
<LI><a href="#[be]">&gt;&gt;</a>&nbsp;&nbsp;&nbsp;FL_ADC_SetFastChannelSamplingTime
<LI><a href="#[b4]">&gt;&gt;</a>&nbsp;&nbsp;&nbsp;FL_ADC_SetConversionMode
<LI><a href="#[b3]">&gt;&gt;</a>&nbsp;&nbsp;&nbsp;FL_ADC_IsEnabled
<LI><a href="#[b1]">&gt;&gt;</a>&nbsp;&nbsp;&nbsp;FL_ADC_IsActiveFlag_EndOfCalibration
<LI><a href="#[b6]">&gt;&gt;</a>&nbsp;&nbsp;&nbsp;FL_ADC_EnableWaitMode
<LI><a href="#[b8]">&gt;&gt;</a>&nbsp;&nbsp;&nbsp;FL_ADC_EnableOverrunMode
<LI><a href="#[c2]">&gt;&gt;</a>&nbsp;&nbsp;&nbsp;FL_ADC_EnableOverSampling
<LI><a href="#[b0]">&gt;&gt;</a>&nbsp;&nbsp;&nbsp;FL_ADC_EnableCalibration
<LI><a href="#[af]">&gt;&gt;</a>&nbsp;&nbsp;&nbsp;FL_ADC_Enable
<LI><a href="#[b7]">&gt;&gt;</a>&nbsp;&nbsp;&nbsp;FL_ADC_DisableWaitMode
<LI><a href="#[b9]">&gt;&gt;</a>&nbsp;&nbsp;&nbsp;FL_ADC_DisableOverrunMode
<LI><a href="#[ae]">&gt;&gt;</a>&nbsp;&nbsp;&nbsp;FL_ADC_DisableOverSampling
<LI><a href="#[bb]">&gt;&gt;</a>&nbsp;&nbsp;&nbsp;FL_ADC_DisableExternalConversion
<LI><a href="#[ad]">&gt;&gt;</a>&nbsp;&nbsp;&nbsp;FL_ADC_Disable
<LI><a href="#[b2]">&gt;&gt;</a>&nbsp;&nbsp;&nbsp;FL_ADC_ClearFlag_EndOfCalibration
</UL>
<BR>[Called By]<UL><LI><a href="#[184]">&gt;&gt;</a>&nbsp;&nbsp;&nbsp;MF_ADC_Sampling_Init
</UL>

<P><STRONG><a name="[7a]"></a>FL_DelayEnd</STRONG> (Thumb, 12 bytes, Stack size 0 bytes, fm33lg0xx_fl.o(.text.FL_DelayEnd))
<BR><BR>[Called By]<UL><LI><a href="#[136]">&gt;&gt;</a>&nbsp;&nbsp;&nbsp;SPIx_ReadWriteByte
<LI><a href="#[1d8]">&gt;&gt;</a>&nbsp;&nbsp;&nbsp;Update_Lora
<LI><a href="#[163]">&gt;&gt;</a>&nbsp;&nbsp;&nbsp;HAL_UART_Transmit
<LI><a href="#[76]">&gt;&gt;</a>&nbsp;&nbsp;&nbsp;ConfigWirlessModule
<LI><a href="#[98]">&gt;&gt;</a>&nbsp;&nbsp;&nbsp;GetRFChan
</UL>

<P><STRONG><a name="[dd]"></a>FL_DelayInit</STRONG> (Thumb, 20 bytes, Stack size 0 bytes, fm33lg0xx_fl.o(.text.FL_DelayInit))
<BR><BR>[Called By]<UL><LI><a href="#[dc]">&gt;&gt;</a>&nbsp;&nbsp;&nbsp;FL_Init
</UL>

<P><STRONG><a name="[77]"></a>FL_DelayMs</STRONG> (Thumb, 34 bytes, Stack size 16 bytes, fm33lg0xx_fl.o(.text.FL_DelayMs))
<BR><BR>[Stack]<UL><LI>Max Depth = 32<LI>Call Chain = FL_DelayMs &rArr; FL_DelayUs
</UL>
<BR>[Calls]<UL><LI><a href="#[c3]">&gt;&gt;</a>&nbsp;&nbsp;&nbsp;FL_DelayUs
</UL>
<BR>[Called By]<UL><LI><a href="#[89]">&gt;&gt;</a>&nbsp;&nbsp;&nbsp;lsm6dsmHiInit
<LI><a href="#[84]">&gt;&gt;</a>&nbsp;&nbsp;&nbsp;lsm6dsmDeInit
<LI><a href="#[15c]">&gt;&gt;</a>&nbsp;&nbsp;&nbsp;lsm6dsmActInit
<LI><a href="#[46]">&gt;&gt;</a>&nbsp;&nbsp;&nbsp;main
<LI><a href="#[1d7]">&gt;&gt;</a>&nbsp;&nbsp;&nbsp;UID_ReadFlash
<LI><a href="#[1c0]">&gt;&gt;</a>&nbsp;&nbsp;&nbsp;StoreData
<LI><a href="#[1bf]">&gt;&gt;</a>&nbsp;&nbsp;&nbsp;ReadDevPara
<LI><a href="#[14e]">&gt;&gt;</a>&nbsp;&nbsp;&nbsp;GetDryrate0
<LI><a href="#[85]">&gt;&gt;</a>&nbsp;&nbsp;&nbsp;DevInit
<LI><a href="#[187]">&gt;&gt;</a>&nbsp;&nbsp;&nbsp;MF_Clock_Init
<LI><a href="#[1b7]">&gt;&gt;</a>&nbsp;&nbsp;&nbsp;UIDProcess
<LI><a href="#[76]">&gt;&gt;</a>&nbsp;&nbsp;&nbsp;ConfigWirlessModule
<LI><a href="#[6f]">&gt;&gt;</a>&nbsp;&nbsp;&nbsp;GetRef
<LI><a href="#[1d3]">&gt;&gt;</a>&nbsp;&nbsp;&nbsp;UID_WriteFlash
<LI><a href="#[86]">&gt;&gt;</a>&nbsp;&nbsp;&nbsp;EnPeripheral
</UL>

<P><STRONG><a name="[79]"></a>FL_DelayMsStart</STRONG> (Thumb, 22 bytes, Stack size 16 bytes, fm33lg0xx_fl.o(.text.FL_DelayMsStart))
<BR><BR>[Stack]<UL><LI>Max Depth = 32<LI>Call Chain = FL_DelayMsStart &rArr; FL_DelayUsStart
</UL>
<BR>[Calls]<UL><LI><a href="#[c4]">&gt;&gt;</a>&nbsp;&nbsp;&nbsp;FL_DelayUsStart
</UL>
<BR>[Called By]<UL><LI><a href="#[136]">&gt;&gt;</a>&nbsp;&nbsp;&nbsp;SPIx_ReadWriteByte
<LI><a href="#[1d8]">&gt;&gt;</a>&nbsp;&nbsp;&nbsp;Update_Lora
<LI><a href="#[163]">&gt;&gt;</a>&nbsp;&nbsp;&nbsp;HAL_UART_Transmit
<LI><a href="#[76]">&gt;&gt;</a>&nbsp;&nbsp;&nbsp;ConfigWirlessModule
<LI><a href="#[98]">&gt;&gt;</a>&nbsp;&nbsp;&nbsp;GetRFChan
</UL>

<P><STRONG><a name="[c3]"></a>FL_DelayUs</STRONG> (Thumb, 88 bytes, Stack size 16 bytes, fm33lg0xx_fl.o(.text.FL_DelayUs))
<BR><BR>[Stack]<UL><LI>Max Depth = 16<LI>Call Chain = FL_DelayUs
</UL>
<BR>[Calls]<UL><LI><a href="#[c5]">&gt;&gt;</a>&nbsp;&nbsp;&nbsp;__aeabi_uidiv
</UL>
<BR>[Called By]<UL><LI><a href="#[77]">&gt;&gt;</a>&nbsp;&nbsp;&nbsp;FL_DelayMs
</UL>

<P><STRONG><a name="[c4]"></a>FL_DelayUsStart</STRONG> (Thumb, 72 bytes, Stack size 16 bytes, fm33lg0xx_fl.o(.text.FL_DelayUsStart))
<BR><BR>[Stack]<UL><LI>Max Depth = 16<LI>Call Chain = FL_DelayUsStart
</UL>
<BR>[Calls]<UL><LI><a href="#[c5]">&gt;&gt;</a>&nbsp;&nbsp;&nbsp;__aeabi_uidiv
</UL>
<BR>[Called By]<UL><LI><a href="#[79]">&gt;&gt;</a>&nbsp;&nbsp;&nbsp;FL_DelayMsStart
</UL>

<P><STRONG><a name="[c6]"></a>FL_EXTI_CommonInit</STRONG> (Thumb, 86 bytes, Stack size 24 bytes, fm33lg0xx_fl_exti.o(.text.FL_EXTI_CommonInit))
<BR><BR>[Stack]<UL><LI>Max Depth = 28<LI>Call Chain = FL_EXTI_CommonInit &rArr; FL_CMU_SetEXTIClockSource
</UL>
<BR>[Calls]<UL><LI><a href="#[c9]">&gt;&gt;</a>&nbsp;&nbsp;&nbsp;FL_CMU_SetEXTIClockSource
<LI><a href="#[c8]">&gt;&gt;</a>&nbsp;&nbsp;&nbsp;FL_CMU_EnableGroup3OperationClock
<LI><a href="#[c7]">&gt;&gt;</a>&nbsp;&nbsp;&nbsp;FL_CMU_EnableGroup1BusClock
</UL>
<BR>[Called By]<UL><LI><a href="#[19d]">&gt;&gt;</a>&nbsp;&nbsp;&nbsp;MF_EXTI_Common_Init
</UL>

<P><STRONG><a name="[ca]"></a>FL_EXTI_Init</STRONG> (Thumb, 640 bytes, Stack size 48 bytes, fm33lg0xx_fl_exti.o(.text.FL_EXTI_Init))
<BR><BR>[Stack]<UL><LI>Max Depth = 56<LI>Call Chain = FL_EXTI_Init &rArr; FL_GPIO_EnableDigitalFilter
</UL>
<BR>[Calls]<UL><LI><a href="#[ce]">&gt;&gt;</a>&nbsp;&nbsp;&nbsp;NVIC_ClearPendingIRQ
<LI><a href="#[cb]">&gt;&gt;</a>&nbsp;&nbsp;&nbsp;FL_GPIO_EnableDigitalFilter
<LI><a href="#[cc]">&gt;&gt;</a>&nbsp;&nbsp;&nbsp;FL_GPIO_DisableDigitalFilter
<LI><a href="#[cd]">&gt;&gt;</a>&nbsp;&nbsp;&nbsp;FL_GPIO_ClearFlag_EXTI
<LI><a href="#[c5]">&gt;&gt;</a>&nbsp;&nbsp;&nbsp;__aeabi_uidiv
</UL>
<BR>[Called By]<UL><LI><a href="#[1a0]">&gt;&gt;</a>&nbsp;&nbsp;&nbsp;MF_EXTI_Line3_Init
<LI><a href="#[19f]">&gt;&gt;</a>&nbsp;&nbsp;&nbsp;MF_EXTI_Line2_Init
<LI><a href="#[19e]">&gt;&gt;</a>&nbsp;&nbsp;&nbsp;MF_EXTI_Line1_Init
</UL>

<P><STRONG><a name="[cf]"></a>FL_GPIO_Init</STRONG> (Thumb, 636 bytes, Stack size 48 bytes, fm33lg0xx_fl_gpio.o(.text.FL_GPIO_Init))
<BR><BR>[Stack]<UL><LI>Max Depth = 60<LI>Call Chain = FL_GPIO_Init &rArr; FL_GPIO_SetPinMode
</UL>
<BR>[Calls]<UL><LI><a href="#[db]">&gt;&gt;</a>&nbsp;&nbsp;&nbsp;FL_GPIO_SetPinMode
<LI><a href="#[d9]">&gt;&gt;</a>&nbsp;&nbsp;&nbsp;FL_GPIO_EnablePinRemap
<LI><a href="#[d8]">&gt;&gt;</a>&nbsp;&nbsp;&nbsp;FL_GPIO_EnablePinPullup
<LI><a href="#[d7]">&gt;&gt;</a>&nbsp;&nbsp;&nbsp;FL_GPIO_EnablePinOpenDrain
<LI><a href="#[d6]">&gt;&gt;</a>&nbsp;&nbsp;&nbsp;FL_GPIO_EnablePinInput
<LI><a href="#[d4]">&gt;&gt;</a>&nbsp;&nbsp;&nbsp;FL_GPIO_EnablePinAnalogSwitch
<LI><a href="#[da]">&gt;&gt;</a>&nbsp;&nbsp;&nbsp;FL_GPIO_DisablePinRemap
<LI><a href="#[d2]">&gt;&gt;</a>&nbsp;&nbsp;&nbsp;FL_GPIO_DisablePinPullup
<LI><a href="#[d3]">&gt;&gt;</a>&nbsp;&nbsp;&nbsp;FL_GPIO_DisablePinOpenDrain
<LI><a href="#[d1]">&gt;&gt;</a>&nbsp;&nbsp;&nbsp;FL_GPIO_DisablePinInput
<LI><a href="#[d5]">&gt;&gt;</a>&nbsp;&nbsp;&nbsp;FL_GPIO_DisablePinAnalogSwitch
<LI><a href="#[d0]">&gt;&gt;</a>&nbsp;&nbsp;&nbsp;FL_CMU_EnableGroup1BusClock
</UL>
<BR>[Called By]<UL><LI><a href="#[1a9]">&gt;&gt;</a>&nbsp;&nbsp;&nbsp;MF_SWD_IO_Init
<LI><a href="#[1a8]">&gt;&gt;</a>&nbsp;&nbsp;&nbsp;MF_SPI2_Init
<LI><a href="#[1a7]">&gt;&gt;</a>&nbsp;&nbsp;&nbsp;MF_SPI0_Init
<LI><a href="#[1a3]">&gt;&gt;</a>&nbsp;&nbsp;&nbsp;MF_LPUART2_Init
<LI><a href="#[143]">&gt;&gt;</a>&nbsp;&nbsp;&nbsp;MF_LPUART0_Init
<LI><a href="#[19b]">&gt;&gt;</a>&nbsp;&nbsp;&nbsp;MF_GPIO_Init
<LI><a href="#[1a0]">&gt;&gt;</a>&nbsp;&nbsp;&nbsp;MF_EXTI_Line3_Init
<LI><a href="#[19f]">&gt;&gt;</a>&nbsp;&nbsp;&nbsp;MF_EXTI_Line2_Init
<LI><a href="#[19e]">&gt;&gt;</a>&nbsp;&nbsp;&nbsp;MF_EXTI_Line1_Init
<LI><a href="#[184]">&gt;&gt;</a>&nbsp;&nbsp;&nbsp;MF_ADC_Sampling_Init
</UL>

<P><STRONG><a name="[dc]"></a>FL_Init</STRONG> (Thumb, 8 bytes, Stack size 8 bytes, fm33lg0xx_fl.o(.text.FL_Init))
<BR><BR>[Stack]<UL><LI>Max Depth = 8<LI>Call Chain = FL_Init
</UL>
<BR>[Calls]<UL><LI><a href="#[dd]">&gt;&gt;</a>&nbsp;&nbsp;&nbsp;FL_DelayInit
</UL>
<BR>[Called By]<UL><LI><a href="#[46]">&gt;&gt;</a>&nbsp;&nbsp;&nbsp;main
</UL>

<P><STRONG><a name="[de]"></a>FL_LPTIM32_Init</STRONG> (Thumb, 744 bytes, Stack size 48 bytes, fm33lg0xx_fl_lptim32.o(.text.FL_LPTIM32_Init))
<BR><BR>[Stack]<UL><LI>Max Depth = 56<LI>Call Chain = FL_LPTIM32_Init &rArr; FL_LPTIM32_WriteAutoReload
</UL>
<BR>[Calls]<UL><LI><a href="#[e9]">&gt;&gt;</a>&nbsp;&nbsp;&nbsp;FL_LPTIM32_WriteAutoReload
<LI><a href="#[e3]">&gt;&gt;</a>&nbsp;&nbsp;&nbsp;FL_LPTIM32_SetPrescaler
<LI><a href="#[e4]">&gt;&gt;</a>&nbsp;&nbsp;&nbsp;FL_LPTIM32_SetOperationMode
<LI><a href="#[e8]">&gt;&gt;</a>&nbsp;&nbsp;&nbsp;FL_LPTIM32_SetOnePulseMode
<LI><a href="#[e7]">&gt;&gt;</a>&nbsp;&nbsp;&nbsp;FL_LPTIM32_SetETRTriggerEdge
<LI><a href="#[e5]">&gt;&gt;</a>&nbsp;&nbsp;&nbsp;FL_LPTIM32_SetETRCountEdge
<LI><a href="#[e2]">&gt;&gt;</a>&nbsp;&nbsp;&nbsp;FL_LPTIM32_SetClockSource
<LI><a href="#[e6]">&gt;&gt;</a>&nbsp;&nbsp;&nbsp;FL_LPTIM32_EnableETRFilter
<LI><a href="#[e1]">&gt;&gt;</a>&nbsp;&nbsp;&nbsp;FL_CMU_SetLPTIM32ClockSource
<LI><a href="#[e0]">&gt;&gt;</a>&nbsp;&nbsp;&nbsp;FL_CMU_EnableGroup3OperationClock
<LI><a href="#[df]">&gt;&gt;</a>&nbsp;&nbsp;&nbsp;FL_CMU_EnableGroup1BusClock
</UL>
<BR>[Called By]<UL><LI><a href="#[1a1]">&gt;&gt;</a>&nbsp;&nbsp;&nbsp;MF_LPTIM32_TimerBase_Init
</UL>

<P><STRONG><a name="[7f]"></a>FL_LPUART_DeInit</STRONG> (Thumb, 256 bytes, Stack size 56 bytes, fm33lg0xx_fl_lpuart.o(.text.FL_LPUART_DeInit))
<BR><BR>[Stack]<UL><LI>Max Depth = 64<LI>Call Chain = FL_LPUART_DeInit &rArr; FL_RMU_EnableResetAPBPeripheral
</UL>
<BR>[Calls]<UL><LI><a href="#[eb]">&gt;&gt;</a>&nbsp;&nbsp;&nbsp;FL_RMU_EnableResetAPBPeripheral
<LI><a href="#[ea]">&gt;&gt;</a>&nbsp;&nbsp;&nbsp;FL_RMU_EnablePeripheralReset
<LI><a href="#[ec]">&gt;&gt;</a>&nbsp;&nbsp;&nbsp;FL_RMU_DisableResetAPBPeripheral
<LI><a href="#[ef]">&gt;&gt;</a>&nbsp;&nbsp;&nbsp;FL_RMU_DisablePeripheralReset
<LI><a href="#[ed]">&gt;&gt;</a>&nbsp;&nbsp;&nbsp;FL_CMU_IsEnabledGroup3BusClock
<LI><a href="#[ee]">&gt;&gt;</a>&nbsp;&nbsp;&nbsp;FL_CMU_DisableGroup3OperationClock
</UL>
<BR>[Called By]<UL><LI><a href="#[1b7]">&gt;&gt;</a>&nbsp;&nbsp;&nbsp;UIDProcess
<LI><a href="#[8c]">&gt;&gt;</a>&nbsp;&nbsp;&nbsp;DisablePeripheral
<LI><a href="#[7e]">&gt;&gt;</a>&nbsp;&nbsp;&nbsp;DeInitPeripheral
</UL>

<P><STRONG><a name="[f0]"></a>FL_LPUART_Init</STRONG> (Thumb, 880 bytes, Stack size 72 bytes, fm33lg0xx_fl_lpuart.o(.text.FL_LPUART_Init))
<BR><BR>[Stack]<UL><LI>Max Depth = 80<LI>Call Chain = FL_LPUART_Init &rArr; FL_LPUART_WriteBitModulation
</UL>
<BR>[Calls]<UL><LI><a href="#[102]">&gt;&gt;</a>&nbsp;&nbsp;&nbsp;FL_LPUART_WriteBitModulation
<LI><a href="#[ff]">&gt;&gt;</a>&nbsp;&nbsp;&nbsp;FL_LPUART_SetStopBitsWidth
<LI><a href="#[101]">&gt;&gt;</a>&nbsp;&nbsp;&nbsp;FL_LPUART_SetParity
<LI><a href="#[100]">&gt;&gt;</a>&nbsp;&nbsp;&nbsp;FL_LPUART_SetDataWidth
<LI><a href="#[fe]">&gt;&gt;</a>&nbsp;&nbsp;&nbsp;FL_LPUART_SetBaudRate
<LI><a href="#[fb]">&gt;&gt;</a>&nbsp;&nbsp;&nbsp;FL_LPUART_IsEnabledTX
<LI><a href="#[fd]">&gt;&gt;</a>&nbsp;&nbsp;&nbsp;FL_LPUART_IsEnabledRX
<LI><a href="#[fa]">&gt;&gt;</a>&nbsp;&nbsp;&nbsp;FL_LPUART_EnableTX
<LI><a href="#[fc]">&gt;&gt;</a>&nbsp;&nbsp;&nbsp;FL_LPUART_EnableRX
<LI><a href="#[f9]">&gt;&gt;</a>&nbsp;&nbsp;&nbsp;FL_LPUART_EnableBaudRateModulation
<LI><a href="#[f8]">&gt;&gt;</a>&nbsp;&nbsp;&nbsp;FL_LPUART_DisableBaudRateModulation
<LI><a href="#[f5]">&gt;&gt;</a>&nbsp;&nbsp;&nbsp;FL_CMU_SetLPUART2ClockSource
<LI><a href="#[f4]">&gt;&gt;</a>&nbsp;&nbsp;&nbsp;FL_CMU_SetLPUART1ClockSource
<LI><a href="#[f3]">&gt;&gt;</a>&nbsp;&nbsp;&nbsp;FL_CMU_SetLPUART0ClockSource
<LI><a href="#[f6]">&gt;&gt;</a>&nbsp;&nbsp;&nbsp;FL_CMU_RCLF_SetPrescaler
<LI><a href="#[f7]">&gt;&gt;</a>&nbsp;&nbsp;&nbsp;FL_CMU_RCLF_Enable
<LI><a href="#[f2]">&gt;&gt;</a>&nbsp;&nbsp;&nbsp;FL_CMU_EnableGroup3OperationClock
<LI><a href="#[f1]">&gt;&gt;</a>&nbsp;&nbsp;&nbsp;FL_CMU_EnableGroup3BusClock
</UL>
<BR>[Called By]<UL><LI><a href="#[1a3]">&gt;&gt;</a>&nbsp;&nbsp;&nbsp;MF_LPUART2_Init
<LI><a href="#[143]">&gt;&gt;</a>&nbsp;&nbsp;&nbsp;MF_LPUART0_Init
</UL>

<P><STRONG><a name="[103]"></a>FL_NVIC_Init</STRONG> (Thumb, 68 bytes, Stack size 24 bytes, fm33lg0xx_fl.o(.text.FL_NVIC_Init))
<BR><BR>[Stack]<UL><LI>Max Depth = 48<LI>Call Chain = FL_NVIC_Init &rArr; NVIC_SetPriority
</UL>
<BR>[Calls]<UL><LI><a href="#[105]">&gt;&gt;</a>&nbsp;&nbsp;&nbsp;NVIC_SetPriority
<LI><a href="#[106]">&gt;&gt;</a>&nbsp;&nbsp;&nbsp;NVIC_EnableIRQ
<LI><a href="#[104]">&gt;&gt;</a>&nbsp;&nbsp;&nbsp;NVIC_DisableIRQ
</UL>
<BR>[Called By]<UL><LI><a href="#[1aa]">&gt;&gt;</a>&nbsp;&nbsp;&nbsp;MF_NVIC_Init
</UL>

<P><STRONG><a name="[107]"></a>FL_PMU_Sleep_Init</STRONG> (Thumb, 396 bytes, Stack size 40 bytes, fm33lg0xx_fl_pmu.o(.text.FL_PMU_Sleep_Init))
<BR><BR>[Stack]<UL><LI>Max Depth = 48<LI>Call Chain = FL_PMU_Sleep_Init &rArr; FL_PMU_SetWakeupDelay
</UL>
<BR>[Calls]<UL><LI><a href="#[108]">&gt;&gt;</a>&nbsp;&nbsp;&nbsp;FL_PMU_SetWakeupDelay
<LI><a href="#[10d]">&gt;&gt;</a>&nbsp;&nbsp;&nbsp;FL_PMU_SetSleepMode
<LI><a href="#[109]">&gt;&gt;</a>&nbsp;&nbsp;&nbsp;FL_PMU_SetRCHFWakeupFrequency
<LI><a href="#[10c]">&gt;&gt;</a>&nbsp;&nbsp;&nbsp;FL_PMU_SetLDOLowPowerMode
<LI><a href="#[10a]">&gt;&gt;</a>&nbsp;&nbsp;&nbsp;FL_PMU_EnableCoreVoltageScaling
<LI><a href="#[10b]">&gt;&gt;</a>&nbsp;&nbsp;&nbsp;FL_PMU_DisableCoreVoltageScaling
</UL>
<BR>[Called By]<UL><LI><a href="#[19c]">&gt;&gt;</a>&nbsp;&nbsp;&nbsp;MF_PMU_Init
</UL>

<P><STRONG><a name="[10e]"></a>FL_RTCA_ConfigTime</STRONG> (Thumb, 96 bytes, Stack size 16 bytes, fm33lg0xx_fl_rtca.o(.text.FL_RTCA_ConfigTime))
<BR><BR>[Stack]<UL><LI>Max Depth = 24<LI>Call Chain = FL_RTCA_ConfigTime &rArr; FL_RTCA_WriteYear
</UL>
<BR>[Calls]<UL><LI><a href="#[116]">&gt;&gt;</a>&nbsp;&nbsp;&nbsp;FL_RTCA_WriteYear
<LI><a href="#[114]">&gt;&gt;</a>&nbsp;&nbsp;&nbsp;FL_RTCA_WriteWeek
<LI><a href="#[110]">&gt;&gt;</a>&nbsp;&nbsp;&nbsp;FL_RTCA_WriteSecond
<LI><a href="#[115]">&gt;&gt;</a>&nbsp;&nbsp;&nbsp;FL_RTCA_WriteMonth
<LI><a href="#[111]">&gt;&gt;</a>&nbsp;&nbsp;&nbsp;FL_RTCA_WriteMinute
<LI><a href="#[112]">&gt;&gt;</a>&nbsp;&nbsp;&nbsp;FL_RTCA_WriteHour
<LI><a href="#[10f]">&gt;&gt;</a>&nbsp;&nbsp;&nbsp;FL_RTCA_WriteEnable
<LI><a href="#[117]">&gt;&gt;</a>&nbsp;&nbsp;&nbsp;FL_RTCA_WriteDisable
<LI><a href="#[113]">&gt;&gt;</a>&nbsp;&nbsp;&nbsp;FL_RTCA_WriteDay
</UL>
<BR>[Called By]<UL><LI><a href="#[118]">&gt;&gt;</a>&nbsp;&nbsp;&nbsp;FL_RTCA_Init
</UL>

<P><STRONG><a name="[82]"></a>FL_RTCA_DeInit</STRONG> (Thumb, 104 bytes, Stack size 8 bytes, fm33lg0xx_fl_rtca.o(.text.FL_RTCA_DeInit))
<BR><BR>[Stack]<UL><LI>Max Depth = 8<LI>Call Chain = FL_RTCA_DeInit
</UL>
<BR>[Called By]<UL><LI><a href="#[7e]">&gt;&gt;</a>&nbsp;&nbsp;&nbsp;DeInitPeripheral
</UL>

<P><STRONG><a name="[118]"></a>FL_RTCA_Init</STRONG> (Thumb, 48 bytes, Stack size 16 bytes, fm33lg0xx_fl_rtca.o(.text.FL_RTCA_Init))
<BR><BR>[Stack]<UL><LI>Max Depth = 40<LI>Call Chain = FL_RTCA_Init &rArr; FL_RTCA_ConfigTime &rArr; FL_RTCA_WriteYear
</UL>
<BR>[Calls]<UL><LI><a href="#[119]">&gt;&gt;</a>&nbsp;&nbsp;&nbsp;FL_CMU_EnableGroup1BusClock
<LI><a href="#[10e]">&gt;&gt;</a>&nbsp;&nbsp;&nbsp;FL_RTCA_ConfigTime
</UL>
<BR>[Called By]<UL><LI><a href="#[1a5]">&gt;&gt;</a>&nbsp;&nbsp;&nbsp;MF_RTCA_Init
</UL>

<P><STRONG><a name="[80]"></a>FL_SPI_DeInit</STRONG> (Thumb, 228 bytes, Stack size 48 bytes, fm33lg0xx_fl_spi.o(.text.FL_SPI_DeInit))
<BR><BR>[Stack]<UL><LI>Max Depth = 56<LI>Call Chain = FL_SPI_DeInit &rArr; FL_RMU_EnableResetAPBPeripheral
</UL>
<BR>[Calls]<UL><LI><a href="#[11b]">&gt;&gt;</a>&nbsp;&nbsp;&nbsp;FL_RMU_EnableResetAPBPeripheral
<LI><a href="#[11a]">&gt;&gt;</a>&nbsp;&nbsp;&nbsp;FL_RMU_EnablePeripheralReset
<LI><a href="#[11c]">&gt;&gt;</a>&nbsp;&nbsp;&nbsp;FL_RMU_DisableResetAPBPeripheral
<LI><a href="#[11e]">&gt;&gt;</a>&nbsp;&nbsp;&nbsp;FL_RMU_DisablePeripheralReset
<LI><a href="#[11d]">&gt;&gt;</a>&nbsp;&nbsp;&nbsp;FL_CMU_DisableGroup3BusClock
</UL>
<BR>[Called By]<UL><LI><a href="#[7e]">&gt;&gt;</a>&nbsp;&nbsp;&nbsp;DeInitPeripheral
</UL>

<P><STRONG><a name="[11f]"></a>FL_SPI_Init</STRONG> (Thumb, 652 bytes, Stack size 48 bytes, fm33lg0xx_fl_spi.o(.text.FL_SPI_Init))
<BR><BR>[Stack]<UL><LI>Max Depth = 56<LI>Call Chain = FL_SPI_Init &rArr; FL_SPI_SetWorkMode
</UL>
<BR>[Calls]<UL><LI><a href="#[123]">&gt;&gt;</a>&nbsp;&nbsp;&nbsp;FL_SPI_SetWorkMode
<LI><a href="#[128]">&gt;&gt;</a>&nbsp;&nbsp;&nbsp;FL_SPI_SetTransferMode
<LI><a href="#[126]">&gt;&gt;</a>&nbsp;&nbsp;&nbsp;FL_SPI_SetDataWidth
<LI><a href="#[129]">&gt;&gt;</a>&nbsp;&nbsp;&nbsp;FL_SPI_SetClockPolarity
<LI><a href="#[127]">&gt;&gt;</a>&nbsp;&nbsp;&nbsp;FL_SPI_SetClockPhase
<LI><a href="#[124]">&gt;&gt;</a>&nbsp;&nbsp;&nbsp;FL_SPI_SetClockDivision
<LI><a href="#[125]">&gt;&gt;</a>&nbsp;&nbsp;&nbsp;FL_SPI_SetBitOrder
<LI><a href="#[121]">&gt;&gt;</a>&nbsp;&nbsp;&nbsp;FL_SPI_EnableSSNSoftControl
<LI><a href="#[12a]">&gt;&gt;</a>&nbsp;&nbsp;&nbsp;FL_SPI_Enable
<LI><a href="#[122]">&gt;&gt;</a>&nbsp;&nbsp;&nbsp;FL_SPI_DisableSSNSoftControl
<LI><a href="#[120]">&gt;&gt;</a>&nbsp;&nbsp;&nbsp;FL_CMU_EnableGroup3BusClock
</UL>
<BR>[Called By]<UL><LI><a href="#[1a8]">&gt;&gt;</a>&nbsp;&nbsp;&nbsp;MF_SPI2_Init
<LI><a href="#[1a7]">&gt;&gt;</a>&nbsp;&nbsp;&nbsp;MF_SPI0_Init
</UL>

<P><STRONG><a name="[12b]"></a>FL_VAO_XTLF_Init</STRONG> (Thumb, 440 bytes, Stack size 32 bytes, fm33lg0xx_fl_vao.o(.text.FL_VAO_XTLF_Init))
<BR><BR>[Stack]<UL><LI>Max Depth = 40<LI>Call Chain = FL_VAO_XTLF_Init &rArr; FL_VAO_XTLF_SetWorkCurrent
</UL>
<BR>[Calls]<UL><LI><a href="#[12e]">&gt;&gt;</a>&nbsp;&nbsp;&nbsp;FL_VAO_XTLF_SetWorkCurrent
<LI><a href="#[12f]">&gt;&gt;</a>&nbsp;&nbsp;&nbsp;FL_VAO_XTLF_SetDriveLevel
<LI><a href="#[12c]">&gt;&gt;</a>&nbsp;&nbsp;&nbsp;FL_CDIF_EnableVAOToCPU
<LI><a href="#[12d]">&gt;&gt;</a>&nbsp;&nbsp;&nbsp;FL_CDIF_EnableCPUToVAO
</UL>
<BR>[Called By]<UL><LI><a href="#[186]">&gt;&gt;</a>&nbsp;&nbsp;&nbsp;MF_CMU_XTLF_Init
</UL>

<P><STRONG><a name="[72]"></a>FlagStatusClear</STRONG> (Thumb, 22 bytes, Stack size 8 bytes, control.o(.text.FlagStatusClear))
<BR><BR>[Stack]<UL><LI>Max Depth = 8<LI>Call Chain = FlagStatusClear
</UL>
<BR>[Called By]<UL><LI><a href="#[46]">&gt;&gt;</a>&nbsp;&nbsp;&nbsp;main
<LI><a href="#[1d8]">&gt;&gt;</a>&nbsp;&nbsp;&nbsp;Update_Lora
<LI><a href="#[1c0]">&gt;&gt;</a>&nbsp;&nbsp;&nbsp;StoreData
<LI><a href="#[1b5]">&gt;&gt;</a>&nbsp;&nbsp;&nbsp;ProcessPktUID
<LI><a href="#[181]">&gt;&gt;</a>&nbsp;&nbsp;&nbsp;LoraRxPrce
<LI><a href="#[170]">&gt;&gt;</a>&nbsp;&nbsp;&nbsp;GetVoltage
<LI><a href="#[15e]">&gt;&gt;</a>&nbsp;&nbsp;&nbsp;GetGsense
<LI><a href="#[14e]">&gt;&gt;</a>&nbsp;&nbsp;&nbsp;GetDryrate0
<LI><a href="#[1b7]">&gt;&gt;</a>&nbsp;&nbsp;&nbsp;UIDProcess
<LI><a href="#[76]">&gt;&gt;</a>&nbsp;&nbsp;&nbsp;ConfigWirlessModule
<LI><a href="#[1a]">&gt;&gt;</a>&nbsp;&nbsp;&nbsp;LPTIM_IRQHandler
<LI><a href="#[24]">&gt;&gt;</a>&nbsp;&nbsp;&nbsp;GPIO_IRQHandler
<LI><a href="#[71]">&gt;&gt;</a>&nbsp;&nbsp;&nbsp;CloseTask
</UL>

<P><STRONG><a name="[7b]"></a>FlagStatusIs</STRONG> (Thumb, 28 bytes, Stack size 8 bytes, control.o(.text.FlagStatusIs))
<BR><BR>[Stack]<UL><LI>Max Depth = 8<LI>Call Chain = FlagStatusIs
</UL>
<BR>[Called By]<UL><LI><a href="#[46]">&gt;&gt;</a>&nbsp;&nbsp;&nbsp;main
<LI><a href="#[1d8]">&gt;&gt;</a>&nbsp;&nbsp;&nbsp;Update_Lora
<LI><a href="#[1c9]">&gt;&gt;</a>&nbsp;&nbsp;&nbsp;SysSleep
<LI><a href="#[1c0]">&gt;&gt;</a>&nbsp;&nbsp;&nbsp;StoreData
<LI><a href="#[1b5]">&gt;&gt;</a>&nbsp;&nbsp;&nbsp;ProcessPktUID
<LI><a href="#[181]">&gt;&gt;</a>&nbsp;&nbsp;&nbsp;LoraRxPrce
<LI><a href="#[170]">&gt;&gt;</a>&nbsp;&nbsp;&nbsp;GetVoltage
<LI><a href="#[15e]">&gt;&gt;</a>&nbsp;&nbsp;&nbsp;GetGsense
<LI><a href="#[14e]">&gt;&gt;</a>&nbsp;&nbsp;&nbsp;GetDryrate0
<LI><a href="#[76]">&gt;&gt;</a>&nbsp;&nbsp;&nbsp;ConfigWirlessModule
<LI><a href="#[1a]">&gt;&gt;</a>&nbsp;&nbsp;&nbsp;LPTIM_IRQHandler
<LI><a href="#[24]">&gt;&gt;</a>&nbsp;&nbsp;&nbsp;GPIO_IRQHandler
<LI><a href="#[98]">&gt;&gt;</a>&nbsp;&nbsp;&nbsp;GetRFChan
</UL>

<P><STRONG><a name="[140]"></a>FlagStatusSet</STRONG> (Thumb, 22 bytes, Stack size 8 bytes, control.o(.text.FlagStatusSet))
<BR><BR>[Stack]<UL><LI>Max Depth = 8<LI>Call Chain = FlagStatusSet
</UL>
<BR>[Called By]<UL><LI><a href="#[89]">&gt;&gt;</a>&nbsp;&nbsp;&nbsp;lsm6dsmHiInit
<LI><a href="#[15c]">&gt;&gt;</a>&nbsp;&nbsp;&nbsp;lsm6dsmActInit
<LI><a href="#[46]">&gt;&gt;</a>&nbsp;&nbsp;&nbsp;main
<LI><a href="#[15e]">&gt;&gt;</a>&nbsp;&nbsp;&nbsp;GetGsense
<LI><a href="#[8]">&gt;&gt;</a>&nbsp;&nbsp;&nbsp;RTC_IRQHandler
<LI><a href="#[16]">&gt;&gt;</a>&nbsp;&nbsp;&nbsp;LPUARTx_IRQHandler
<LI><a href="#[1a]">&gt;&gt;</a>&nbsp;&nbsp;&nbsp;LPTIM_IRQHandler
<LI><a href="#[24]">&gt;&gt;</a>&nbsp;&nbsp;&nbsp;GPIO_IRQHandler
<LI><a href="#[1b6]">&gt;&gt;</a>&nbsp;&nbsp;&nbsp;SetSerialNo
<LI><a href="#[8a]">&gt;&gt;</a>&nbsp;&nbsp;&nbsp;OpenTask
</UL>

<P><STRONG><a name="[130]"></a>GD25Q16_Read</STRONG> (Thumb, 64 bytes, Stack size 24 bytes, gd25q_driver.o(.text.GD25Q16_Read))
<BR><BR>[Stack]<UL><LI>Max Depth = 112<LI>Call Chain = GD25Q16_Read &rArr; SPI_Flash_Read &rArr; SPIx_ReadWriteByte &rArr; FL_DelayMsStart &rArr; FL_DelayUsStart
</UL>
<BR>[Calls]<UL><LI><a href="#[131]">&gt;&gt;</a>&nbsp;&nbsp;&nbsp;SPI_Flash_Read
</UL>
<BR>[Called By]<UL><LI><a href="#[1d7]">&gt;&gt;</a>&nbsp;&nbsp;&nbsp;UID_ReadFlash
<LI><a href="#[1bf]">&gt;&gt;</a>&nbsp;&nbsp;&nbsp;ReadDevPara
<LI><a href="#[138]">&gt;&gt;</a>&nbsp;&nbsp;&nbsp;GD25QXX_Write
</UL>

<P><STRONG><a name="[132]"></a>GD25QXX_Erase_Sector</STRONG> (Thumb, 80 bytes, Stack size 24 bytes, gd25q_driver.o(.text.GD25QXX_Erase_Sector))
<BR><BR>[Stack]<UL><LI>Max Depth = 112<LI>Call Chain = GD25QXX_Erase_Sector &rArr; SPI_Flash_Wait_Busy &rArr; SPI_Flash_ReadSR &rArr; SPIx_ReadWriteByte &rArr; FL_DelayMsStart &rArr; FL_DelayUsStart
</UL>
<BR>[Calls]<UL><LI><a href="#[136]">&gt;&gt;</a>&nbsp;&nbsp;&nbsp;SPIx_ReadWriteByte
<LI><a href="#[135]">&gt;&gt;</a>&nbsp;&nbsp;&nbsp;cs
<LI><a href="#[137]">&gt;&gt;</a>&nbsp;&nbsp;&nbsp;cd
<LI><a href="#[134]">&gt;&gt;</a>&nbsp;&nbsp;&nbsp;SPI_Flash_Wait_Busy
<LI><a href="#[133]">&gt;&gt;</a>&nbsp;&nbsp;&nbsp;SPI_FLASH_Write_Enable
</UL>
<BR>[Called By]<UL><LI><a href="#[138]">&gt;&gt;</a>&nbsp;&nbsp;&nbsp;GD25QXX_Write
</UL>

<P><STRONG><a name="[138]"></a>GD25QXX_Write</STRONG> (Thumb, 324 bytes, Stack size 40 bytes, gd25q_driver.o(.text.GD25QXX_Write))
<BR><BR>[Stack]<UL><LI>Max Depth = 192<LI>Call Chain = GD25QXX_Write &rArr; GD25QXX_Write_NoCheck &rArr; SPI_Flash_Write_Page &rArr; SPI_Flash_Wait_Busy &rArr; SPI_Flash_ReadSR &rArr; SPIx_ReadWriteByte &rArr; FL_DelayMsStart &rArr; FL_DelayUsStart
</UL>
<BR>[Calls]<UL><LI><a href="#[139]">&gt;&gt;</a>&nbsp;&nbsp;&nbsp;GD25QXX_Write_NoCheck
<LI><a href="#[132]">&gt;&gt;</a>&nbsp;&nbsp;&nbsp;GD25QXX_Erase_Sector
<LI><a href="#[130]">&gt;&gt;</a>&nbsp;&nbsp;&nbsp;GD25Q16_Read
</UL>
<BR>[Called By]<UL><LI><a href="#[46]">&gt;&gt;</a>&nbsp;&nbsp;&nbsp;main
<LI><a href="#[1d3]">&gt;&gt;</a>&nbsp;&nbsp;&nbsp;UID_WriteFlash
</UL>

<P><STRONG><a name="[139]"></a>GD25QXX_Write_NoCheck</STRONG> (Thumb, 142 bytes, Stack size 32 bytes, gd25q_driver.o(.text.GD25QXX_Write_NoCheck))
<BR><BR>[Stack]<UL><LI>Max Depth = 152<LI>Call Chain = GD25QXX_Write_NoCheck &rArr; SPI_Flash_Write_Page &rArr; SPI_Flash_Wait_Busy &rArr; SPI_Flash_ReadSR &rArr; SPIx_ReadWriteByte &rArr; FL_DelayMsStart &rArr; FL_DelayUsStart
</UL>
<BR>[Calls]<UL><LI><a href="#[13a]">&gt;&gt;</a>&nbsp;&nbsp;&nbsp;SPI_Flash_Write_Page
</UL>
<BR>[Called By]<UL><LI><a href="#[138]">&gt;&gt;</a>&nbsp;&nbsp;&nbsp;GD25QXX_Write
</UL>

<P><STRONG><a name="[13b]"></a>GD25_Sleep</STRONG> (Thumb, 20 bytes, Stack size 8 bytes, gd25q_driver.o(.text.GD25_Sleep))
<BR><BR>[Stack]<UL><LI>Max Depth = 64<LI>Call Chain = GD25_Sleep &rArr; SPIx_ReadWriteByte &rArr; FL_DelayMsStart &rArr; FL_DelayUsStart
</UL>
<BR>[Calls]<UL><LI><a href="#[136]">&gt;&gt;</a>&nbsp;&nbsp;&nbsp;SPIx_ReadWriteByte
<LI><a href="#[135]">&gt;&gt;</a>&nbsp;&nbsp;&nbsp;cs
<LI><a href="#[137]">&gt;&gt;</a>&nbsp;&nbsp;&nbsp;cd
</UL>
<BR>[Called By]<UL><LI><a href="#[46]">&gt;&gt;</a>&nbsp;&nbsp;&nbsp;main
<LI><a href="#[1c0]">&gt;&gt;</a>&nbsp;&nbsp;&nbsp;StoreData
<LI><a href="#[1b7]">&gt;&gt;</a>&nbsp;&nbsp;&nbsp;UIDProcess
</UL>

<P><STRONG><a name="[13c]"></a>GD25_Wakeup</STRONG> (Thumb, 20 bytes, Stack size 8 bytes, gd25q_driver.o(.text.GD25_Wakeup))
<BR><BR>[Stack]<UL><LI>Max Depth = 64<LI>Call Chain = GD25_Wakeup &rArr; SPIx_ReadWriteByte &rArr; FL_DelayMsStart &rArr; FL_DelayUsStart
</UL>
<BR>[Calls]<UL><LI><a href="#[136]">&gt;&gt;</a>&nbsp;&nbsp;&nbsp;SPIx_ReadWriteByte
<LI><a href="#[135]">&gt;&gt;</a>&nbsp;&nbsp;&nbsp;cs
<LI><a href="#[137]">&gt;&gt;</a>&nbsp;&nbsp;&nbsp;cd
</UL>
<BR>[Called By]<UL><LI><a href="#[46]">&gt;&gt;</a>&nbsp;&nbsp;&nbsp;main
<LI><a href="#[1c0]">&gt;&gt;</a>&nbsp;&nbsp;&nbsp;StoreData
<LI><a href="#[1b7]">&gt;&gt;</a>&nbsp;&nbsp;&nbsp;UIDProcess
</UL>

<P><STRONG><a name="[24]"></a>GPIO_IRQHandler</STRONG> (Thumb, 480 bytes, Stack size 32 bytes, interrupt.o(.text.GPIO_IRQHandler))
<BR><BR>[Stack]<UL><LI>Max Depth = 192<LI>Call Chain = GPIO_IRQHandler &rArr; MF_LPUART0_Init &rArr; FL_LPUART_Init &rArr; FL_LPUART_WriteBitModulation
</UL>
<BR>[Calls]<UL><LI><a href="#[140]">&gt;&gt;</a>&nbsp;&nbsp;&nbsp;FlagStatusSet
<LI><a href="#[7b]">&gt;&gt;</a>&nbsp;&nbsp;&nbsp;FlagStatusIs
<LI><a href="#[72]">&gt;&gt;</a>&nbsp;&nbsp;&nbsp;FlagStatusClear
<LI><a href="#[144]">&gt;&gt;</a>&nbsp;&nbsp;&nbsp;MF_LPUART0_Interrupt_Init
<LI><a href="#[143]">&gt;&gt;</a>&nbsp;&nbsp;&nbsp;MF_LPUART0_Init
<LI><a href="#[141]">&gt;&gt;</a>&nbsp;&nbsp;&nbsp;FL_LPTIM32_Enable
<LI><a href="#[142]">&gt;&gt;</a>&nbsp;&nbsp;&nbsp;FL_GPIO_SetOutputPin
[...]
<BR><BR>[Stack]<UL><LI>Max Depth = 4<LI>Call Chain = FL_VREF_ClearFlag_Ready
</UL>
<BR>[Called By]<UL><LI><a href="#[a6]">&gt;&gt;</a>&nbsp;&nbsp;&nbsp;FL_ADC_Init
</UL>

<P><STRONG><a name="[aa]"></a>FL_VREF_Enable</STRONG> (Thumb, 18 bytes, Stack size 4 bytes, fm33lg0xx_fl_adc.o(.text.FL_VREF_Enable))
<BR><BR>[Stack]<UL><LI>Max Depth = 4<LI>Call Chain = FL_VREF_Enable
</UL>
<BR>[Called By]<UL><LI><a href="#[a6]">&gt;&gt;</a>&nbsp;&nbsp;&nbsp;FL_ADC_Init
</UL>

<P><STRONG><a name="[ab]"></a>FL_VREF_EnableTemperatureSensor</STRONG> (Thumb, 18 bytes, Stack size 4 bytes, fm33lg0xx_fl_adc.o(.text.FL_VREF_EnableTemperatureSensor))
<BR><BR>[Stack]<UL><LI>Max Depth = 4<LI>Call Chain = FL_VREF_EnableTemperatureSensor
</UL>
<BR>[Called By]<UL><LI><a href="#[a6]">&gt;&gt;</a>&nbsp;&nbsp;&nbsp;FL_ADC_Init
</UL>

<P><STRONG><a name="[ac]"></a>FL_VREF_IsActiveFlag_Ready</STRONG> (Thumb, 16 bytes, Stack size 4 bytes, fm33lg0xx_fl_adc.o(.text.FL_VREF_IsActiveFlag_Ready))
<BR><BR>[Stack]<UL><LI>Max Depth = 4<LI>Call Chain = FL_VREF_IsActiveFlag_Ready
</UL>
<BR>[Called By]<UL><LI><a href="#[a6]">&gt;&gt;</a>&nbsp;&nbsp;&nbsp;FL_ADC_Init
</UL>

<P><STRONG><a name="[a8]"></a>FL_VREF_IsEnabled</STRONG> (Thumb, 16 bytes, Stack size 4 bytes, fm33lg0xx_fl_adc.o(.text.FL_VREF_IsEnabled))
<BR><BR>[Stack]<UL><LI>Max Depth = 4<LI>Call Chain = FL_VREF_IsEnabled
</UL>
<BR>[Called By]<UL><LI><a href="#[a6]">&gt;&gt;</a>&nbsp;&nbsp;&nbsp;FL_ADC_Init
</UL>

<P><STRONG><a name="[11d]"></a>FL_CMU_DisableGroup3BusClock</STRONG> (Thumb, 20 bytes, Stack size 4 bytes, fm33lg0xx_fl_spi.o(.text.FL_CMU_DisableGroup3BusClock))
<BR><BR>[Stack]<UL><LI>Max Depth = 4<LI>Call Chain = FL_CMU_DisableGroup3BusClock
</UL>
<BR>[Called By]<UL><LI><a href="#[80]">&gt;&gt;</a>&nbsp;&nbsp;&nbsp;FL_SPI_DeInit
</UL>

<P><STRONG><a name="[120]"></a>FL_CMU_EnableGroup3BusClock</STRONG> (Thumb, 20 bytes, Stack size 4 bytes, fm33lg0xx_fl_spi.o(.text.FL_CMU_EnableGroup3BusClock))
<BR><BR>[Stack]<UL><LI>Max Depth = 4<LI>Call Chain = FL_CMU_EnableGroup3BusClock
</UL>
<BR>[Called By]<UL><LI><a href="#[11f]">&gt;&gt;</a>&nbsp;&nbsp;&nbsp;FL_SPI_Init
</UL>

<P><STRONG><a name="[11e]"></a>FL_RMU_DisablePeripheralReset</STRONG> (Thumb, 16 bytes, Stack size 4 bytes, fm33lg0xx_fl_spi.o(.text.FL_RMU_DisablePeripheralReset))
<BR><BR>[Stack]<UL><LI>Max Depth = 4<LI>Call Chain = FL_RMU_DisablePeripheralReset
</UL>
<BR>[Called By]<UL><LI><a href="#[80]">&gt;&gt;</a>&nbsp;&nbsp;&nbsp;FL_SPI_DeInit
</UL>

<P><STRONG><a name="[11c]"></a>FL_RMU_DisableResetAPBPeripheral</STRONG> (Thumb, 52 bytes, Stack size 8 bytes, fm33lg0xx_fl_spi.o(.text.FL_RMU_DisableResetAPBPeripheral))
<BR><BR>[Stack]<UL><LI>Max Depth = 8<LI>Call Chain = FL_RMU_DisableResetAPBPeripheral
</UL>
<BR>[Called By]<UL><LI><a href="#[80]">&gt;&gt;</a>&nbsp;&nbsp;&nbsp;FL_SPI_DeInit
</UL>

<P><STRONG><a name="[11a]"></a>FL_RMU_EnablePeripheralReset</STRONG> (Thumb, 16 bytes, Stack size 4 bytes, fm33lg0xx_fl_spi.o(.text.FL_RMU_EnablePeripheralReset))
<BR><BR>[Stack]<UL><LI>Max Depth = 4<LI>Call Chain = FL_RMU_EnablePeripheralReset
</UL>
<BR>[Called By]<UL><LI><a href="#[80]">&gt;&gt;</a>&nbsp;&nbsp;&nbsp;FL_SPI_DeInit
</UL>

<P><STRONG><a name="[11b]"></a>FL_RMU_EnableResetAPBPeripheral</STRONG> (Thumb, 52 bytes, Stack size 8 bytes, fm33lg0xx_fl_spi.o(.text.FL_RMU_EnableResetAPBPeripheral))
<BR><BR>[Stack]<UL><LI>Max Depth = 8<LI>Call Chain = FL_RMU_EnableResetAPBPeripheral
</UL>
<BR>[Called By]<UL><LI><a href="#[80]">&gt;&gt;</a>&nbsp;&nbsp;&nbsp;FL_SPI_DeInit
</UL>

<P><STRONG><a name="[122]"></a>FL_SPI_DisableSSNSoftControl</STRONG> (Thumb, 18 bytes, Stack size 4 bytes, fm33lg0xx_fl_spi.o(.text.FL_SPI_DisableSSNSoftControl))
<BR><BR>[Stack]<UL><LI>Max Depth = 4<LI>Call Chain = FL_SPI_DisableSSNSoftControl
</UL>
<BR>[Called By]<UL><LI><a href="#[11f]">&gt;&gt;</a>&nbsp;&nbsp;&nbsp;FL_SPI_Init
</UL>

<P><STRONG><a name="[12a]"></a>FL_SPI_Enable</STRONG> (Thumb, 18 bytes, Stack size 4 bytes, fm33lg0xx_fl_spi.o(.text.FL_SPI_Enable))
<BR><BR>[Stack]<UL><LI>Max Depth = 4<LI>Call Chain = FL_SPI_Enable
</UL>
<BR>[Called By]<UL><LI><a href="#[11f]">&gt;&gt;</a>&nbsp;&nbsp;&nbsp;FL_SPI_Init
</UL>

<P><STRONG><a name="[121]"></a>FL_SPI_EnableSSNSoftControl</STRONG> (Thumb, 18 bytes, Stack size 4 bytes, fm33lg0xx_fl_spi.o(.text.FL_SPI_EnableSSNSoftControl))
<BR><BR>[Stack]<UL><LI>Max Depth = 4<LI>Call Chain = FL_SPI_EnableSSNSoftControl
</UL>
<BR>[Called By]<UL><LI><a href="#[11f]">&gt;&gt;</a>&nbsp;&nbsp;&nbsp;FL_SPI_Init
</UL>

<P><STRONG><a name="[125]"></a>FL_SPI_SetBitOrder</STRONG> (Thumb, 26 bytes, Stack size 8 bytes, fm33lg0xx_fl_spi.o(.text.FL_SPI_SetBitOrder))
<BR><BR>[Stack]<UL><LI>Max Depth = 8<LI>Call Chain = FL_SPI_SetBitOrder
</UL>
<BR>[Called By]<UL><LI><a href="#[11f]">&gt;&gt;</a>&nbsp;&nbsp;&nbsp;FL_SPI_Init
</UL>

<P><STRONG><a name="[124]"></a>FL_SPI_SetClockDivision</STRONG> (Thumb, 26 bytes, Stack size 8 bytes, fm33lg0xx_fl_spi.o(.text.FL_SPI_SetClockDivision))
<BR><BR>[Stack]<UL><LI>Max Depth = 8<LI>Call Chain = FL_SPI_SetClockDivision
</UL>
<BR>[Called By]<UL><LI><a href="#[11f]">&gt;&gt;</a>&nbsp;&nbsp;&nbsp;FL_SPI_Init
</UL>

<P><STRONG><a name="[127]"></a>FL_SPI_SetClockPhase</STRONG> (Thumb, 26 bytes, Stack size 8 bytes, fm33lg0xx_fl_spi.o(.text.FL_SPI_SetClockPhase))
<BR><BR>[Stack]<UL><LI>Max Depth = 8<LI>Call Chain = FL_SPI_SetClockPhase
</UL>
<BR>[Called By]<UL><LI><a href="#[11f]">&gt;&gt;</a>&nbsp;&nbsp;&nbsp;FL_SPI_Init
</UL>

<P><STRONG><a name="[129]"></a>FL_SPI_SetClockPolarity</STRONG> (Thumb, 26 bytes, Stack size 8 bytes, fm33lg0xx_fl_spi.o(.text.FL_SPI_SetClockPolarity))
<BR><BR>[Stack]<UL><LI>Max Depth = 8<LI>Call Chain = FL_SPI_SetClockPolarity
</UL>
<BR>[Called By]<UL><LI><a href="#[11f]">&gt;&gt;</a>&nbsp;&nbsp;&nbsp;FL_SPI_Init
</UL>

<P><STRONG><a name="[126]"></a>FL_SPI_SetDataWidth</STRONG> (Thumb, 28 bytes, Stack size 8 bytes, fm33lg0xx_fl_spi.o(.text.FL_SPI_SetDataWidth))
<BR><BR>[Stack]<UL><LI>Max Depth = 8<LI>Call Chain = FL_SPI_SetDataWidth
</UL>
<BR>[Called By]<UL><LI><a href="#[11f]">&gt;&gt;</a>&nbsp;&nbsp;&nbsp;FL_SPI_Init
</UL>

<P><STRONG><a name="[128]"></a>FL_SPI_SetTransferMode</STRONG> (Thumb, 28 bytes, Stack size 8 bytes, fm33lg0xx_fl_spi.o(.text.FL_SPI_SetTransferMode))
<BR><BR>[Stack]<UL><LI>Max Depth = 8<LI>Call Chain = FL_SPI_SetTransferMode
</UL>
<BR>[Called By]<UL><LI><a href="#[11f]">&gt;&gt;</a>&nbsp;&nbsp;&nbsp;FL_SPI_Init
</UL>

<P><STRONG><a name="[123]"></a>FL_SPI_SetWorkMode</STRONG> (Thumb, 28 bytes, Stack size 8 bytes, fm33lg0xx_fl_spi.o(.text.FL_SPI_SetWorkMode))
<BR><BR>[Stack]<UL><LI>Max Depth = 8<LI>Call Chain = FL_SPI_SetWorkMode
</UL>
<BR>[Called By]<UL><LI><a href="#[11f]">&gt;&gt;</a>&nbsp;&nbsp;&nbsp;FL_SPI_Init
</UL>

<P><STRONG><a name="[12d]"></a>FL_CDIF_EnableCPUToVAO</STRONG> (Thumb, 18 bytes, Stack size 4 bytes, fm33lg0xx_fl_vao.o(.text.FL_CDIF_EnableCPUToVAO))
<BR><BR>[Stack]<UL><LI>Max Depth = 4<LI>Call Chain = FL_CDIF_EnableCPUToVAO
</UL>
<BR>[Called By]<UL><LI><a href="#[12b]">&gt;&gt;</a>&nbsp;&nbsp;&nbsp;FL_VAO_XTLF_Init
</UL>

<P><STRONG><a name="[12c]"></a>FL_CDIF_EnableVAOToCPU</STRONG> (Thumb, 18 bytes, Stack size 4 bytes, fm33lg0xx_fl_vao.o(.text.FL_CDIF_EnableVAOToCPU))
<BR><BR>[Stack]<UL><LI>Max Depth = 4<LI>Call Chain = FL_CDIF_EnableVAOToCPU
</UL>
<BR>[Called By]<UL><LI><a href="#[12b]">&gt;&gt;</a>&nbsp;&nbsp;&nbsp;FL_VAO_XTLF_Init
</UL>

<P><STRONG><a name="[12f]"></a>FL_VAO_XTLF_SetDriveLevel</STRONG> (Thumb, 28 bytes, Stack size 8 bytes, fm33lg0xx_fl_vao.o(.text.FL_VAO_XTLF_SetDriveLevel))
<BR><BR>[Stack]<UL><LI>Max Depth = 8<LI>Call Chain = FL_VAO_XTLF_SetDriveLevel
</UL>
<BR>[Called By]<UL><LI><a href="#[12b]">&gt;&gt;</a>&nbsp;&nbsp;&nbsp;FL_VAO_XTLF_Init
</UL>

<P><STRONG><a name="[12e]"></a>FL_VAO_XTLF_SetWorkCurrent</STRONG> (Thumb, 28 bytes, Stack size 8 bytes, fm33lg0xx_fl_vao.o(.text.FL_VAO_XTLF_SetWorkCurrent))
<BR><BR>[Stack]<UL><LI>Max Depth = 8<LI>Call Chain = FL_VAO_XTLF_SetWorkCurrent
</UL>
<BR>[Called By]<UL><LI><a href="#[12b]">&gt;&gt;</a>&nbsp;&nbsp;&nbsp;FL_VAO_XTLF_Init
</UL>

<P><STRONG><a name="[104]"></a>NVIC_DisableIRQ</STRONG> (Thumb, 40 bytes, Stack size 4 bytes, fm33lg0xx_fl.o(.text.NVIC_DisableIRQ))
<BR><BR>[Stack]<UL><LI>Max Depth = 4<LI>Call Chain = NVIC_DisableIRQ
</UL>
<BR>[Called By]<UL><LI><a href="#[103]">&gt;&gt;</a>&nbsp;&nbsp;&nbsp;FL_NVIC_Init
</UL>

<P><STRONG><a name="[106]"></a>NVIC_EnableIRQ</STRONG> (Thumb, 40 bytes, Stack size 4 bytes, fm33lg0xx_fl.o(.text.NVIC_EnableIRQ))
<BR><BR>[Stack]<UL><LI>Max Depth = 4<LI>Call Chain = NVIC_EnableIRQ
</UL>
<BR>[Called By]<UL><LI><a href="#[103]">&gt;&gt;</a>&nbsp;&nbsp;&nbsp;FL_NVIC_Init
</UL>

<P><STRONG><a name="[105]"></a>NVIC_SetPriority</STRONG> (Thumb, 128 bytes, Stack size 24 bytes, fm33lg0xx_fl.o(.text.NVIC_SetPriority))
<BR><BR>[Stack]<UL><LI>Max Depth = 24<LI>Call Chain = NVIC_SetPriority
</UL>
<BR>[Called By]<UL><LI><a href="#[103]">&gt;&gt;</a>&nbsp;&nbsp;&nbsp;FL_NVIC_Init
</UL>

<P><STRONG><a name="[10b]"></a>FL_PMU_DisableCoreVoltageScaling</STRONG> (Thumb, 20 bytes, Stack size 4 bytes, fm33lg0xx_fl_pmu.o(.text.FL_PMU_DisableCoreVoltageScaling))
<BR><BR>[Stack]<UL><LI>Max Depth = 4<LI>Call Chain = FL_PMU_DisableCoreVoltageScaling
</UL>
<BR>[Called By]<UL><LI><a href="#[107]">&gt;&gt;</a>&nbsp;&nbsp;&nbsp;FL_PMU_Sleep_Init
</UL>

<P><STRONG><a name="[10a]"></a>FL_PMU_EnableCoreVoltageScaling</STRONG> (Thumb, 20 bytes, Stack size 4 bytes, fm33lg0xx_fl_pmu.o(.text.FL_PMU_EnableCoreVoltageScaling))
<BR><BR>[Stack]<UL><LI>Max Depth = 4<LI>Call Chain = FL_PMU_EnableCoreVoltageScaling
</UL>
<BR>[Called By]<UL><LI><a href="#[107]">&gt;&gt;</a>&nbsp;&nbsp;&nbsp;FL_PMU_Sleep_Init
</UL>

<P><STRONG><a name="[10c]"></a>FL_PMU_SetLDOLowPowerMode</STRONG> (Thumb, 28 bytes, Stack size 8 bytes, fm33lg0xx_fl_pmu.o(.text.FL_PMU_SetLDOLowPowerMode))
<BR><BR>[Stack]<UL><LI>Max Depth = 8<LI>Call Chain = FL_PMU_SetLDOLowPowerMode
</UL>
<BR>[Called By]<UL><LI><a href="#[107]">&gt;&gt;</a>&nbsp;&nbsp;&nbsp;FL_PMU_Sleep_Init
</UL>

<P><STRONG><a name="[109]"></a>FL_PMU_SetRCHFWakeupFrequency</STRONG> (Thumb, 28 bytes, Stack size 8 bytes, fm33lg0xx_fl_pmu.o(.text.FL_PMU_SetRCHFWakeupFrequency))
<BR><BR>[Stack]<UL><LI>Max Depth = 8<LI>Call Chain = FL_PMU_SetRCHFWakeupFrequency
</UL>
<BR>[Called By]<UL><LI><a href="#[107]">&gt;&gt;</a>&nbsp;&nbsp;&nbsp;FL_PMU_Sleep_Init
</UL>

<P><STRONG><a name="[10d]"></a>FL_PMU_SetSleepMode</STRONG> (Thumb, 28 bytes, Stack size 8 bytes, fm33lg0xx_fl_pmu.o(.text.FL_PMU_SetSleepMode))
<BR><BR>[Stack]<UL><LI>Max Depth = 8<LI>Call Chain = FL_PMU_SetSleepMode
</UL>
<BR>[Called By]<UL><LI><a href="#[107]">&gt;&gt;</a>&nbsp;&nbsp;&nbsp;FL_PMU_Sleep_Init
</UL>

<P><STRONG><a name="[108]"></a>FL_PMU_SetWakeupDelay</STRONG> (Thumb, 26 bytes, Stack size 8 bytes, fm33lg0xx_fl_pmu.o(.text.FL_PMU_SetWakeupDelay))
<BR><BR>[Stack]<UL><LI>Max Depth = 8<LI>Call Chain = FL_PMU_SetWakeupDelay
</UL>
<BR>[Called By]<UL><LI><a href="#[107]">&gt;&gt;</a>&nbsp;&nbsp;&nbsp;FL_PMU_Sleep_Init
</UL>

<P><STRONG><a name="[df]"></a>FL_CMU_EnableGroup1BusClock</STRONG> (Thumb, 20 bytes, Stack size 4 bytes, fm33lg0xx_fl_lptim32.o(.text.FL_CMU_EnableGroup1BusClock))
<BR><BR>[Stack]<UL><LI>Max Depth = 4<LI>Call Chain = FL_CMU_EnableGroup1BusClock
</UL>
<BR>[Called By]<UL><LI><a href="#[de]">&gt;&gt;</a>&nbsp;&nbsp;&nbsp;FL_LPTIM32_Init
</UL>

<P><STRONG><a name="[e0]"></a>FL_CMU_EnableGroup3OperationClock</STRONG> (Thumb, 20 bytes, Stack size 4 bytes, fm33lg0xx_fl_lptim32.o(.text.FL_CMU_EnableGroup3OperationClock))
<BR><BR>[Stack]<UL><LI>Max Depth = 4<LI>Call Chain = FL_CMU_EnableGroup3OperationClock
</UL>
<BR>[Called By]<UL><LI><a href="#[de]">&gt;&gt;</a>&nbsp;&nbsp;&nbsp;FL_LPTIM32_Init
</UL>

<P><STRONG><a name="[e1]"></a>FL_CMU_SetLPTIM32ClockSource</STRONG> (Thumb, 24 bytes, Stack size 4 bytes, fm33lg0xx_fl_lptim32.o(.text.FL_CMU_SetLPTIM32ClockSource))
<BR><BR>[Stack]<UL><LI>Max Depth = 4<LI>Call Chain = FL_CMU_SetLPTIM32ClockSource
</UL>
<BR>[Called By]<UL><LI><a href="#[de]">&gt;&gt;</a>&nbsp;&nbsp;&nbsp;FL_LPTIM32_Init
</UL>

<P><STRONG><a name="[e6]"></a>FL_LPTIM32_EnableETRFilter</STRONG> (Thumb, 20 bytes, Stack size 4 bytes, fm33lg0xx_fl_lptim32.o(.text.FL_LPTIM32_EnableETRFilter))
<BR><BR>[Stack]<UL><LI>Max Depth = 4<LI>Call Chain = FL_LPTIM32_EnableETRFilter
</UL>
<BR>[Called By]<UL><LI><a href="#[de]">&gt;&gt;</a>&nbsp;&nbsp;&nbsp;FL_LPTIM32_Init
</UL>

<P><STRONG><a name="[e2]"></a>FL_LPTIM32_SetClockSource</STRONG> (Thumb, 28 bytes, Stack size 8 bytes, fm33lg0xx_fl_lptim32.o(.text.FL_LPTIM32_SetClockSource))
<BR><BR>[Stack]<UL><LI>Max Depth = 8<LI>Call Chain = FL_LPTIM32_SetClockSource
</UL>
<BR>[Called By]<UL><LI><a href="#[de]">&gt;&gt;</a>&nbsp;&nbsp;&nbsp;FL_LPTIM32_Init
</UL>

<P><STRONG><a name="[e5]"></a>FL_LPTIM32_SetETRCountEdge</STRONG> (Thumb, 26 bytes, Stack size 8 bytes, fm33lg0xx_fl_lptim32.o(.text.FL_LPTIM32_SetETRCountEdge))
<BR><BR>[Stack]<UL><LI>Max Depth = 8<LI>Call Chain = FL_LPTIM32_SetETRCountEdge
</UL>
<BR>[Called By]<UL><LI><a href="#[de]">&gt;&gt;</a>&nbsp;&nbsp;&nbsp;FL_LPTIM32_Init
</UL>

<P><STRONG><a name="[e7]"></a>FL_LPTIM32_SetETRTriggerEdge</STRONG> (Thumb, 26 bytes, Stack size 8 bytes, fm33lg0xx_fl_lptim32.o(.text.FL_LPTIM32_SetETRTriggerEdge))
<BR><BR>[Stack]<UL><LI>Max Depth = 8<LI>Call Chain = FL_LPTIM32_SetETRTriggerEdge
</UL>
<BR>[Called By]<UL><LI><a href="#[de]">&gt;&gt;</a>&nbsp;&nbsp;&nbsp;FL_LPTIM32_Init
</UL>

<P><STRONG><a name="[e8]"></a>FL_LPTIM32_SetOnePulseMode</STRONG> (Thumb, 26 bytes, Stack size 8 bytes, fm33lg0xx_fl_lptim32.o(.text.FL_LPTIM32_SetOnePulseMode))
<BR><BR>[Stack]<UL><LI>Max Depth = 8<LI>Call Chain = FL_LPTIM32_SetOnePulseMode
</UL>
<BR>[Called By]<UL><LI><a href="#[de]">&gt;&gt;</a>&nbsp;&nbsp;&nbsp;FL_LPTIM32_Init
</UL>

<P><STRONG><a name="[e4]"></a>FL_LPTIM32_SetOperationMode</STRONG> (Thumb, 26 bytes, Stack size 8 bytes, fm33lg0xx_fl_lptim32.o(.text.FL_LPTIM32_SetOperationMode))
<BR><BR>[Stack]<UL><LI>Max Depth = 8<LI>Call Chain = FL_LPTIM32_SetOperationMode
</UL>
<BR>[Called By]<UL><LI><a href="#[de]">&gt;&gt;</a>&nbsp;&nbsp;&nbsp;FL_LPTIM32_Init
</UL>

<P><STRONG><a name="[e3]"></a>FL_LPTIM32_SetPrescaler</STRONG> (Thumb, 28 bytes, Stack size 8 bytes, fm33lg0xx_fl_lptim32.o(.text.FL_LPTIM32_SetPrescaler))
<BR><BR>[Stack]<UL><LI>Max Depth = 8<LI>Call Chain = FL_LPTIM32_SetPrescaler
</UL>
<BR>[Called By]<UL><LI><a href="#[de]">&gt;&gt;</a>&nbsp;&nbsp;&nbsp;FL_LPTIM32_Init
</UL>

<P><STRONG><a name="[e9]"></a>FL_LPTIM32_WriteAutoReload</STRONG> (Thumb, 20 bytes, Stack size 8 bytes, fm33lg0xx_fl_lptim32.o(.text.FL_LPTIM32_WriteAutoReload))
<BR><BR>[Stack]<UL><LI>Max Depth = 8<LI>Call Chain = FL_LPTIM32_WriteAutoReload
</UL>
<BR>[Called By]<UL><LI><a href="#[de]">&gt;&gt;</a>&nbsp;&nbsp;&nbsp;FL_LPTIM32_Init
</UL>

<P><STRONG><a name="[d0]"></a>FL_CMU_EnableGroup1BusClock</STRONG> (Thumb, 20 bytes, Stack size 4 bytes, fm33lg0xx_fl_gpio.o(.text.FL_CMU_EnableGroup1BusClock))
<BR><BR>[Stack]<UL><LI>Max Depth = 4<LI>Call Chain = FL_CMU_EnableGroup1BusClock
</UL>
<BR>[Called By]<UL><LI><a href="#[cf]">&gt;&gt;</a>&nbsp;&nbsp;&nbsp;FL_GPIO_Init
</UL>

<P><STRONG><a name="[d5]"></a>FL_GPIO_DisablePinAnalogSwitch</STRONG> (Thumb, 28 bytes, Stack size 8 bytes, fm33lg0xx_fl_gpio.o(.text.FL_GPIO_DisablePinAnalogSwitch))
<BR><BR>[Stack]<UL><LI>Max Depth = 8<LI>Call Chain = FL_GPIO_DisablePinAnalogSwitch
</UL>
<BR>[Called By]<UL><LI><a href="#[cf]">&gt;&gt;</a>&nbsp;&nbsp;&nbsp;FL_GPIO_Init
</UL>

<P><STRONG><a name="[d1]"></a>FL_GPIO_DisablePinInput</STRONG> (Thumb, 28 bytes, Stack size 8 bytes, fm33lg0xx_fl_gpio.o(.text.FL_GPIO_DisablePinInput))
<BR><BR>[Stack]<UL><LI>Max Depth = 8<LI>Call Chain = FL_GPIO_DisablePinInput
</UL>
<BR>[Called By]<UL><LI><a href="#[cf]">&gt;&gt;</a>&nbsp;&nbsp;&nbsp;FL_GPIO_Init
</UL>

<P><STRONG><a name="[d3]"></a>FL_GPIO_DisablePinOpenDrain</STRONG> (Thumb, 28 bytes, Stack size 8 bytes, fm33lg0xx_fl_gpio.o(.text.FL_GPIO_DisablePinOpenDrain))
<BR><BR>[Stack]<UL><LI>Max Depth = 8<LI>Call Chain = FL_GPIO_DisablePinOpenDrain
</UL>
<BR>[Called By]<UL><LI><a href="#[cf]">&gt;&gt;</a>&nbsp;&nbsp;&nbsp;FL_GPIO_Init
</UL>

<P><STRONG><a name="[d2]"></a>FL_GPIO_DisablePinPullup</STRONG> (Thumb, 28 bytes, Stack size 8 bytes, fm33lg0xx_fl_gpio.o(.text.FL_GPIO_DisablePinPullup))
<BR><BR>[Stack]<UL><LI>Max Depth = 8<LI>Call Chain = FL_GPIO_DisablePinPullup
</UL>
<BR>[Called By]<UL><LI><a href="#[cf]">&gt;&gt;</a>&nbsp;&nbsp;&nbsp;FL_GPIO_Init
</UL>

<P><STRONG><a name="[da]"></a>FL_GPIO_DisablePinRemap</STRONG> (Thumb, 28 bytes, Stack size 8 bytes, fm33lg0xx_fl_gpio.o(.text.FL_GPIO_DisablePinRemap))
<BR><BR>[Stack]<UL><LI>Max Depth = 8<LI>Call Chain = FL_GPIO_DisablePinRemap
</UL>
<BR>[Called By]<UL><LI><a href="#[cf]">&gt;&gt;</a>&nbsp;&nbsp;&nbsp;FL_GPIO_Init
</UL>

<P><STRONG><a name="[d4]"></a>FL_GPIO_EnablePinAnalogSwitch</STRONG> (Thumb, 22 bytes, Stack size 8 bytes, fm33lg0xx_fl_gpio.o(.text.FL_GPIO_EnablePinAnalogSwitch))
<BR><BR>[Stack]<UL><LI>Max Depth = 8<LI>Call Chain = FL_GPIO_EnablePinAnalogSwitch
</UL>
<BR>[Called By]<UL><LI><a href="#[cf]">&gt;&gt;</a>&nbsp;&nbsp;&nbsp;FL_GPIO_Init
</UL>

<P><STRONG><a name="[d6]"></a>FL_GPIO_EnablePinInput</STRONG> (Thumb, 22 bytes, Stack size 8 bytes, fm33lg0xx_fl_gpio.o(.text.FL_GPIO_EnablePinInput))
<BR><BR>[Stack]<UL><LI>Max Depth = 8<LI>Call Chain = FL_GPIO_EnablePinInput
</UL>
<BR>[Called By]<UL><LI><a href="#[cf]">&gt;&gt;</a>&nbsp;&nbsp;&nbsp;FL_GPIO_Init
</UL>

<P><STRONG><a name="[d7]"></a>FL_GPIO_EnablePinOpenDrain</STRONG> (Thumb, 22 bytes, Stack size 8 bytes, fm33lg0xx_fl_gpio.o(.text.FL_GPIO_EnablePinOpenDrain))
<BR><BR>[Stack]<UL><LI>Max Depth = 8<LI>Call Chain = FL_GPIO_EnablePinOpenDrain
</UL>
<BR>[Called By]<UL><LI><a href="#[cf]">&gt;&gt;</a>&nbsp;&nbsp;&nbsp;FL_GPIO_Init
</UL>

<P><STRONG><a name="[d8]"></a>FL_GPIO_EnablePinPullup</STRONG> (Thumb, 22 bytes, Stack size 8 bytes, fm33lg0xx_fl_gpio.o(.text.FL_GPIO_EnablePinPullup))
<BR><BR>[Stack]<UL><LI>Max Depth = 8<LI>Call Chain = FL_GPIO_EnablePinPullup
</UL>
<BR>[Called By]<UL><LI><a href="#[cf]">&gt;&gt;</a>&nbsp;&nbsp;&nbsp;FL_GPIO_Init
</UL>

<P><STRONG><a name="[d9]"></a>FL_GPIO_EnablePinRemap</STRONG> (Thumb, 22 bytes, Stack size 8 bytes, fm33lg0xx_fl_gpio.o(.text.FL_GPIO_EnablePinRemap))
<BR><BR>[Stack]<UL><LI>Max Depth = 8<LI>Call Chain = FL_GPIO_EnablePinRemap
</UL>
<BR>[Called By]<UL><LI><a href="#[cf]">&gt;&gt;</a>&nbsp;&nbsp;&nbsp;FL_GPIO_Init
</UL>

<P><STRONG><a name="[db]"></a>FL_GPIO_SetPinMode</STRONG> (Thumb, 36 bytes, Stack size 12 bytes, fm33lg0xx_fl_gpio.o(.text.FL_GPIO_SetPinMode))
<BR><BR>[Stack]<UL><LI>Max Depth = 12<LI>Call Chain = FL_GPIO_SetPinMode
</UL>
<BR>[Called By]<UL><LI><a href="#[cf]">&gt;&gt;</a>&nbsp;&nbsp;&nbsp;FL_GPIO_Init
</UL>

<P><STRONG><a name="[54]"></a>_dadd1</STRONG> (Thumb, 290 bytes, Stack size 20 bytes, daddsub.o(.text), UNUSED)
<BR><BR>[Called By]<UL><LI><a href="#[56]">&gt;&gt;</a>&nbsp;&nbsp;&nbsp;_drsb
<LI><a href="#[55]">&gt;&gt;</a>&nbsp;&nbsp;&nbsp;_dsub
<LI><a href="#[52]">&gt;&gt;</a>&nbsp;&nbsp;&nbsp;_dadd
</UL>

<P><STRONG><a name="[53]"></a>_dsub1</STRONG> (Thumb, 470 bytes, Stack size 40 bytes, daddsub.o(.text), UNUSED)
<BR><BR>[Called By]<UL><LI><a href="#[56]">&gt;&gt;</a>&nbsp;&nbsp;&nbsp;_drsb
<LI><a href="#[55]">&gt;&gt;</a>&nbsp;&nbsp;&nbsp;_dsub
<LI><a href="#[52]">&gt;&gt;</a>&nbsp;&nbsp;&nbsp;_dadd
</UL>

<P><STRONG><a name="[20e]"></a>_fadd1</STRONG> (Thumb, 0 bytes, Stack size unknown bytes, faddsub.o(x$fpl$fadd), UNUSED)
<BR><BR>[Called By]<UL><LI><a href="#[20d]">&gt;&gt;</a>&nbsp;&nbsp;&nbsp;_fsub
</UL>

<P><STRONG><a name="[20c]"></a>_fsub1</STRONG> (Thumb, 0 bytes, Stack size unknown bytes, faddsub.o(x$fpl$fsub), UNUSED)
<BR><BR>[Called By]<UL><LI><a href="#[20b]">&gt;&gt;</a>&nbsp;&nbsp;&nbsp;_fadd
</UL>
<P>
<H3>
Undefined Global Symbols
</H3>
<P><STRONG><a name="[6b]"></a>_call_atexit_fns</STRONG> (ARM, 0 bytes, Stack size 0 bytes, UNDEFINED)
<BR><BR>[Called By]<UL><LI><a href="#[47]">&gt;&gt;</a>&nbsp;&nbsp;&nbsp;exit
</UL>
<HR></body></html>
